-- The C compiler identification is GNU 11.4.0
-- The CXX compiler identification is GNU 11.4.0
-- Detecting C compiler ABI info
-- Detecting C compiler ABI info - done
-- Check for working C compiler: /usr/bin/cc - skipped
-- Detecting C compile features
-- Detecting C compile features - done
-- Detecting CXX compiler ABI info
-- Detecting CXX compiler ABI info - done
-- Check for working CXX compiler: /usr/bin/c++ - skipped
-- Detecting CXX compile features
-- Detecting CXX compile features - done
-- Found ament_cmake: 1.3.12 (/opt/ros/humble/share/ament_cmake/cmake)
-- Found Python3: /usr/bin/python3 (found version "3.10.12") found components: Interpreter 
-- Found rclcpp: 16.0.17 (/opt/ros/humble/share/rclcpp/cmake)
-- Found rosidl_generator_c: 3.1.8 (/opt/ros/humble/share/rosidl_generator_c/cmake)
-- Found rosidl_adapter: 3.1.8 (/opt/ros/humble/share/rosidl_adapter/cmake)
-- Found rosidl_generator_cpp: 3.1.8 (/opt/ros/humble/share/rosidl_generator_cpp/cmake)
-- Using all available rosidl_typesupport_c: rosidl_typesupport_fastrtps_c;rosidl_typesupport_introspection_c
-- Using all available rosidl_typesupport_cpp: rosidl_typesupport_fastrtps_cpp;rosidl_typesupport_introspection_cpp
-- Found rmw_implementation_cmake: 6.1.2 (/opt/ros/humble/share/rmw_implementation_cmake/cmake)
-- Found rmw_fastrtps_cpp: 6.2.9 (/opt/ros/humble/share/rmw_fastrtps_cpp/cmake)
-- Found OpenSSL: /usr/lib/x86_64-linux-gnu/libcrypto.so (found version "3.0.2")  
-- Found FastRTPS: /opt/ros/humble/include  
-- Using RMW implementation 'rmw_fastrtps_cpp' as default
-- Looking for pthread.h
-- Looking for pthread.h - found
-- Performing Test CMAKE_HAVE_LIBC_PTHREAD
-- Performing Test CMAKE_HAVE_LIBC_PTHREAD - Success
-- Found Threads: TRUE  
-- Found sensor_msgs: 4.9.0 (/opt/ros/humble/share/sensor_msgs/cmake)
-- Found rosidl_default_generators: 1.2.0 (/opt/ros/humble/share/rosidl_default_generators/cmake)
-- Found ament_cmake_ros: 0.10.0 (/opt/ros/humble/share/ament_cmake_ros/cmake)
-- Using all available rosidl_typesupport_c: rosidl_typesupport_fastrtps_c;rosidl_typesupport_introspection_c
-- Using all available rosidl_typesupport_cpp: rosidl_typesupport_fastrtps_cpp;rosidl_typesupport_introspection_cpp
-- Found PythonInterp: /usr/bin/python3 (found suitable version "3.10.12", minimum required is "3.6") 
-- Found python_cmake_module: 0.10.0 (/opt/ros/humble/share/python_cmake_module/cmake)
-- Found PythonLibs: /usr/lib/x86_64-linux-gnu/libpython3.10.so (found suitable version "3.10.12", minimum required is "3.5") 
-- Using PYTHON_EXECUTABLE: /usr/bin/python3
-- Using PYTHON_INCLUDE_DIRS: /usr/include/python3.10
-- Using PYTHON_LIBRARIES: /usr/lib/x86_64-linux-gnu/libpython3.10.so
-- Found PythonExtra: .so  
-- Found ament_lint_auto: 0.12.14 (/opt/ros/humble/share/ament_lint_auto/cmake)
-- Integration tests disabled. Set IMU_ROS2_ENABLE_HW_TESTS=1 environment variable to enable
-- Added test 'lint_cmake' to check CMake code style
-- Added test 'xmllint' to check XML markup files
-- Configuring done
-- Generating done
-- Build files have been written to: /home/tudor/ROS_workspaces/adi_ros_dev/src/imu_ros2/build/adi_imu
[  1%] [34m[1mGenerating C code for ROS interfaces[0m
[  1%] [34m[1mGenerating C++ code for ROS interfaces[0m
[  1%] Built target ament_cmake_python_copy_adi_imu
running egg_info
creating adi_imu.egg-info
writing adi_imu.egg-info/PKG-INFO
writing dependency_links to adi_imu.egg-info/dependency_links.txt
writing top-level names to adi_imu.egg-info/top_level.txt
writing manifest file 'adi_imu.egg-info/SOURCES.txt'
reading manifest file 'adi_imu.egg-info/SOURCES.txt'
writing manifest file 'adi_imu.egg-info/SOURCES.txt'
[  1%] Built target ament_cmake_python_build_adi_imu_egg
[  3%] [32mBuilding C object CMakeFiles/adi_imu__rosidl_generator_c.dir/rosidl_generator_c/adi_imu/msg/detail/imu_diag_data_adis1646_x__functions.c.o[0m
[  3%] [32mBuilding C object CMakeFiles/adi_imu__rosidl_generator_c.dir/rosidl_generator_c/adi_imu/msg/detail/imu_diag_data_adis1647_x__functions.c.o[0m
[  3%] [32mBuilding C object CMakeFiles/adi_imu__rosidl_generator_c.dir/rosidl_generator_c/adi_imu/msg/detail/accel_gyro_temp_data__functions.c.o[0m
[  3%] [32mBuilding C object CMakeFiles/adi_imu__rosidl_generator_c.dir/rosidl_generator_c/adi_imu/msg/detail/imu_diag_data_adis1654_x__functions.c.o[0m
[  4%] [32mBuilding C object CMakeFiles/adi_imu__rosidl_generator_c.dir/rosidl_generator_c/adi_imu/msg/detail/imu_diag_data_adis1650_x__functions.c.o[0m
[  5%] [32mBuilding C object CMakeFiles/adi_imu__rosidl_generator_c.dir/rosidl_generator_c/adi_imu/msg/detail/imu_diag_data_adis1655_x__functions.c.o[0m
[  6%] [32mBuilding C object CMakeFiles/adi_imu__rosidl_generator_c.dir/rosidl_generator_c/adi_imu/msg/detail/imu_diag_data_adis1657_x__functions.c.o[0m
[  6%] [32mBuilding C object CMakeFiles/adi_imu__rosidl_generator_c.dir/rosidl_generator_c/adi_imu/msg/detail/imu_identification_data__functions.c.o[0m
[  8%] [32mBuilding C object CMakeFiles/adi_imu__rosidl_generator_c.dir/rosidl_generator_c/adi_imu/msg/detail/imu_full_measured_data__functions.c.o[0m
[  8%] [32mBuilding C object CMakeFiles/adi_imu__rosidl_generator_c.dir/rosidl_generator_c/adi_imu/msg/detail/vel_ang_temp_data__functions.c.o[0m
[  8%] Built target adi_imu__cpp
[  9%] [34m[1mGenerating C++ type support dispatch for ROS interfaces[0m
[ 10%] [34m[1mGenerating C++ introspection for ROS interfaces[0m
[ 10%] [34m[1mGenerating C++ type support for eProsima Fast-RTPS[0m
[ 11%] [32m[1mLinking C shared library libadi_imu__rosidl_generator_c.so[0m
[ 11%] Built target adi_imu__rosidl_generator_c
[ 13%] [34m[1mGenerating C type support for eProsima Fast-RTPS[0m
[ 13%] [34m[1mGenerating C type support dispatch for ROS interfaces[0m
[ 13%] [34m[1mGenerating C introspection for ROS interfaces[0m
[ 14%] [32mBuilding CXX object CMakeFiles/adi_imu__rosidl_typesupport_cpp.dir/rosidl_typesupport_cpp/adi_imu/msg/accel_gyro_temp_data__type_support.cpp.o[0m
[ 14%] [32mBuilding CXX object CMakeFiles/adi_imu__rosidl_typesupport_cpp.dir/rosidl_typesupport_cpp/adi_imu/msg/imu_diag_data_adis1657_x__type_support.cpp.o[0m
[ 15%] [32mBuilding CXX object CMakeFiles/adi_imu__rosidl_typesupport_cpp.dir/rosidl_typesupport_cpp/adi_imu/msg/imu_diag_data_adis1646_x__type_support.cpp.o[0m
[ 16%] [32mBuilding CXX object CMakeFiles/adi_imu__rosidl_typesupport_cpp.dir/rosidl_typesupport_cpp/adi_imu/msg/imu_full_measured_data__type_support.cpp.o[0m
[ 14%] [32mBuilding CXX object CMakeFiles/adi_imu__rosidl_typesupport_cpp.dir/rosidl_typesupport_cpp/adi_imu/msg/imu_diag_data_adis1647_x__type_support.cpp.o[0m
[ 17%] [32mBuilding CXX object CMakeFiles/adi_imu__rosidl_typesupport_cpp.dir/rosidl_typesupport_cpp/adi_imu/msg/imu_diag_data_adis1654_x__type_support.cpp.o[0m
[ 19%] [32mBuilding CXX object CMakeFiles/adi_imu__rosidl_typesupport_cpp.dir/rosidl_typesupport_cpp/adi_imu/msg/imu_diag_data_adis1655_x__type_support.cpp.o[0m
[ 19%] [32mBuilding CXX object CMakeFiles/adi_imu__rosidl_typesupport_cpp.dir/rosidl_typesupport_cpp/adi_imu/msg/imu_diag_data_adis1650_x__type_support.cpp.o[0m
[ 20%] [32mBuilding CXX object CMakeFiles/adi_imu__rosidl_typesupport_cpp.dir/rosidl_typesupport_cpp/adi_imu/msg/imu_identification_data__type_support.cpp.o[0m
[ 21%] [32mBuilding CXX object CMakeFiles/adi_imu__rosidl_typesupport_cpp.dir/rosidl_typesupport_cpp/adi_imu/msg/vel_ang_temp_data__type_support.cpp.o[0m
[ 21%] [32mBuilding CXX object CMakeFiles/adi_imu__rosidl_typesupport_introspection_cpp.dir/rosidl_typesupport_introspection_cpp/adi_imu/msg/detail/accel_gyro_temp_data__type_support.cpp.o[0m
[ 22%] [32mBuilding CXX object CMakeFiles/adi_imu__rosidl_typesupport_introspection_cpp.dir/rosidl_typesupport_introspection_cpp/adi_imu/msg/detail/imu_diag_data_adis1646_x__type_support.cpp.o[0m
[ 23%] [32mBuilding CXX object CMakeFiles/adi_imu__rosidl_typesupport_c.dir/rosidl_typesupport_c/adi_imu/msg/accel_gyro_temp_data__type_support.cpp.o[0m
[ 23%] [32mBuilding CXX object CMakeFiles/adi_imu__rosidl_typesupport_c.dir/rosidl_typesupport_c/adi_imu/msg/imu_diag_data_adis1646_x__type_support.cpp.o[0m
[ 24%] [32mBuilding CXX object CMakeFiles/adi_imu__rosidl_typesupport_c.dir/rosidl_typesupport_c/adi_imu/msg/imu_diag_data_adis1647_x__type_support.cpp.o[0m
[ 25%] [32mBuilding CXX object CMakeFiles/adi_imu__rosidl_typesupport_introspection_cpp.dir/rosidl_typesupport_introspection_cpp/adi_imu/msg/detail/imu_diag_data_adis1647_x__type_support.cpp.o[0m
[ 25%] [32mBuilding CXX object CMakeFiles/adi_imu__rosidl_typesupport_c.dir/rosidl_typesupport_c/adi_imu/msg/imu_diag_data_adis1654_x__type_support.cpp.o[0m
[ 26%] [32mBuilding CXX object CMakeFiles/adi_imu__rosidl_typesupport_c.dir/rosidl_typesupport_c/adi_imu/msg/imu_diag_data_adis1650_x__type_support.cpp.o[0m
[ 27%] [32mBuilding CXX object CMakeFiles/adi_imu__rosidl_typesupport_c.dir/rosidl_typesupport_c/adi_imu/msg/imu_diag_data_adis1655_x__type_support.cpp.o[0m
[ 28%] [32mBuilding CXX object CMakeFiles/adi_imu__rosidl_typesupport_c.dir/rosidl_typesupport_c/adi_imu/msg/imu_diag_data_adis1657_x__type_support.cpp.o[0m
[ 29%] [32mBuilding CXX object CMakeFiles/adi_imu__rosidl_typesupport_introspection_cpp.dir/rosidl_typesupport_introspection_cpp/adi_imu/msg/detail/imu_diag_data_adis1650_x__type_support.cpp.o[0m
[ 30%] [32mBuilding CXX object CMakeFiles/adi_imu__rosidl_typesupport_c.dir/rosidl_typesupport_c/adi_imu/msg/imu_full_measured_data__type_support.cpp.o[0m
[ 30%] [32mBuilding CXX object CMakeFiles/adi_imu__rosidl_typesupport_introspection_cpp.dir/rosidl_typesupport_introspection_cpp/adi_imu/msg/detail/imu_diag_data_adis1654_x__type_support.cpp.o[0m
[ 32%] [32mBuilding CXX object CMakeFiles/adi_imu__rosidl_typesupport_introspection_cpp.dir/rosidl_typesupport_introspection_cpp/adi_imu/msg/detail/imu_diag_data_adis1655_x__type_support.cpp.o[0m
[ 32%] [32mBuilding CXX object CMakeFiles/adi_imu__rosidl_typesupport_introspection_cpp.dir/rosidl_typesupport_introspection_cpp/adi_imu/msg/detail/imu_diag_data_adis1657_x__type_support.cpp.o[0m
[ 33%] [32mBuilding CXX object CMakeFiles/adi_imu__rosidl_typesupport_introspection_cpp.dir/rosidl_typesupport_introspection_cpp/adi_imu/msg/detail/imu_full_measured_data__type_support.cpp.o[0m
[ 34%] [32mBuilding CXX object CMakeFiles/adi_imu__rosidl_typesupport_fastrtps_cpp.dir/rosidl_typesupport_fastrtps_cpp/adi_imu/msg/detail/dds_fastrtps/accel_gyro_temp_data__type_support.cpp.o[0m
[ 34%] [32m[1mLinking CXX shared library libadi_imu__rosidl_typesupport_cpp.so[0m
[ 34%] [32mBuilding CXX object CMakeFiles/adi_imu__rosidl_typesupport_c.dir/rosidl_typesupport_c/adi_imu/msg/imu_identification_data__type_support.cpp.o[0m
[ 35%] [32mBuilding C object CMakeFiles/adi_imu__rosidl_typesupport_introspection_c.dir/rosidl_typesupport_introspection_c/adi_imu/msg/detail/accel_gyro_temp_data__type_support.c.o[0m
[ 35%] [32mBuilding CXX object CMakeFiles/adi_imu__rosidl_typesupport_introspection_cpp.dir/rosidl_typesupport_introspection_cpp/adi_imu/msg/detail/imu_identification_data__type_support.cpp.o[0m
[ 36%] [32mBuilding CXX object CMakeFiles/adi_imu__rosidl_typesupport_c.dir/rosidl_typesupport_c/adi_imu/msg/vel_ang_temp_data__type_support.cpp.o[0m
[ 37%] [32mBuilding C object CMakeFiles/adi_imu__rosidl_typesupport_introspection_c.dir/rosidl_typesupport_introspection_c/adi_imu/msg/detail/imu_diag_data_adis1646_x__type_support.c.o[0m
[ 38%] [32mBuilding C object CMakeFiles/adi_imu__rosidl_typesupport_introspection_c.dir/rosidl_typesupport_introspection_c/adi_imu/msg/detail/imu_diag_data_adis1647_x__type_support.c.o[0m
[ 39%] [32m[1mLinking CXX shared library libadi_imu__rosidl_typesupport_c.so[0m
[ 39%] [32mBuilding C object CMakeFiles/adi_imu__rosidl_typesupport_introspection_c.dir/rosidl_typesupport_introspection_c/adi_imu/msg/detail/imu_diag_data_adis1650_x__type_support.c.o[0m
[ 40%] [32mBuilding CXX object CMakeFiles/adi_imu__rosidl_typesupport_fastrtps_cpp.dir/rosidl_typesupport_fastrtps_cpp/adi_imu/msg/detail/dds_fastrtps/imu_diag_data_adis1647_x__type_support.cpp.o[0m
[ 41%] [32mBuilding CXX object CMakeFiles/adi_imu__rosidl_typesupport_fastrtps_cpp.dir/rosidl_typesupport_fastrtps_cpp/adi_imu/msg/detail/dds_fastrtps/imu_diag_data_adis1646_x__type_support.cpp.o[0m
[ 42%] [32mBuilding C object CMakeFiles/adi_imu__rosidl_typesupport_introspection_c.dir/rosidl_typesupport_introspection_c/adi_imu/msg/detail/imu_diag_data_adis1654_x__type_support.c.o[0m
[ 43%] [32mBuilding CXX object CMakeFiles/adi_imu__rosidl_typesupport_fastrtps_c.dir/rosidl_typesupport_fastrtps_c/adi_imu/msg/detail/accel_gyro_temp_data__type_support_c.cpp.o[0m
[ 43%] Built target adi_imu__rosidl_typesupport_cpp
[ 44%] [32mBuilding C object CMakeFiles/adi_imu__rosidl_typesupport_introspection_c.dir/rosidl_typesupport_introspection_c/adi_imu/msg/detail/imu_diag_data_adis1655_x__type_support.c.o[0m
[ 45%] [32mBuilding CXX object CMakeFiles/adi_imu_node.dir/src/accelgyrotemp_data_provider.cpp.o[0m
[ 46%] [32mBuilding CXX object CMakeFiles/adi_imu__rosidl_typesupport_introspection_cpp.dir/rosidl_typesupport_introspection_cpp/adi_imu/msg/detail/vel_ang_temp_data__type_support.cpp.o[0m
[ 46%] [32mBuilding C object CMakeFiles/adi_imu__rosidl_typesupport_introspection_c.dir/rosidl_typesupport_introspection_c/adi_imu/msg/detail/imu_diag_data_adis1657_x__type_support.c.o[0m
[ 46%] Built target adi_imu__rosidl_typesupport_c
[ 46%] [32mBuilding CXX object CMakeFiles/adi_imu_node.dir/src/accelgyrotemp_ros_publisher.cpp.o[0m
[ 46%] [32mBuilding CXX object CMakeFiles/adi_imu__rosidl_typesupport_fastrtps_cpp.dir/rosidl_typesupport_fastrtps_cpp/adi_imu/msg/detail/dds_fastrtps/imu_diag_data_adis1650_x__type_support.cpp.o[0m
[ 47%] [32mBuilding C object CMakeFiles/adi_imu__rosidl_typesupport_introspection_c.dir/rosidl_typesupport_introspection_c/adi_imu/msg/detail/imu_full_measured_data__type_support.c.o[0m
[ 48%] [32mBuilding C object CMakeFiles/adi_imu__rosidl_typesupport_introspection_c.dir/rosidl_typesupport_introspection_c/adi_imu/msg/detail/imu_identification_data__type_support.c.o[0m
[ 49%] [32mBuilding C object CMakeFiles/adi_imu__rosidl_typesupport_introspection_c.dir/rosidl_typesupport_introspection_c/adi_imu/msg/detail/vel_ang_temp_data__type_support.c.o[0m
[ 50%] [32mBuilding CXX object CMakeFiles/adi_imu__rosidl_typesupport_fastrtps_c.dir/rosidl_typesupport_fastrtps_c/adi_imu/msg/detail/imu_diag_data_adis1646_x__type_support_c.cpp.o[0m
[ 50%] [32m[1mLinking C shared library libadi_imu__rosidl_typesupport_introspection_c.so[0m
[ 51%] [32mBuilding CXX object CMakeFiles/adi_imu__rosidl_typesupport_fastrtps_cpp.dir/rosidl_typesupport_fastrtps_cpp/adi_imu/msg/detail/dds_fastrtps/imu_diag_data_adis1654_x__type_support.cpp.o[0m
[ 52%] [32mBuilding CXX object CMakeFiles/adi_imu_node.dir/src/adis1646x_register_map.cpp.o[0m
[ 53%] [32mBuilding CXX object CMakeFiles/adi_imu__rosidl_typesupport_fastrtps_cpp.dir/rosidl_typesupport_fastrtps_cpp/adi_imu/msg/detail/dds_fastrtps/imu_diag_data_adis1655_x__type_support.cpp.o[0m
[ 54%] [32mBuilding CXX object CMakeFiles/adi_imu_node.dir/src/adis1650x_register_map.cpp.o[0m
[ 54%] [32mBuilding CXX object CMakeFiles/adi_imu__rosidl_typesupport_fastrtps_c.dir/rosidl_typesupport_fastrtps_c/adi_imu/msg/detail/imu_diag_data_adis1647_x__type_support_c.cpp.o[0m
[ 55%] [32mBuilding CXX object CMakeFiles/adi_imu_node.dir/src/adis1647x_register_map.cpp.o[0m
[ 56%] [32mBuilding CXX object CMakeFiles/adi_imu__rosidl_typesupport_fastrtps_cpp.dir/rosidl_typesupport_fastrtps_cpp/adi_imu/msg/detail/dds_fastrtps/imu_diag_data_adis1657_x__type_support.cpp.o[0m
[ 56%] Built target adi_imu__rosidl_typesupport_introspection_c
[ 56%] [32mBuilding CXX object CMakeFiles/adi_imu_node.dir/src/adis1654x_register_map.cpp.o[0m
[ 57%] [32mBuilding CXX object CMakeFiles/adi_imu__rosidl_typesupport_fastrtps_cpp.dir/rosidl_typesupport_fastrtps_cpp/adi_imu/msg/detail/dds_fastrtps/imu_identification_data__type_support.cpp.o[0m
[ 57%] [32mBuilding CXX object CMakeFiles/adi_imu__rosidl_typesupport_fastrtps_cpp.dir/rosidl_typesupport_fastrtps_cpp/adi_imu/msg/detail/dds_fastrtps/imu_full_measured_data__type_support.cpp.o[0m
[ 58%] [32mBuilding CXX object CMakeFiles/adi_imu_node.dir/src/adis1655x_register_map.cpp.o[0m
[ 59%] [32m[1mLinking CXX shared library libadi_imu__rosidl_typesupport_introspection_cpp.so[0m
[ 60%] [32mBuilding CXX object CMakeFiles/adi_imu__rosidl_typesupport_fastrtps_cpp.dir/rosidl_typesupport_fastrtps_cpp/adi_imu/msg/detail/dds_fastrtps/vel_ang_temp_data__type_support.cpp.o[0m
[ 60%] Built target adi_imu__rosidl_typesupport_introspection_cpp
[ 61%] [32mBuilding CXX object CMakeFiles/adi_imu__rosidl_typesupport_fastrtps_c.dir/rosidl_typesupport_fastrtps_c/adi_imu/msg/detail/imu_diag_data_adis1650_x__type_support_c.cpp.o[0m
[ 62%] [32mBuilding CXX object CMakeFiles/adi_imu__rosidl_typesupport_fastrtps_c.dir/rosidl_typesupport_fastrtps_c/adi_imu/msg/detail/imu_diag_data_adis1654_x__type_support_c.cpp.o[0m
[ 63%] [32mBuilding CXX object CMakeFiles/adi_imu_node.dir/src/adis1657x_register_map.cpp.o[0m
[ 63%] [32mBuilding CXX object CMakeFiles/adi_imu_node.dir/src/adis_device_factory.cpp.o[0m
[ 64%] [32mBuilding CXX object CMakeFiles/adi_imu_node.dir/src/adis_register_map.cpp.o[0m
[ 64%] [32mBuilding CXX object CMakeFiles/adi_imu__rosidl_typesupport_fastrtps_c.dir/rosidl_typesupport_fastrtps_c/adi_imu/msg/detail/imu_diag_data_adis1655_x__type_support_c.cpp.o[0m
[ 65%] [32mBuilding CXX object CMakeFiles/adi_imu_node.dir/src/ewma_covariance_provider.cpp.o[0m
[ 66%] [32mBuilding CXX object CMakeFiles/adi_imu__rosidl_typesupport_fastrtps_c.dir/rosidl_typesupport_fastrtps_c/adi_imu/msg/detail/imu_diag_data_adis1657_x__type_support_c.cpp.o[0m
[ 67%] [32mBuilding CXX object CMakeFiles/adi_imu_node.dir/src/iio_wrapper.cpp.o[0m
[ 68%] [32m[1mLinking CXX shared library libadi_imu__rosidl_typesupport_fastrtps_cpp.so[0m
[ 69%] [32mBuilding CXX object CMakeFiles/adi_imu__rosidl_typesupport_fastrtps_c.dir/rosidl_typesupport_fastrtps_c/adi_imu/msg/detail/imu_full_measured_data__type_support_c.cpp.o[0m
[ 70%] [32mBuilding CXX object CMakeFiles/adi_imu__rosidl_typesupport_fastrtps_c.dir/rosidl_typesupport_fastrtps_c/adi_imu/msg/detail/imu_identification_data__type_support_c.cpp.o[0m
[ 70%] [32mBuilding CXX object CMakeFiles/adi_imu__rosidl_typesupport_fastrtps_c.dir/rosidl_typesupport_fastrtps_c/adi_imu/msg/detail/vel_ang_temp_data__type_support_c.cpp.o[0m
[ 70%] [32mBuilding CXX object CMakeFiles/adi_imu_node.dir/src/imu_control_parameters.cpp.o[0m
[ 71%] [32mBuilding CXX object CMakeFiles/adi_imu_node.dir/src/imu_covariance_factory.cpp.o[0m
[ 72%] [32mBuilding CXX object CMakeFiles/adi_imu_node.dir/src/imu_diag_data_provider.cpp.o[0m
[ 73%] [32mBuilding CXX object CMakeFiles/adi_imu_node.dir/src/imu_data_provider.cpp.o[0m
[ 73%] Built target adi_imu__rosidl_typesupport_fastrtps_cpp
[ 73%] [32mBuilding CXX object CMakeFiles/adi_imu_node.dir/src/imu_full_measured_data_provider.cpp.o[0m
[ 74%] [32mBuilding CXX object CMakeFiles/adi_imu_node.dir/src/imu_full_measured_data_ros_publisher.cpp.o[0m
[ 75%] [32mBuilding CXX object CMakeFiles/adi_imu_node.dir/src/imu_identification_data_provider.cpp.o[0m
[ 76%] [32mBuilding CXX object CMakeFiles/adi_imu_node.dir/src/imu_identification_ros_publisher.cpp.o[0m
[ 76%] [32mBuilding CXX object CMakeFiles/adi_imu_node.dir/src/imu_ros2_node.cpp.o[0m
[ 77%] [32m[1mLinking CXX shared library libadi_imu__rosidl_typesupport_fastrtps_c.so[0m
[ 78%] [32mBuilding CXX object CMakeFiles/adi_imu_node.dir/src/imu_ros_publisher.cpp.o[0m
[ 78%] Built target adi_imu__rosidl_typesupport_fastrtps_c
[ 79%] [32mBuilding CXX object CMakeFiles/adi_imu_node.dir/src/kalman_covariance_provider.cpp.o[0m
[ 79%] Built target adi_imu
[ 80%] [32mBuilding CXX object CMakeFiles/adi_imu_node.dir/src/ros_publisher_group.cpp.o[0m
[ 80%] [32mBuilding CXX object CMakeFiles/adi_imu_node.dir/src/sliding_window_covariance_provider.cpp.o[0m
[ 81%] [32mBuilding CXX object CMakeFiles/adi_imu_node.dir/src/static_covariance_provider.cpp.o[0m
[ 82%] [32mBuilding CXX object CMakeFiles/adi_imu_node.dir/src/utils/adis_device_registry.cpp.o[0m
[ 83%] [34m[1mGenerating Python code for ROS interfaces[0m
[ 84%] [32mBuilding CXX object CMakeFiles/adi_imu_node.dir/src/velangtemp_data_provider.cpp.o[0m
[ 84%] [32mBuilding CXX object CMakeFiles/adi_imu_node.dir/src/velangtemp_ros_publisher.cpp.o[0m
[ 85%] [32mBuilding CXX object CMakeFiles/adi_imu_node.dir/src/welford_covariance_provider.cpp.o[0m
[ 86%] [32mBuilding CXX object CMakeFiles/adi_imu_node.dir/src/worker_thread.cpp.o[0m
[ 86%] Built target adi_imu__py
[ 87%] [32mBuilding C object CMakeFiles/adi_imu__rosidl_generator_py.dir/rosidl_generator_py/adi_imu/msg/_accel_gyro_temp_data_s.c.o[0m
[ 87%] [32mBuilding C object CMakeFiles/adi_imu__rosidl_generator_py.dir/rosidl_generator_py/adi_imu/msg/_imu_diag_data_adis1646_x_s.c.o[0m
[ 88%] [32mBuilding C object CMakeFiles/adi_imu__rosidl_generator_py.dir/rosidl_generator_py/adi_imu/msg/_imu_diag_data_adis1654_x_s.c.o[0m
[ 89%] [32mBuilding C object CMakeFiles/adi_imu__rosidl_generator_py.dir/rosidl_generator_py/adi_imu/msg/_imu_diag_data_adis1647_x_s.c.o[0m
[ 90%] [32mBuilding C object CMakeFiles/adi_imu__rosidl_generator_py.dir/rosidl_generator_py/adi_imu/msg/_imu_diag_data_adis1657_x_s.c.o[0m
[ 91%] [32mBuilding C object CMakeFiles/adi_imu__rosidl_generator_py.dir/rosidl_generator_py/adi_imu/msg/_imu_full_measured_data_s.c.o[0m
[ 91%] [32mBuilding C object CMakeFiles/adi_imu__rosidl_generator_py.dir/rosidl_generator_py/adi_imu/msg/_imu_diag_data_adis1655_x_s.c.o[0m
[ 92%] [32mBuilding C object CMakeFiles/adi_imu__rosidl_generator_py.dir/rosidl_generator_py/adi_imu/msg/_imu_identification_data_s.c.o[0m
[ 93%] [32mBuilding C object CMakeFiles/adi_imu__rosidl_generator_py.dir/rosidl_generator_py/adi_imu/msg/_imu_diag_data_adis1650_x_s.c.o[0m
[ 93%] [32mBuilding C object CMakeFiles/adi_imu__rosidl_generator_py.dir/rosidl_generator_py/adi_imu/msg/_vel_ang_temp_data_s.c.o[0m
[ 94%] [32m[1mLinking C shared library rosidl_generator_py/adi_imu/libadi_imu__rosidl_generator_py.so[0m
[ 94%] Built target adi_imu__rosidl_generator_py
[ 97%] [32mBuilding C object CMakeFiles/adi_imu__rosidl_typesupport_c__pyext.dir/rosidl_generator_py/adi_imu/_adi_imu_s.ep.rosidl_typesupport_c.c.o[0m
[ 97%] [32mBuilding C object CMakeFiles/adi_imu__rosidl_typesupport_introspection_c__pyext.dir/rosidl_generator_py/adi_imu/_adi_imu_s.ep.rosidl_typesupport_introspection_c.c.o[0m
[ 97%] [32mBuilding C object CMakeFiles/adi_imu__rosidl_typesupport_fastrtps_c__pyext.dir/rosidl_generator_py/adi_imu/_adi_imu_s.ep.rosidl_typesupport_fastrtps_c.c.o[0m
[ 98%] [32m[1mLinking C shared library rosidl_generator_py/adi_imu/adi_imu_s__rosidl_typesupport_fastrtps_c.cpython-310-x86_64-linux-gnu.so[0m
[ 99%] [32m[1mLinking C shared library rosidl_generator_py/adi_imu/adi_imu_s__rosidl_typesupport_introspection_c.cpython-310-x86_64-linux-gnu.so[0m
[ 99%] [32m[1mLinking C shared library rosidl_generator_py/adi_imu/adi_imu_s__rosidl_typesupport_c.cpython-310-x86_64-linux-gnu.so[0m
[ 99%] Built target adi_imu__rosidl_typesupport_c__pyext
[ 99%] Built target adi_imu__rosidl_typesupport_fastrtps_c__pyext
[ 99%] Built target adi_imu__rosidl_typesupport_introspection_c__pyext
[100%] [32m[1mLinking CXX executable adi_imu_node[0m
[100%] Built target adi_imu_node
-- Install configuration: ""
-- Installing: /home/tudor/ROS_workspaces/adi_ros_dev/src/imu_ros2/install/adi_imu/lib/adi_imu/adi_imu_node
-- Set runtime path of "/home/tudor/ROS_workspaces/adi_ros_dev/src/imu_ros2/install/adi_imu/lib/adi_imu/adi_imu_node" to ""
-- Installing: /home/tudor/ROS_workspaces/adi_ros_dev/src/imu_ros2/install/adi_imu/share/ament_index/resource_index/rosidl_interfaces/adi_imu
-- Installing: /home/tudor/ROS_workspaces/adi_ros_dev/src/imu_ros2/install/adi_imu/include/adi_imu/adi_imu
-- Installing: /home/tudor/ROS_workspaces/adi_ros_dev/src/imu_ros2/install/adi_imu/include/adi_imu/adi_imu/msg
-- Installing: /home/tudor/ROS_workspaces/adi_ros_dev/src/imu_ros2/install/adi_imu/include/adi_imu/adi_imu/msg/imu_diag_data_adis1655_x.h
-- Installing: /home/tudor/ROS_workspaces/adi_ros_dev/src/imu_ros2/install/adi_imu/include/adi_imu/adi_imu/msg/imu_identification_data.h
-- Installing: /home/tudor/ROS_workspaces/adi_ros_dev/src/imu_ros2/install/adi_imu/include/adi_imu/adi_imu/msg/imu_diag_data_adis1647_x.h
-- Installing: /home/tudor/ROS_workspaces/adi_ros_dev/src/imu_ros2/install/adi_imu/include/adi_imu/adi_imu/msg/imu_diag_data_adis1650_x.h
-- Installing: /home/tudor/ROS_workspaces/adi_ros_dev/src/imu_ros2/install/adi_imu/include/adi_imu/adi_imu/msg/rosidl_generator_c__visibility_control.h
-- Installing: /home/tudor/ROS_workspaces/adi_ros_dev/src/imu_ros2/install/adi_imu/include/adi_imu/adi_imu/msg/detail
-- Installing: /home/tudor/ROS_workspaces/adi_ros_dev/src/imu_ros2/install/adi_imu/include/adi_imu/adi_imu/msg/detail/imu_diag_data_adis1655_x__struct.h
-- Installing: /home/tudor/ROS_workspaces/adi_ros_dev/src/imu_ros2/install/adi_imu/include/adi_imu/adi_imu/msg/detail/imu_diag_data_adis1646_x__functions.c
-- Installing: /home/tudor/ROS_workspaces/adi_ros_dev/src/imu_ros2/install/adi_imu/include/adi_imu/adi_imu/msg/detail/imu_diag_data_adis1655_x__type_support.h
-- Installing: /home/tudor/ROS_workspaces/adi_ros_dev/src/imu_ros2/install/adi_imu/include/adi_imu/adi_imu/msg/detail/vel_ang_temp_data__functions.c
-- Installing: /home/tudor/ROS_workspaces/adi_ros_dev/src/imu_ros2/install/adi_imu/include/adi_imu/adi_imu/msg/detail/imu_identification_data__functions.c
-- Installing: /home/tudor/ROS_workspaces/adi_ros_dev/src/imu_ros2/install/adi_imu/include/adi_imu/adi_imu/msg/detail/imu_diag_data_adis1646_x__type_support.h
-- Installing: /home/tudor/ROS_workspaces/adi_ros_dev/src/imu_ros2/install/adi_imu/include/adi_imu/adi_imu/msg/detail/imu_diag_data_adis1654_x__functions.h
-- Installing: /home/tudor/ROS_workspaces/adi_ros_dev/src/imu_ros2/install/adi_imu/include/adi_imu/adi_imu/msg/detail/imu_diag_data_adis1647_x__struct.h
-- Installing: /home/tudor/ROS_workspaces/adi_ros_dev/src/imu_ros2/install/adi_imu/include/adi_imu/adi_imu/msg/detail/imu_full_measured_data__type_support.h
-- Installing: /home/tudor/ROS_workspaces/adi_ros_dev/src/imu_ros2/install/adi_imu/include/adi_imu/adi_imu/msg/detail/vel_ang_temp_data__struct.h
-- Installing: /home/tudor/ROS_workspaces/adi_ros_dev/src/imu_ros2/install/adi_imu/include/adi_imu/adi_imu/msg/detail/imu_identification_data__functions.h
-- Installing: /home/tudor/ROS_workspaces/adi_ros_dev/src/imu_ros2/install/adi_imu/include/adi_imu/adi_imu/msg/detail/imu_diag_data_adis1657_x__functions.c
-- Installing: /home/tudor/ROS_workspaces/adi_ros_dev/src/imu_ros2/install/adi_imu/include/adi_imu/adi_imu/msg/detail/imu_diag_data_adis1654_x__functions.c
-- Installing: /home/tudor/ROS_workspaces/adi_ros_dev/src/imu_ros2/install/adi_imu/include/adi_imu/adi_imu/msg/detail/imu_diag_data_adis1650_x__struct.h
-- Installing: /home/tudor/ROS_workspaces/adi_ros_dev/src/imu_ros2/install/adi_imu/include/adi_imu/adi_imu/msg/detail/imu_diag_data_adis1647_x__type_support.h
-- Installing: /home/tudor/ROS_workspaces/adi_ros_dev/src/imu_ros2/install/adi_imu/include/adi_imu/adi_imu/msg/detail/imu_diag_data_adis1647_x__functions.c
-- Installing: /home/tudor/ROS_workspaces/adi_ros_dev/src/imu_ros2/install/adi_imu/include/adi_imu/adi_imu/msg/detail/imu_identification_data__type_support.h
-- Installing: /home/tudor/ROS_workspaces/adi_ros_dev/src/imu_ros2/install/adi_imu/include/adi_imu/adi_imu/msg/detail/vel_ang_temp_data__functions.h
-- Installing: /home/tudor/ROS_workspaces/adi_ros_dev/src/imu_ros2/install/adi_imu/include/adi_imu/adi_imu/msg/detail/accel_gyro_temp_data__functions.h
-- Installing: /home/tudor/ROS_workspaces/adi_ros_dev/src/imu_ros2/install/adi_imu/include/adi_imu/adi_imu/msg/detail/imu_diag_data_adis1650_x__functions.h
-- Installing: /home/tudor/ROS_workspaces/adi_ros_dev/src/imu_ros2/install/adi_imu/include/adi_imu/adi_imu/msg/detail/imu_diag_data_adis1657_x__type_support.h
-- Installing: /home/tudor/ROS_workspaces/adi_ros_dev/src/imu_ros2/install/adi_imu/include/adi_imu/adi_imu/msg/detail/accel_gyro_temp_data__type_support.h
-- Installing: /home/tudor/ROS_workspaces/adi_ros_dev/src/imu_ros2/install/adi_imu/include/adi_imu/adi_imu/msg/detail/imu_diag_data_adis1647_x__functions.h
-- Installing: /home/tudor/ROS_workspaces/adi_ros_dev/src/imu_ros2/install/adi_imu/include/adi_imu/adi_imu/msg/detail/imu_diag_data_adis1654_x__struct.h
-- Installing: /home/tudor/ROS_workspaces/adi_ros_dev/src/imu_ros2/install/adi_imu/include/adi_imu/adi_imu/msg/detail/imu_full_measured_data__functions.c
-- Installing: /home/tudor/ROS_workspaces/adi_ros_dev/src/imu_ros2/install/adi_imu/include/adi_imu/adi_imu/msg/detail/imu_diag_data_adis1655_x__functions.c
-- Installing: /home/tudor/ROS_workspaces/adi_ros_dev/src/imu_ros2/install/adi_imu/include/adi_imu/adi_imu/msg/detail/vel_ang_temp_data__type_support.h
-- Installing: /home/tudor/ROS_workspaces/adi_ros_dev/src/imu_ros2/install/adi_imu/include/adi_imu/adi_imu/msg/detail/accel_gyro_temp_data__struct.h
-- Installing: /home/tudor/ROS_workspaces/adi_ros_dev/src/imu_ros2/install/adi_imu/include/adi_imu/adi_imu/msg/detail/imu_diag_data_adis1650_x__type_support.h
-- Installing: /home/tudor/ROS_workspaces/adi_ros_dev/src/imu_ros2/install/adi_imu/include/adi_imu/adi_imu/msg/detail/imu_identification_data__struct.h
-- Installing: /home/tudor/ROS_workspaces/adi_ros_dev/src/imu_ros2/install/adi_imu/include/adi_imu/adi_imu/msg/detail/imu_diag_data_adis1655_x__functions.h
-- Installing: /home/tudor/ROS_workspaces/adi_ros_dev/src/imu_ros2/install/adi_imu/include/adi_imu/adi_imu/msg/detail/imu_diag_data_adis1646_x__struct.h
-- Installing: /home/tudor/ROS_workspaces/adi_ros_dev/src/imu_ros2/install/adi_imu/include/adi_imu/adi_imu/msg/detail/imu_diag_data_adis1657_x__struct.h
-- Installing: /home/tudor/ROS_workspaces/adi_ros_dev/src/imu_ros2/install/adi_imu/include/adi_imu/adi_imu/msg/detail/imu_full_measured_data__struct.h
-- Installing: /home/tudor/ROS_workspaces/adi_ros_dev/src/imu_ros2/install/adi_imu/include/adi_imu/adi_imu/msg/detail/imu_diag_data_adis1654_x__type_support.h
-- Installing: /home/tudor/ROS_workspaces/adi_ros_dev/src/imu_ros2/install/adi_imu/include/adi_imu/adi_imu/msg/detail/imu_diag_data_adis1646_x__functions.h
-- Installing: /home/tudor/ROS_workspaces/adi_ros_dev/src/imu_ros2/install/adi_imu/include/adi_imu/adi_imu/msg/detail/accel_gyro_temp_data__functions.c
-- Installing: /home/tudor/ROS_workspaces/adi_ros_dev/src/imu_ros2/install/adi_imu/include/adi_imu/adi_imu/msg/detail/imu_diag_data_adis1650_x__functions.c
-- Installing: /home/tudor/ROS_workspaces/adi_ros_dev/src/imu_ros2/install/adi_imu/include/adi_imu/adi_imu/msg/detail/imu_diag_data_adis1657_x__functions.h
-- Installing: /home/tudor/ROS_workspaces/adi_ros_dev/src/imu_ros2/install/adi_imu/include/adi_imu/adi_imu/msg/detail/imu_full_measured_data__functions.h
-- Installing: /home/tudor/ROS_workspaces/adi_ros_dev/src/imu_ros2/install/adi_imu/include/adi_imu/adi_imu/msg/accel_gyro_temp_data.h
-- Installing: /home/tudor/ROS_workspaces/adi_ros_dev/src/imu_ros2/install/adi_imu/include/adi_imu/adi_imu/msg/vel_ang_temp_data.h
-- Installing: /home/tudor/ROS_workspaces/adi_ros_dev/src/imu_ros2/install/adi_imu/include/adi_imu/adi_imu/msg/imu_diag_data_adis1654_x.h
-- Installing: /home/tudor/ROS_workspaces/adi_ros_dev/src/imu_ros2/install/adi_imu/include/adi_imu/adi_imu/msg/imu_diag_data_adis1657_x.h
-- Installing: /home/tudor/ROS_workspaces/adi_ros_dev/src/imu_ros2/install/adi_imu/include/adi_imu/adi_imu/msg/imu_full_measured_data.h
-- Installing: /home/tudor/ROS_workspaces/adi_ros_dev/src/imu_ros2/install/adi_imu/include/adi_imu/adi_imu/msg/imu_diag_data_adis1646_x.h
-- Installing: /home/tudor/ROS_workspaces/adi_ros_dev/src/imu_ros2/install/adi_imu/share/adi_imu/environment/library_path.sh
-- Installing: /home/tudor/ROS_workspaces/adi_ros_dev/src/imu_ros2/install/adi_imu/share/adi_imu/environment/library_path.dsv
-- Installing: /home/tudor/ROS_workspaces/adi_ros_dev/src/imu_ros2/install/adi_imu/lib/libadi_imu__rosidl_generator_c.so
-- Set runtime path of "/home/tudor/ROS_workspaces/adi_ros_dev/src/imu_ros2/install/adi_imu/lib/libadi_imu__rosidl_generator_c.so" to ""
-- Up-to-date: /home/tudor/ROS_workspaces/adi_ros_dev/src/imu_ros2/install/adi_imu/include/adi_imu/adi_imu
-- Up-to-date: /home/tudor/ROS_workspaces/adi_ros_dev/src/imu_ros2/install/adi_imu/include/adi_imu/adi_imu/msg
-- Installing: /home/tudor/ROS_workspaces/adi_ros_dev/src/imu_ros2/install/adi_imu/include/adi_imu/adi_imu/msg/rosidl_typesupport_fastrtps_c__visibility_control.h
-- Up-to-date: /home/tudor/ROS_workspaces/adi_ros_dev/src/imu_ros2/install/adi_imu/include/adi_imu/adi_imu/msg/detail
-- Installing: /home/tudor/ROS_workspaces/adi_ros_dev/src/imu_ros2/install/adi_imu/include/adi_imu/adi_imu/msg/detail/imu_diag_data_adis1650_x__rosidl_typesupport_fastrtps_c.h
-- Installing: /home/tudor/ROS_workspaces/adi_ros_dev/src/imu_ros2/install/adi_imu/include/adi_imu/adi_imu/msg/detail/imu_diag_data_adis1657_x__rosidl_typesupport_fastrtps_c.h
-- Installing: /home/tudor/ROS_workspaces/adi_ros_dev/src/imu_ros2/install/adi_imu/include/adi_imu/adi_imu/msg/detail/imu_diag_data_adis1655_x__rosidl_typesupport_fastrtps_c.h
-- Installing: /home/tudor/ROS_workspaces/adi_ros_dev/src/imu_ros2/install/adi_imu/include/adi_imu/adi_imu/msg/detail/imu_diag_data_adis1646_x__rosidl_typesupport_fastrtps_c.h
-- Installing: /home/tudor/ROS_workspaces/adi_ros_dev/src/imu_ros2/install/adi_imu/include/adi_imu/adi_imu/msg/detail/imu_full_measured_data__rosidl_typesupport_fastrtps_c.h
-- Installing: /home/tudor/ROS_workspaces/adi_ros_dev/src/imu_ros2/install/adi_imu/include/adi_imu/adi_imu/msg/detail/vel_ang_temp_data__rosidl_typesupport_fastrtps_c.h
-- Installing: /home/tudor/ROS_workspaces/adi_ros_dev/src/imu_ros2/install/adi_imu/include/adi_imu/adi_imu/msg/detail/imu_diag_data_adis1647_x__rosidl_typesupport_fastrtps_c.h
-- Installing: /home/tudor/ROS_workspaces/adi_ros_dev/src/imu_ros2/install/adi_imu/include/adi_imu/adi_imu/msg/detail/accel_gyro_temp_data__rosidl_typesupport_fastrtps_c.h
-- Installing: /home/tudor/ROS_workspaces/adi_ros_dev/src/imu_ros2/install/adi_imu/include/adi_imu/adi_imu/msg/detail/imu_identification_data__rosidl_typesupport_fastrtps_c.h
-- Installing: /home/tudor/ROS_workspaces/adi_ros_dev/src/imu_ros2/install/adi_imu/include/adi_imu/adi_imu/msg/detail/imu_diag_data_adis1654_x__rosidl_typesupport_fastrtps_c.h
-- Installing: /home/tudor/ROS_workspaces/adi_ros_dev/src/imu_ros2/install/adi_imu/lib/libadi_imu__rosidl_typesupport_fastrtps_c.so
-- Set runtime path of "/home/tudor/ROS_workspaces/adi_ros_dev/src/imu_ros2/install/adi_imu/lib/libadi_imu__rosidl_typesupport_fastrtps_c.so" to ""
-- Up-to-date: /home/tudor/ROS_workspaces/adi_ros_dev/src/imu_ros2/install/adi_imu/include/adi_imu/adi_imu
-- Up-to-date: /home/tudor/ROS_workspaces/adi_ros_dev/src/imu_ros2/install/adi_imu/include/adi_imu/adi_imu/msg
-- Installing: /home/tudor/ROS_workspaces/adi_ros_dev/src/imu_ros2/install/adi_imu/include/adi_imu/adi_imu/msg/imu_identification_data.hpp
-- Installing: /home/tudor/ROS_workspaces/adi_ros_dev/src/imu_ros2/install/adi_imu/include/adi_imu/adi_imu/msg/imu_diag_data_adis1655_x.hpp
-- Installing: /home/tudor/ROS_workspaces/adi_ros_dev/src/imu_ros2/install/adi_imu/include/adi_imu/adi_imu/msg/accel_gyro_temp_data.hpp
-- Installing: /home/tudor/ROS_workspaces/adi_ros_dev/src/imu_ros2/install/adi_imu/include/adi_imu/adi_imu/msg/imu_diag_data_adis1646_x.hpp
-- Installing: /home/tudor/ROS_workspaces/adi_ros_dev/src/imu_ros2/install/adi_imu/include/adi_imu/adi_imu/msg/imu_diag_data_adis1647_x.hpp
-- Installing: /home/tudor/ROS_workspaces/adi_ros_dev/src/imu_ros2/install/adi_imu/include/adi_imu/adi_imu/msg/rosidl_generator_cpp__visibility_control.hpp
-- Installing: /home/tudor/ROS_workspaces/adi_ros_dev/src/imu_ros2/install/adi_imu/include/adi_imu/adi_imu/msg/imu_diag_data_adis1650_x.hpp
-- Installing: /home/tudor/ROS_workspaces/adi_ros_dev/src/imu_ros2/install/adi_imu/include/adi_imu/adi_imu/msg/imu_diag_data_adis1657_x.hpp
-- Up-to-date: /home/tudor/ROS_workspaces/adi_ros_dev/src/imu_ros2/install/adi_imu/include/adi_imu/adi_imu/msg/detail
-- Installing: /home/tudor/ROS_workspaces/adi_ros_dev/src/imu_ros2/install/adi_imu/include/adi_imu/adi_imu/msg/detail/accel_gyro_temp_data__traits.hpp
-- Installing: /home/tudor/ROS_workspaces/adi_ros_dev/src/imu_ros2/install/adi_imu/include/adi_imu/adi_imu/msg/detail/imu_diag_data_adis1657_x__builder.hpp
-- Installing: /home/tudor/ROS_workspaces/adi_ros_dev/src/imu_ros2/install/adi_imu/include/adi_imu/adi_imu/msg/detail/imu_diag_data_adis1650_x__type_support.hpp
-- Installing: /home/tudor/ROS_workspaces/adi_ros_dev/src/imu_ros2/install/adi_imu/include/adi_imu/adi_imu/msg/detail/imu_diag_data_adis1647_x__traits.hpp
-- Installing: /home/tudor/ROS_workspaces/adi_ros_dev/src/imu_ros2/install/adi_imu/include/adi_imu/adi_imu/msg/detail/imu_diag_data_adis1650_x__struct.hpp
-- Installing: /home/tudor/ROS_workspaces/adi_ros_dev/src/imu_ros2/install/adi_imu/include/adi_imu/adi_imu/msg/detail/imu_diag_data_adis1654_x__type_support.hpp
-- Installing: /home/tudor/ROS_workspaces/adi_ros_dev/src/imu_ros2/install/adi_imu/include/adi_imu/adi_imu/msg/detail/imu_diag_data_adis1646_x__traits.hpp
-- Installing: /home/tudor/ROS_workspaces/adi_ros_dev/src/imu_ros2/install/adi_imu/include/adi_imu/adi_imu/msg/detail/imu_full_measured_data__builder.hpp
-- Installing: /home/tudor/ROS_workspaces/adi_ros_dev/src/imu_ros2/install/adi_imu/include/adi_imu/adi_imu/msg/detail/imu_diag_data_adis1647_x__struct.hpp
-- Installing: /home/tudor/ROS_workspaces/adi_ros_dev/src/imu_ros2/install/adi_imu/include/adi_imu/adi_imu/msg/detail/vel_ang_temp_data__builder.hpp
-- Installing: /home/tudor/ROS_workspaces/adi_ros_dev/src/imu_ros2/install/adi_imu/include/adi_imu/adi_imu/msg/detail/imu_diag_data_adis1647_x__builder.hpp
-- Installing: /home/tudor/ROS_workspaces/adi_ros_dev/src/imu_ros2/install/adi_imu/include/adi_imu/adi_imu/msg/detail/vel_ang_temp_data__type_support.hpp
-- Installing: /home/tudor/ROS_workspaces/adi_ros_dev/src/imu_ros2/install/adi_imu/include/adi_imu/adi_imu/msg/detail/accel_gyro_temp_data__builder.hpp
-- Installing: /home/tudor/ROS_workspaces/adi_ros_dev/src/imu_ros2/install/adi_imu/include/adi_imu/adi_imu/msg/detail/imu_diag_data_adis1657_x__traits.hpp
-- Installing: /home/tudor/ROS_workspaces/adi_ros_dev/src/imu_ros2/install/adi_imu/include/adi_imu/adi_imu/msg/detail/imu_diag_data_adis1646_x__struct.hpp
-- Installing: /home/tudor/ROS_workspaces/adi_ros_dev/src/imu_ros2/install/adi_imu/include/adi_imu/adi_imu/msg/detail/imu_diag_data_adis1654_x__struct.hpp
-- Installing: /home/tudor/ROS_workspaces/adi_ros_dev/src/imu_ros2/install/adi_imu/include/adi_imu/adi_imu/msg/detail/imu_diag_data_adis1650_x__builder.hpp
-- Installing: /home/tudor/ROS_workspaces/adi_ros_dev/src/imu_ros2/install/adi_imu/include/adi_imu/adi_imu/msg/detail/imu_diag_data_adis1655_x__traits.hpp
-- Installing: /home/tudor/ROS_workspaces/adi_ros_dev/src/imu_ros2/install/adi_imu/include/adi_imu/adi_imu/msg/detail/accel_gyro_temp_data__struct.hpp
-- Installing: /home/tudor/ROS_workspaces/adi_ros_dev/src/imu_ros2/install/adi_imu/include/adi_imu/adi_imu/msg/detail/imu_diag_data_adis1655_x__type_support.hpp
-- Installing: /home/tudor/ROS_workspaces/adi_ros_dev/src/imu_ros2/install/adi_imu/include/adi_imu/adi_imu/msg/detail/imu_diag_data_adis1646_x__type_support.hpp
-- Installing: /home/tudor/ROS_workspaces/adi_ros_dev/src/imu_ros2/install/adi_imu/include/adi_imu/adi_imu/msg/detail/imu_diag_data_adis1647_x__type_support.hpp
-- Installing: /home/tudor/ROS_workspaces/adi_ros_dev/src/imu_ros2/install/adi_imu/include/adi_imu/adi_imu/msg/detail/imu_identification_data__traits.hpp
-- Installing: /home/tudor/ROS_workspaces/adi_ros_dev/src/imu_ros2/install/adi_imu/include/adi_imu/adi_imu/msg/detail/imu_diag_data_adis1646_x__builder.hpp
-- Installing: /home/tudor/ROS_workspaces/adi_ros_dev/src/imu_ros2/install/adi_imu/include/adi_imu/adi_imu/msg/detail/imu_identification_data__type_support.hpp
-- Installing: /home/tudor/ROS_workspaces/adi_ros_dev/src/imu_ros2/install/adi_imu/include/adi_imu/adi_imu/msg/detail/imu_diag_data_adis1654_x__traits.hpp
-- Installing: /home/tudor/ROS_workspaces/adi_ros_dev/src/imu_ros2/install/adi_imu/include/adi_imu/adi_imu/msg/detail/imu_full_measured_data__traits.hpp
-- Installing: /home/tudor/ROS_workspaces/adi_ros_dev/src/imu_ros2/install/adi_imu/include/adi_imu/adi_imu/msg/detail/imu_full_measured_data__type_support.hpp
-- Installing: /home/tudor/ROS_workspaces/adi_ros_dev/src/imu_ros2/install/adi_imu/include/adi_imu/adi_imu/msg/detail/vel_ang_temp_data__struct.hpp
-- Installing: /home/tudor/ROS_workspaces/adi_ros_dev/src/imu_ros2/install/adi_imu/include/adi_imu/adi_imu/msg/detail/imu_diag_data_adis1650_x__traits.hpp
-- Installing: /home/tudor/ROS_workspaces/adi_ros_dev/src/imu_ros2/install/adi_imu/include/adi_imu/adi_imu/msg/detail/imu_diag_data_adis1657_x__struct.hpp
-- Installing: /home/tudor/ROS_workspaces/adi_ros_dev/src/imu_ros2/install/adi_imu/include/adi_imu/adi_imu/msg/detail/vel_ang_temp_data__traits.hpp
-- Installing: /home/tudor/ROS_workspaces/adi_ros_dev/src/imu_ros2/install/adi_imu/include/adi_imu/adi_imu/msg/detail/imu_diag_data_adis1655_x__struct.hpp
-- Installing: /home/tudor/ROS_workspaces/adi_ros_dev/src/imu_ros2/install/adi_imu/include/adi_imu/adi_imu/msg/detail/imu_diag_data_adis1654_x__builder.hpp
-- Installing: /home/tudor/ROS_workspaces/adi_ros_dev/src/imu_ros2/install/adi_imu/include/adi_imu/adi_imu/msg/detail/imu_identification_data__struct.hpp
-- Installing: /home/tudor/ROS_workspaces/adi_ros_dev/src/imu_ros2/install/adi_imu/include/adi_imu/adi_imu/msg/detail/imu_diag_data_adis1655_x__builder.hpp
-- Installing: /home/tudor/ROS_workspaces/adi_ros_dev/src/imu_ros2/install/adi_imu/include/adi_imu/adi_imu/msg/detail/imu_diag_data_adis1657_x__type_support.hpp
-- Installing: /home/tudor/ROS_workspaces/adi_ros_dev/src/imu_ros2/install/adi_imu/include/adi_imu/adi_imu/msg/detail/imu_full_measured_data__struct.hpp
-- Installing: /home/tudor/ROS_workspaces/adi_ros_dev/src/imu_ros2/install/adi_imu/include/adi_imu/adi_imu/msg/detail/accel_gyro_temp_data__type_support.hpp
-- Installing: /home/tudor/ROS_workspaces/adi_ros_dev/src/imu_ros2/install/adi_imu/include/adi_imu/adi_imu/msg/detail/imu_identification_data__builder.hpp
-- Installing: /home/tudor/ROS_workspaces/adi_ros_dev/src/imu_ros2/install/adi_imu/include/adi_imu/adi_imu/msg/imu_full_measured_data.hpp
-- Installing: /home/tudor/ROS_workspaces/adi_ros_dev/src/imu_ros2/install/adi_imu/include/adi_imu/adi_imu/msg/vel_ang_temp_data.hpp
-- Installing: /home/tudor/ROS_workspaces/adi_ros_dev/src/imu_ros2/install/adi_imu/include/adi_imu/adi_imu/msg/imu_diag_data_adis1654_x.hpp
-- Up-to-date: /home/tudor/ROS_workspaces/adi_ros_dev/src/imu_ros2/install/adi_imu/include/adi_imu/adi_imu
-- Up-to-date: /home/tudor/ROS_workspaces/adi_ros_dev/src/imu_ros2/install/adi_imu/include/adi_imu/adi_imu/msg
-- Up-to-date: /home/tudor/ROS_workspaces/adi_ros_dev/src/imu_ros2/install/adi_imu/include/adi_imu/adi_imu/msg/detail
-- Installing: /home/tudor/ROS_workspaces/adi_ros_dev/src/imu_ros2/install/adi_imu/include/adi_imu/adi_imu/msg/detail/imu_diag_data_adis1657_x__rosidl_typesupport_fastrtps_cpp.hpp
-- Installing: /home/tudor/ROS_workspaces/adi_ros_dev/src/imu_ros2/install/adi_imu/include/adi_imu/adi_imu/msg/detail/imu_diag_data_adis1647_x__rosidl_typesupport_fastrtps_cpp.hpp
-- Installing: /home/tudor/ROS_workspaces/adi_ros_dev/src/imu_ros2/install/adi_imu/include/adi_imu/adi_imu/msg/detail/dds_fastrtps
-- Installing: /home/tudor/ROS_workspaces/adi_ros_dev/src/imu_ros2/install/adi_imu/include/adi_imu/adi_imu/msg/detail/imu_diag_data_adis1654_x__rosidl_typesupport_fastrtps_cpp.hpp
-- Installing: /home/tudor/ROS_workspaces/adi_ros_dev/src/imu_ros2/install/adi_imu/include/adi_imu/adi_imu/msg/detail/imu_full_measured_data__rosidl_typesupport_fastrtps_cpp.hpp
-- Installing: /home/tudor/ROS_workspaces/adi_ros_dev/src/imu_ros2/install/adi_imu/include/adi_imu/adi_imu/msg/detail/accel_gyro_temp_data__rosidl_typesupport_fastrtps_cpp.hpp
-- Installing: /home/tudor/ROS_workspaces/adi_ros_dev/src/imu_ros2/install/adi_imu/include/adi_imu/adi_imu/msg/detail/vel_ang_temp_data__rosidl_typesupport_fastrtps_cpp.hpp
-- Installing: /home/tudor/ROS_workspaces/adi_ros_dev/src/imu_ros2/install/adi_imu/include/adi_imu/adi_imu/msg/detail/imu_diag_data_adis1655_x__rosidl_typesupport_fastrtps_cpp.hpp
-- Installing: /home/tudor/ROS_workspaces/adi_ros_dev/src/imu_ros2/install/adi_imu/include/adi_imu/adi_imu/msg/detail/imu_diag_data_adis1646_x__rosidl_typesupport_fastrtps_cpp.hpp
-- Installing: /home/tudor/ROS_workspaces/adi_ros_dev/src/imu_ros2/install/adi_imu/include/adi_imu/adi_imu/msg/detail/imu_identification_data__rosidl_typesupport_fastrtps_cpp.hpp
-- Installing: /home/tudor/ROS_workspaces/adi_ros_dev/src/imu_ros2/install/adi_imu/include/adi_imu/adi_imu/msg/detail/imu_diag_data_adis1650_x__rosidl_typesupport_fastrtps_cpp.hpp
-- Installing: /home/tudor/ROS_workspaces/adi_ros_dev/src/imu_ros2/install/adi_imu/include/adi_imu/adi_imu/msg/rosidl_typesupport_fastrtps_cpp__visibility_control.h
-- Installing: /home/tudor/ROS_workspaces/adi_ros_dev/src/imu_ros2/install/adi_imu/lib/libadi_imu__rosidl_typesupport_fastrtps_cpp.so
-- Set runtime path of "/home/tudor/ROS_workspaces/adi_ros_dev/src/imu_ros2/install/adi_imu/lib/libadi_imu__rosidl_typesupport_fastrtps_cpp.so" to ""
-- Up-to-date: /home/tudor/ROS_workspaces/adi_ros_dev/src/imu_ros2/install/adi_imu/include/adi_imu/adi_imu
-- Up-to-date: /home/tudor/ROS_workspaces/adi_ros_dev/src/imu_ros2/install/adi_imu/include/adi_imu/adi_imu/msg
-- Installing: /home/tudor/ROS_workspaces/adi_ros_dev/src/imu_ros2/install/adi_imu/include/adi_imu/adi_imu/msg/rosidl_typesupport_introspection_c__visibility_control.h
-- Up-to-date: /home/tudor/ROS_workspaces/adi_ros_dev/src/imu_ros2/install/adi_imu/include/adi_imu/adi_imu/msg/detail
-- Installing: /home/tudor/ROS_workspaces/adi_ros_dev/src/imu_ros2/install/adi_imu/include/adi_imu/adi_imu/msg/detail/imu_diag_data_adis1657_x__type_support.c
-- Installing: /home/tudor/ROS_workspaces/adi_ros_dev/src/imu_ros2/install/adi_imu/include/adi_imu/adi_imu/msg/detail/imu_identification_data__type_support.c
-- Installing: /home/tudor/ROS_workspaces/adi_ros_dev/src/imu_ros2/install/adi_imu/include/adi_imu/adi_imu/msg/detail/imu_full_measured_data__rosidl_typesupport_introspection_c.h
-- Installing: /home/tudor/ROS_workspaces/adi_ros_dev/src/imu_ros2/install/adi_imu/include/adi_imu/adi_imu/msg/detail/imu_diag_data_adis1654_x__type_support.c
-- Installing: /home/tudor/ROS_workspaces/adi_ros_dev/src/imu_ros2/install/adi_imu/include/adi_imu/adi_imu/msg/detail/imu_diag_data_adis1647_x__rosidl_typesupport_introspection_c.h
-- Installing: /home/tudor/ROS_workspaces/adi_ros_dev/src/imu_ros2/install/adi_imu/include/adi_imu/adi_imu/msg/detail/imu_diag_data_adis1657_x__rosidl_typesupport_introspection_c.h
-- Installing: /home/tudor/ROS_workspaces/adi_ros_dev/src/imu_ros2/install/adi_imu/include/adi_imu/adi_imu/msg/detail/imu_diag_data_adis1654_x__rosidl_typesupport_introspection_c.h
-- Installing: /home/tudor/ROS_workspaces/adi_ros_dev/src/imu_ros2/install/adi_imu/include/adi_imu/adi_imu/msg/detail/imu_identification_data__rosidl_typesupport_introspection_c.h
-- Installing: /home/tudor/ROS_workspaces/adi_ros_dev/src/imu_ros2/install/adi_imu/include/adi_imu/adi_imu/msg/detail/imu_diag_data_adis1650_x__type_support.c
-- Installing: /home/tudor/ROS_workspaces/adi_ros_dev/src/imu_ros2/install/adi_imu/include/adi_imu/adi_imu/msg/detail/accel_gyro_temp_data__rosidl_typesupport_introspection_c.h
-- Installing: /home/tudor/ROS_workspaces/adi_ros_dev/src/imu_ros2/install/adi_imu/include/adi_imu/adi_imu/msg/detail/imu_diag_data_adis1646_x__rosidl_typesupport_introspection_c.h
-- Installing: /home/tudor/ROS_workspaces/adi_ros_dev/src/imu_ros2/install/adi_imu/include/adi_imu/adi_imu/msg/detail/accel_gyro_temp_data__type_support.c
-- Installing: /home/tudor/ROS_workspaces/adi_ros_dev/src/imu_ros2/install/adi_imu/include/adi_imu/adi_imu/msg/detail/imu_diag_data_adis1646_x__type_support.c
-- Installing: /home/tudor/ROS_workspaces/adi_ros_dev/src/imu_ros2/install/adi_imu/include/adi_imu/adi_imu/msg/detail/imu_diag_data_adis1655_x__type_support.c
-- Installing: /home/tudor/ROS_workspaces/adi_ros_dev/src/imu_ros2/install/adi_imu/include/adi_imu/adi_imu/msg/detail/imu_diag_data_adis1647_x__type_support.c
-- Installing: /home/tudor/ROS_workspaces/adi_ros_dev/src/imu_ros2/install/adi_imu/include/adi_imu/adi_imu/msg/detail/vel_ang_temp_data__rosidl_typesupport_introspection_c.h
-- Installing: /home/tudor/ROS_workspaces/adi_ros_dev/src/imu_ros2/install/adi_imu/include/adi_imu/adi_imu/msg/detail/imu_diag_data_adis1655_x__rosidl_typesupport_introspection_c.h
-- Installing: /home/tudor/ROS_workspaces/adi_ros_dev/src/imu_ros2/install/adi_imu/include/adi_imu/adi_imu/msg/detail/imu_diag_data_adis1650_x__rosidl_typesupport_introspection_c.h
-- Installing: /home/tudor/ROS_workspaces/adi_ros_dev/src/imu_ros2/install/adi_imu/include/adi_imu/adi_imu/msg/detail/vel_ang_temp_data__type_support.c
-- Installing: /home/tudor/ROS_workspaces/adi_ros_dev/src/imu_ros2/install/adi_imu/include/adi_imu/adi_imu/msg/detail/imu_full_measured_data__type_support.c
-- Installing: /home/tudor/ROS_workspaces/adi_ros_dev/src/imu_ros2/install/adi_imu/lib/libadi_imu__rosidl_typesupport_introspection_c.so
-- Set runtime path of "/home/tudor/ROS_workspaces/adi_ros_dev/src/imu_ros2/install/adi_imu/lib/libadi_imu__rosidl_typesupport_introspection_c.so" to ""
-- Installing: /home/tudor/ROS_workspaces/adi_ros_dev/src/imu_ros2/install/adi_imu/lib/libadi_imu__rosidl_typesupport_c.so
-- Set runtime path of "/home/tudor/ROS_workspaces/adi_ros_dev/src/imu_ros2/install/adi_imu/lib/libadi_imu__rosidl_typesupport_c.so" to ""
-- Up-to-date: /home/tudor/ROS_workspaces/adi_ros_dev/src/imu_ros2/install/adi_imu/include/adi_imu/adi_imu
-- Up-to-date: /home/tudor/ROS_workspaces/adi_ros_dev/src/imu_ros2/install/adi_imu/include/adi_imu/adi_imu/msg
-- Up-to-date: /home/tudor/ROS_workspaces/adi_ros_dev/src/imu_ros2/install/adi_imu/include/adi_imu/adi_imu/msg/detail
-- Installing: /home/tudor/ROS_workspaces/adi_ros_dev/src/imu_ros2/install/adi_imu/include/adi_imu/adi_imu/msg/detail/imu_identification_data__rosidl_typesupport_introspection_cpp.hpp
-- Installing: /home/tudor/ROS_workspaces/adi_ros_dev/src/imu_ros2/install/adi_imu/include/adi_imu/adi_imu/msg/detail/imu_diag_data_adis1657_x__rosidl_typesupport_introspection_cpp.hpp
-- Installing: /home/tudor/ROS_workspaces/adi_ros_dev/src/imu_ros2/install/adi_imu/include/adi_imu/adi_imu/msg/detail/vel_ang_temp_data__type_support.cpp
-- Installing: /home/tudor/ROS_workspaces/adi_ros_dev/src/imu_ros2/install/adi_imu/include/adi_imu/adi_imu/msg/detail/imu_full_measured_data__rosidl_typesupport_introspection_cpp.hpp
-- Installing: /home/tudor/ROS_workspaces/adi_ros_dev/src/imu_ros2/install/adi_imu/include/adi_imu/adi_imu/msg/detail/imu_diag_data_adis1650_x__rosidl_typesupport_introspection_cpp.hpp
-- Installing: /home/tudor/ROS_workspaces/adi_ros_dev/src/imu_ros2/install/adi_imu/include/adi_imu/adi_imu/msg/detail/imu_diag_data_adis1655_x__type_support.cpp
-- Installing: /home/tudor/ROS_workspaces/adi_ros_dev/src/imu_ros2/install/adi_imu/include/adi_imu/adi_imu/msg/detail/imu_diag_data_adis1647_x__type_support.cpp
-- Installing: /home/tudor/ROS_workspaces/adi_ros_dev/src/imu_ros2/install/adi_imu/include/adi_imu/adi_imu/msg/detail/accel_gyro_temp_data__type_support.cpp
-- Installing: /home/tudor/ROS_workspaces/adi_ros_dev/src/imu_ros2/install/adi_imu/include/adi_imu/adi_imu/msg/detail/imu_diag_data_adis1646_x__rosidl_typesupport_introspection_cpp.hpp
-- Installing: /home/tudor/ROS_workspaces/adi_ros_dev/src/imu_ros2/install/adi_imu/include/adi_imu/adi_imu/msg/detail/vel_ang_temp_data__rosidl_typesupport_introspection_cpp.hpp
-- Installing: /home/tudor/ROS_workspaces/adi_ros_dev/src/imu_ros2/install/adi_imu/include/adi_imu/adi_imu/msg/detail/imu_diag_data_adis1650_x__type_support.cpp
-- Installing: /home/tudor/ROS_workspaces/adi_ros_dev/src/imu_ros2/install/adi_imu/include/adi_imu/adi_imu/msg/detail/imu_diag_data_adis1646_x__type_support.cpp
-- Installing: /home/tudor/ROS_workspaces/adi_ros_dev/src/imu_ros2/install/adi_imu/include/adi_imu/adi_imu/msg/detail/imu_identification_data__type_support.cpp
-- Installing: /home/tudor/ROS_workspaces/adi_ros_dev/src/imu_ros2/install/adi_imu/include/adi_imu/adi_imu/msg/detail/imu_diag_data_adis1647_x__rosidl_typesupport_introspection_cpp.hpp
-- Installing: /home/tudor/ROS_workspaces/adi_ros_dev/src/imu_ros2/install/adi_imu/include/adi_imu/adi_imu/msg/detail/imu_diag_data_adis1657_x__type_support.cpp
-- Installing: /home/tudor/ROS_workspaces/adi_ros_dev/src/imu_ros2/install/adi_imu/include/adi_imu/adi_imu/msg/detail/imu_diag_data_adis1654_x__type_support.cpp
-- Installing: /home/tudor/ROS_workspaces/adi_ros_dev/src/imu_ros2/install/adi_imu/include/adi_imu/adi_imu/msg/detail/accel_gyro_temp_data__rosidl_typesupport_introspection_cpp.hpp
-- Installing: /home/tudor/ROS_workspaces/adi_ros_dev/src/imu_ros2/install/adi_imu/include/adi_imu/adi_imu/msg/detail/imu_diag_data_adis1654_x__rosidl_typesupport_introspection_cpp.hpp
-- Installing: /home/tudor/ROS_workspaces/adi_ros_dev/src/imu_ros2/install/adi_imu/include/adi_imu/adi_imu/msg/detail/imu_diag_data_adis1655_x__rosidl_typesupport_introspection_cpp.hpp
-- Installing: /home/tudor/ROS_workspaces/adi_ros_dev/src/imu_ros2/install/adi_imu/include/adi_imu/adi_imu/msg/detail/imu_full_measured_data__type_support.cpp
-- Installing: /home/tudor/ROS_workspaces/adi_ros_dev/src/imu_ros2/install/adi_imu/lib/libadi_imu__rosidl_typesupport_introspection_cpp.so
-- Set runtime path of "/home/tudor/ROS_workspaces/adi_ros_dev/src/imu_ros2/install/adi_imu/lib/libadi_imu__rosidl_typesupport_introspection_cpp.so" to ""
-- Installing: /home/tudor/ROS_workspaces/adi_ros_dev/src/imu_ros2/install/adi_imu/lib/libadi_imu__rosidl_typesupport_cpp.so
-- Set runtime path of "/home/tudor/ROS_workspaces/adi_ros_dev/src/imu_ros2/install/adi_imu/lib/libadi_imu__rosidl_typesupport_cpp.so" to ""
-- Installing: /home/tudor/ROS_workspaces/adi_ros_dev/src/imu_ros2/install/adi_imu/share/adi_imu/environment/pythonpath.sh
-- Installing: /home/tudor/ROS_workspaces/adi_ros_dev/src/imu_ros2/install/adi_imu/share/adi_imu/environment/pythonpath.dsv
-- Installing: /home/tudor/ROS_workspaces/adi_ros_dev/src/imu_ros2/install/adi_imu/local/lib/python3.10/dist-packages/adi_imu-1.0.0-py3.10.egg-info
-- Installing: /home/tudor/ROS_workspaces/adi_ros_dev/src/imu_ros2/install/adi_imu/local/lib/python3.10/dist-packages/adi_imu-1.0.0-py3.10.egg-info/SOURCES.txt
-- Installing: /home/tudor/ROS_workspaces/adi_ros_dev/src/imu_ros2/install/adi_imu/local/lib/python3.10/dist-packages/adi_imu-1.0.0-py3.10.egg-info/top_level.txt
-- Installing: /home/tudor/ROS_workspaces/adi_ros_dev/src/imu_ros2/install/adi_imu/local/lib/python3.10/dist-packages/adi_imu-1.0.0-py3.10.egg-info/dependency_links.txt
-- Installing: /home/tudor/ROS_workspaces/adi_ros_dev/src/imu_ros2/install/adi_imu/local/lib/python3.10/dist-packages/adi_imu-1.0.0-py3.10.egg-info/PKG-INFO
-- Installing: /home/tudor/ROS_workspaces/adi_ros_dev/src/imu_ros2/install/adi_imu/local/lib/python3.10/dist-packages/adi_imu
-- Installing: /home/tudor/ROS_workspaces/adi_ros_dev/src/imu_ros2/install/adi_imu/local/lib/python3.10/dist-packages/adi_imu/_adi_imu_s.ep.rosidl_typesupport_fastrtps_c.c
-- Installing: /home/tudor/ROS_workspaces/adi_ros_dev/src/imu_ros2/install/adi_imu/local/lib/python3.10/dist-packages/adi_imu/libadi_imu__rosidl_generator_py.so
-- Installing: /home/tudor/ROS_workspaces/adi_ros_dev/src/imu_ros2/install/adi_imu/local/lib/python3.10/dist-packages/adi_imu/adi_imu_s__rosidl_typesupport_introspection_c.cpython-310-x86_64-linux-gnu.so
-- Installing: /home/tudor/ROS_workspaces/adi_ros_dev/src/imu_ros2/install/adi_imu/local/lib/python3.10/dist-packages/adi_imu/_adi_imu_s.ep.rosidl_typesupport_introspection_c.c
-- Installing: /home/tudor/ROS_workspaces/adi_ros_dev/src/imu_ros2/install/adi_imu/local/lib/python3.10/dist-packages/adi_imu/msg
-- Installing: /home/tudor/ROS_workspaces/adi_ros_dev/src/imu_ros2/install/adi_imu/local/lib/python3.10/dist-packages/adi_imu/msg/_vel_ang_temp_data.py
-- Installing: /home/tudor/ROS_workspaces/adi_ros_dev/src/imu_ros2/install/adi_imu/local/lib/python3.10/dist-packages/adi_imu/msg/_imu_identification_data_s.c
-- Installing: /home/tudor/ROS_workspaces/adi_ros_dev/src/imu_ros2/install/adi_imu/local/lib/python3.10/dist-packages/adi_imu/msg/_imu_full_measured_data.py
-- Installing: /home/tudor/ROS_workspaces/adi_ros_dev/src/imu_ros2/install/adi_imu/local/lib/python3.10/dist-packages/adi_imu/msg/_imu_identification_data.py
-- Installing: /home/tudor/ROS_workspaces/adi_ros_dev/src/imu_ros2/install/adi_imu/local/lib/python3.10/dist-packages/adi_imu/msg/_imu_diag_data_adis1657_x.py
-- Installing: /home/tudor/ROS_workspaces/adi_ros_dev/src/imu_ros2/install/adi_imu/local/lib/python3.10/dist-packages/adi_imu/msg/_accel_gyro_temp_data.py
-- Installing: /home/tudor/ROS_workspaces/adi_ros_dev/src/imu_ros2/install/adi_imu/local/lib/python3.10/dist-packages/adi_imu/msg/_imu_diag_data_adis1655_x.py
-- Installing: /home/tudor/ROS_workspaces/adi_ros_dev/src/imu_ros2/install/adi_imu/local/lib/python3.10/dist-packages/adi_imu/msg/_imu_diag_data_adis1657_x_s.c
-- Installing: /home/tudor/ROS_workspaces/adi_ros_dev/src/imu_ros2/install/adi_imu/local/lib/python3.10/dist-packages/adi_imu/msg/__init__.py
-- Installing: /home/tudor/ROS_workspaces/adi_ros_dev/src/imu_ros2/install/adi_imu/local/lib/python3.10/dist-packages/adi_imu/msg/_imu_diag_data_adis1647_x.py
-- Installing: /home/tudor/ROS_workspaces/adi_ros_dev/src/imu_ros2/install/adi_imu/local/lib/python3.10/dist-packages/adi_imu/msg/_imu_diag_data_adis1646_x_s.c
-- Installing: /home/tudor/ROS_workspaces/adi_ros_dev/src/imu_ros2/install/adi_imu/local/lib/python3.10/dist-packages/adi_imu/msg/_imu_diag_data_adis1650_x.py
-- Installing: /home/tudor/ROS_workspaces/adi_ros_dev/src/imu_ros2/install/adi_imu/local/lib/python3.10/dist-packages/adi_imu/msg/_imu_full_measured_data_s.c
-- Installing: /home/tudor/ROS_workspaces/adi_ros_dev/src/imu_ros2/install/adi_imu/local/lib/python3.10/dist-packages/adi_imu/msg/_imu_diag_data_adis1655_x_s.c
-- Installing: /home/tudor/ROS_workspaces/adi_ros_dev/src/imu_ros2/install/adi_imu/local/lib/python3.10/dist-packages/adi_imu/msg/_imu_diag_data_adis1654_x.py
-- Installing: /home/tudor/ROS_workspaces/adi_ros_dev/src/imu_ros2/install/adi_imu/local/lib/python3.10/dist-packages/adi_imu/msg/_imu_diag_data_adis1654_x_s.c
-- Installing: /home/tudor/ROS_workspaces/adi_ros_dev/src/imu_ros2/install/adi_imu/local/lib/python3.10/dist-packages/adi_imu/msg/_imu_diag_data_adis1646_x.py
-- Installing: /home/tudor/ROS_workspaces/adi_ros_dev/src/imu_ros2/install/adi_imu/local/lib/python3.10/dist-packages/adi_imu/msg/_accel_gyro_temp_data_s.c
-- Installing: /home/tudor/ROS_workspaces/adi_ros_dev/src/imu_ros2/install/adi_imu/local/lib/python3.10/dist-packages/adi_imu/msg/_imu_diag_data_adis1650_x_s.c
-- Installing: /home/tudor/ROS_workspaces/adi_ros_dev/src/imu_ros2/install/adi_imu/local/lib/python3.10/dist-packages/adi_imu/msg/_vel_ang_temp_data_s.c
-- Installing: /home/tudor/ROS_workspaces/adi_ros_dev/src/imu_ros2/install/adi_imu/local/lib/python3.10/dist-packages/adi_imu/msg/_imu_diag_data_adis1647_x_s.c
-- Installing: /home/tudor/ROS_workspaces/adi_ros_dev/src/imu_ros2/install/adi_imu/local/lib/python3.10/dist-packages/adi_imu/_adi_imu_s.ep.rosidl_typesupport_c.c
-- Installing: /home/tudor/ROS_workspaces/adi_ros_dev/src/imu_ros2/install/adi_imu/local/lib/python3.10/dist-packages/adi_imu/__init__.py
-- Installing: /home/tudor/ROS_workspaces/adi_ros_dev/src/imu_ros2/install/adi_imu/local/lib/python3.10/dist-packages/adi_imu/adi_imu_s__rosidl_typesupport_c.cpython-310-x86_64-linux-gnu.so
-- Installing: /home/tudor/ROS_workspaces/adi_ros_dev/src/imu_ros2/install/adi_imu/local/lib/python3.10/dist-packages/adi_imu/adi_imu_s__rosidl_typesupport_fastrtps_c.cpython-310-x86_64-linux-gnu.so
Listing '/home/tudor/ROS_workspaces/adi_ros_dev/src/imu_ros2/install/adi_imu/local/lib/python3.10/dist-packages/adi_imu'...
Compiling '/home/tudor/ROS_workspaces/adi_ros_dev/src/imu_ros2/install/adi_imu/local/lib/python3.10/dist-packages/adi_imu/__init__.py'...
Listing '/home/tudor/ROS_workspaces/adi_ros_dev/src/imu_ros2/install/adi_imu/local/lib/python3.10/dist-packages/adi_imu/msg'...
Compiling '/home/tudor/ROS_workspaces/adi_ros_dev/src/imu_ros2/install/adi_imu/local/lib/python3.10/dist-packages/adi_imu/msg/__init__.py'...
Compiling '/home/tudor/ROS_workspaces/adi_ros_dev/src/imu_ros2/install/adi_imu/local/lib/python3.10/dist-packages/adi_imu/msg/_accel_gyro_temp_data.py'...
Compiling '/home/tudor/ROS_workspaces/adi_ros_dev/src/imu_ros2/install/adi_imu/local/lib/python3.10/dist-packages/adi_imu/msg/_imu_diag_data_adis1646_x.py'...
Compiling '/home/tudor/ROS_workspaces/adi_ros_dev/src/imu_ros2/install/adi_imu/local/lib/python3.10/dist-packages/adi_imu/msg/_imu_diag_data_adis1647_x.py'...
Compiling '/home/tudor/ROS_workspaces/adi_ros_dev/src/imu_ros2/install/adi_imu/local/lib/python3.10/dist-packages/adi_imu/msg/_imu_diag_data_adis1650_x.py'...
Compiling '/home/tudor/ROS_workspaces/adi_ros_dev/src/imu_ros2/install/adi_imu/local/lib/python3.10/dist-packages/adi_imu/msg/_imu_diag_data_adis1654_x.py'...
Compiling '/home/tudor/ROS_workspaces/adi_ros_dev/src/imu_ros2/install/adi_imu/local/lib/python3.10/dist-packages/adi_imu/msg/_imu_diag_data_adis1655_x.py'...
Compiling '/home/tudor/ROS_workspaces/adi_ros_dev/src/imu_ros2/install/adi_imu/local/lib/python3.10/dist-packages/adi_imu/msg/_imu_diag_data_adis1657_x.py'...
Compiling '/home/tudor/ROS_workspaces/adi_ros_dev/src/imu_ros2/install/adi_imu/local/lib/python3.10/dist-packages/adi_imu/msg/_imu_full_measured_data.py'...
Compiling '/home/tudor/ROS_workspaces/adi_ros_dev/src/imu_ros2/install/adi_imu/local/lib/python3.10/dist-packages/adi_imu/msg/_imu_identification_data.py'...
Compiling '/home/tudor/ROS_workspaces/adi_ros_dev/src/imu_ros2/install/adi_imu/local/lib/python3.10/dist-packages/adi_imu/msg/_vel_ang_temp_data.py'...
-- Installing: /home/tudor/ROS_workspaces/adi_ros_dev/src/imu_ros2/install/adi_imu/local/lib/python3.10/dist-packages/adi_imu/adi_imu_s__rosidl_typesupport_fastrtps_c.cpython-310-x86_64-linux-gnu.so
-- Set runtime path of "/home/tudor/ROS_workspaces/adi_ros_dev/src/imu_ros2/install/adi_imu/local/lib/python3.10/dist-packages/adi_imu/adi_imu_s__rosidl_typesupport_fastrtps_c.cpython-310-x86_64-linux-gnu.so" to ""
-- Installing: /home/tudor/ROS_workspaces/adi_ros_dev/src/imu_ros2/install/adi_imu/local/lib/python3.10/dist-packages/adi_imu/adi_imu_s__rosidl_typesupport_introspection_c.cpython-310-x86_64-linux-gnu.so
-- Set runtime path of "/home/tudor/ROS_workspaces/adi_ros_dev/src/imu_ros2/install/adi_imu/local/lib/python3.10/dist-packages/adi_imu/adi_imu_s__rosidl_typesupport_introspection_c.cpython-310-x86_64-linux-gnu.so" to ""
-- Installing: /home/tudor/ROS_workspaces/adi_ros_dev/src/imu_ros2/install/adi_imu/local/lib/python3.10/dist-packages/adi_imu/adi_imu_s__rosidl_typesupport_c.cpython-310-x86_64-linux-gnu.so
-- Set runtime path of "/home/tudor/ROS_workspaces/adi_ros_dev/src/imu_ros2/install/adi_imu/local/lib/python3.10/dist-packages/adi_imu/adi_imu_s__rosidl_typesupport_c.cpython-310-x86_64-linux-gnu.so" to ""
-- Installing: /home/tudor/ROS_workspaces/adi_ros_dev/src/imu_ros2/install/adi_imu/lib/libadi_imu__rosidl_generator_py.so
-- Set runtime path of "/home/tudor/ROS_workspaces/adi_ros_dev/src/imu_ros2/install/adi_imu/lib/libadi_imu__rosidl_generator_py.so" to ""
-- Installing: /home/tudor/ROS_workspaces/adi_ros_dev/src/imu_ros2/install/adi_imu/share/adi_imu/msg/AccelGyroTempData.idl
-- Installing: /home/tudor/ROS_workspaces/adi_ros_dev/src/imu_ros2/install/adi_imu/share/adi_imu/msg/ImuDiagDataADIS1646X.idl
-- Installing: /home/tudor/ROS_workspaces/adi_ros_dev/src/imu_ros2/install/adi_imu/share/adi_imu/msg/ImuDiagDataADIS1647X.idl
-- Installing: /home/tudor/ROS_workspaces/adi_ros_dev/src/imu_ros2/install/adi_imu/share/adi_imu/msg/ImuDiagDataADIS1650X.idl
-- Installing: /home/tudor/ROS_workspaces/adi_ros_dev/src/imu_ros2/install/adi_imu/share/adi_imu/msg/ImuDiagDataADIS1654X.idl
-- Installing: /home/tudor/ROS_workspaces/adi_ros_dev/src/imu_ros2/install/adi_imu/share/adi_imu/msg/ImuDiagDataADIS1655X.idl
-- Installing: /home/tudor/ROS_workspaces/adi_ros_dev/src/imu_ros2/install/adi_imu/share/adi_imu/msg/ImuDiagDataADIS1657X.idl
-- Installing: /home/tudor/ROS_workspaces/adi_ros_dev/src/imu_ros2/install/adi_imu/share/adi_imu/msg/ImuFullMeasuredData.idl
-- Installing: /home/tudor/ROS_workspaces/adi_ros_dev/src/imu_ros2/install/adi_imu/share/adi_imu/msg/ImuIdentificationData.idl
-- Installing: /home/tudor/ROS_workspaces/adi_ros_dev/src/imu_ros2/install/adi_imu/share/adi_imu/msg/VelAngTempData.idl
-- Installing: /home/tudor/ROS_workspaces/adi_ros_dev/src/imu_ros2/install/adi_imu/share/adi_imu/msg/AccelGyroTempData.msg
-- Installing: /home/tudor/ROS_workspaces/adi_ros_dev/src/imu_ros2/install/adi_imu/share/adi_imu/msg/ImuDiagDataADIS1646X.msg
-- Installing: /home/tudor/ROS_workspaces/adi_ros_dev/src/imu_ros2/install/adi_imu/share/adi_imu/msg/ImuDiagDataADIS1647X.msg
-- Installing: /home/tudor/ROS_workspaces/adi_ros_dev/src/imu_ros2/install/adi_imu/share/adi_imu/msg/ImuDiagDataADIS1650X.msg
-- Installing: /home/tudor/ROS_workspaces/adi_ros_dev/src/imu_ros2/install/adi_imu/share/adi_imu/msg/ImuDiagDataADIS1654X.msg
-- Installing: /home/tudor/ROS_workspaces/adi_ros_dev/src/imu_ros2/install/adi_imu/share/adi_imu/msg/ImuDiagDataADIS1655X.msg
-- Installing: /home/tudor/ROS_workspaces/adi_ros_dev/src/imu_ros2/install/adi_imu/share/adi_imu/msg/ImuDiagDataADIS1657X.msg
-- Installing: /home/tudor/ROS_workspaces/adi_ros_dev/src/imu_ros2/install/adi_imu/share/adi_imu/msg/ImuFullMeasuredData.msg
-- Installing: /home/tudor/ROS_workspaces/adi_ros_dev/src/imu_ros2/install/adi_imu/share/adi_imu/msg/ImuIdentificationData.msg
-- Installing: /home/tudor/ROS_workspaces/adi_ros_dev/src/imu_ros2/install/adi_imu/share/adi_imu/msg/VelAngTempData.msg
-- Installing: /home/tudor/ROS_workspaces/adi_ros_dev/src/imu_ros2/install/adi_imu/share/adi_imu/rviz
-- Installing: /home/tudor/ROS_workspaces/adi_ros_dev/src/imu_ros2/install/adi_imu/share/adi_imu/rviz/imu_with_madgwick_filter_rviz.rviz
-- Installing: /home/tudor/ROS_workspaces/adi_ros_dev/src/imu_ros2/install/adi_imu/share/adi_imu/rviz/imu_tof_fusion.rviz
-- Installing: /home/tudor/ROS_workspaces/adi_ros_dev/src/imu_ros2/install/adi_imu/share/adi_imu/launch
-- Installing: /home/tudor/ROS_workspaces/adi_ros_dev/src/imu_ros2/install/adi_imu/share/adi_imu/launch/imu_and_covariance.launch.py
-- Installing: /home/tudor/ROS_workspaces/adi_ros_dev/src/imu_ros2/install/adi_imu/share/adi_imu/launch/imu_tof_fusion.launch.py
-- Installing: /home/tudor/ROS_workspaces/adi_ros_dev/src/imu_ros2/install/adi_imu/share/adi_imu/launch/imu_with_madgwick_filter_rviz.launch.py
-- Installing: /home/tudor/ROS_workspaces/adi_ros_dev/src/imu_ros2/install/adi_imu/share/adi_imu/config
-- Installing: /home/tudor/ROS_workspaces/adi_ros_dev/src/imu_ros2/install/adi_imu/share/adi_imu/config/imu_covariance_config.yaml
-- Installing: /home/tudor/ROS_workspaces/adi_ros_dev/src/imu_ros2/install/adi_imu/share/adi_imu/config/adis1657x
-- Installing: /home/tudor/ROS_workspaces/adi_ros_dev/src/imu_ros2/install/adi_imu/share/adi_imu/config/adis1657x/imu_config.yaml
-- Installing: /home/tudor/ROS_workspaces/adi_ros_dev/src/imu_ros2/install/adi_imu/share/adi_imu/config/adis1654x
-- Installing: /home/tudor/ROS_workspaces/adi_ros_dev/src/imu_ros2/install/adi_imu/share/adi_imu/config/adis1654x/imu_config.yaml
-- Installing: /home/tudor/ROS_workspaces/adi_ros_dev/src/imu_ros2/install/adi_imu/share/adi_imu/config/adis1655x
-- Installing: /home/tudor/ROS_workspaces/adi_ros_dev/src/imu_ros2/install/adi_imu/share/adi_imu/config/adis1655x/imu_config.yaml
-- Installing: /home/tudor/ROS_workspaces/adi_ros_dev/src/imu_ros2/install/adi_imu/share/adi_imu/config/adis1647x
-- Installing: /home/tudor/ROS_workspaces/adi_ros_dev/src/imu_ros2/install/adi_imu/share/adi_imu/config/adis1647x/imu_config.yaml
-- Installing: /home/tudor/ROS_workspaces/adi_ros_dev/src/imu_ros2/install/adi_imu/share/adi_imu/config/adis1650x
-- Installing: /home/tudor/ROS_workspaces/adi_ros_dev/src/imu_ros2/install/adi_imu/share/adi_imu/config/adis1650x/imu_config.yaml
-- Installing: /home/tudor/ROS_workspaces/adi_ros_dev/src/imu_ros2/install/adi_imu/share/adi_imu/config/adis1646x
-- Installing: /home/tudor/ROS_workspaces/adi_ros_dev/src/imu_ros2/install/adi_imu/share/adi_imu/config/adis1646x/imu_config.yaml
-- Installing: /home/tudor/ROS_workspaces/adi_ros_dev/src/imu_ros2/install/adi_imu/share/ament_index/resource_index/package_run_dependencies/adi_imu
-- Installing: /home/tudor/ROS_workspaces/adi_ros_dev/src/imu_ros2/install/adi_imu/share/ament_index/resource_index/parent_prefix_path/adi_imu
-- Installing: /home/tudor/ROS_workspaces/adi_ros_dev/src/imu_ros2/install/adi_imu/share/adi_imu/environment/ament_prefix_path.sh
-- Installing: /home/tudor/ROS_workspaces/adi_ros_dev/src/imu_ros2/install/adi_imu/share/adi_imu/environment/ament_prefix_path.dsv
-- Installing: /home/tudor/ROS_workspaces/adi_ros_dev/src/imu_ros2/install/adi_imu/share/adi_imu/environment/path.sh
-- Installing: /home/tudor/ROS_workspaces/adi_ros_dev/src/imu_ros2/install/adi_imu/share/adi_imu/environment/path.dsv
-- Installing: /home/tudor/ROS_workspaces/adi_ros_dev/src/imu_ros2/install/adi_imu/share/adi_imu/local_setup.bash
-- Installing: /home/tudor/ROS_workspaces/adi_ros_dev/src/imu_ros2/install/adi_imu/share/adi_imu/local_setup.sh
-- Installing: /home/tudor/ROS_workspaces/adi_ros_dev/src/imu_ros2/install/adi_imu/share/adi_imu/local_setup.zsh
-- Installing: /home/tudor/ROS_workspaces/adi_ros_dev/src/imu_ros2/install/adi_imu/share/adi_imu/local_setup.dsv
-- Installing: /home/tudor/ROS_workspaces/adi_ros_dev/src/imu_ros2/install/adi_imu/share/adi_imu/package.dsv
-- Installing: /home/tudor/ROS_workspaces/adi_ros_dev/src/imu_ros2/install/adi_imu/share/ament_index/resource_index/packages/adi_imu
-- Installing: /home/tudor/ROS_workspaces/adi_ros_dev/src/imu_ros2/install/adi_imu/share/adi_imu/cmake/export_adi_imu__rosidl_generator_cExport.cmake
-- Installing: /home/tudor/ROS_workspaces/adi_ros_dev/src/imu_ros2/install/adi_imu/share/adi_imu/cmake/export_adi_imu__rosidl_generator_cExport-noconfig.cmake
-- Installing: /home/tudor/ROS_workspaces/adi_ros_dev/src/imu_ros2/install/adi_imu/share/adi_imu/cmake/export_adi_imu__rosidl_typesupport_fastrtps_cExport.cmake
-- Installing: /home/tudor/ROS_workspaces/adi_ros_dev/src/imu_ros2/install/adi_imu/share/adi_imu/cmake/export_adi_imu__rosidl_typesupport_fastrtps_cExport-noconfig.cmake
-- Installing: /home/tudor/ROS_workspaces/adi_ros_dev/src/imu_ros2/install/adi_imu/share/adi_imu/cmake/export_adi_imu__rosidl_generator_cppExport.cmake
-- Installing: /home/tudor/ROS_workspaces/adi_ros_dev/src/imu_ros2/install/adi_imu/share/adi_imu/cmake/export_adi_imu__rosidl_typesupport_fastrtps_cppExport.cmake
-- Installing: /home/tudor/ROS_workspaces/adi_ros_dev/src/imu_ros2/install/adi_imu/share/adi_imu/cmake/export_adi_imu__rosidl_typesupport_fastrtps_cppExport-noconfig.cmake
-- Installing: /home/tudor/ROS_workspaces/adi_ros_dev/src/imu_ros2/install/adi_imu/share/adi_imu/cmake/adi_imu__rosidl_typesupport_introspection_cExport.cmake
-- Installing: /home/tudor/ROS_workspaces/adi_ros_dev/src/imu_ros2/install/adi_imu/share/adi_imu/cmake/adi_imu__rosidl_typesupport_introspection_cExport-noconfig.cmake
-- Installing: /home/tudor/ROS_workspaces/adi_ros_dev/src/imu_ros2/install/adi_imu/share/adi_imu/cmake/adi_imu__rosidl_typesupport_cExport.cmake
-- Installing: /home/tudor/ROS_workspaces/adi_ros_dev/src/imu_ros2/install/adi_imu/share/adi_imu/cmake/adi_imu__rosidl_typesupport_cExport-noconfig.cmake
-- Installing: /home/tudor/ROS_workspaces/adi_ros_dev/src/imu_ros2/install/adi_imu/share/adi_imu/cmake/adi_imu__rosidl_typesupport_introspection_cppExport.cmake
-- Installing: /home/tudor/ROS_workspaces/adi_ros_dev/src/imu_ros2/install/adi_imu/share/adi_imu/cmake/adi_imu__rosidl_typesupport_introspection_cppExport-noconfig.cmake
-- Installing: /home/tudor/ROS_workspaces/adi_ros_dev/src/imu_ros2/install/adi_imu/share/adi_imu/cmake/adi_imu__rosidl_typesupport_cppExport.cmake
-- Installing: /home/tudor/ROS_workspaces/adi_ros_dev/src/imu_ros2/install/adi_imu/share/adi_imu/cmake/adi_imu__rosidl_typesupport_cppExport-noconfig.cmake
-- Installing: /home/tudor/ROS_workspaces/adi_ros_dev/src/imu_ros2/install/adi_imu/share/adi_imu/cmake/export_adi_imu__rosidl_generator_pyExport.cmake
-- Installing: /home/tudor/ROS_workspaces/adi_ros_dev/src/imu_ros2/install/adi_imu/share/adi_imu/cmake/export_adi_imu__rosidl_generator_pyExport-noconfig.cmake
-- Installing: /home/tudor/ROS_workspaces/adi_ros_dev/src/imu_ros2/install/adi_imu/share/adi_imu/cmake/rosidl_cmake-extras.cmake
-- Installing: /home/tudor/ROS_workspaces/adi_ros_dev/src/imu_ros2/install/adi_imu/share/adi_imu/cmake/ament_cmake_export_dependencies-extras.cmake
-- Installing: /home/tudor/ROS_workspaces/adi_ros_dev/src/imu_ros2/install/adi_imu/share/adi_imu/cmake/ament_cmake_export_include_directories-extras.cmake
-- Installing: /home/tudor/ROS_workspaces/adi_ros_dev/src/imu_ros2/install/adi_imu/share/adi_imu/cmake/ament_cmake_export_libraries-extras.cmake
-- Installing: /home/tudor/ROS_workspaces/adi_ros_dev/src/imu_ros2/install/adi_imu/share/adi_imu/cmake/ament_cmake_export_targets-extras.cmake
-- Installing: /home/tudor/ROS_workspaces/adi_ros_dev/src/imu_ros2/install/adi_imu/share/adi_imu/cmake/rosidl_cmake_export_typesupport_targets-extras.cmake
-- Installing: /home/tudor/ROS_workspaces/adi_ros_dev/src/imu_ros2/install/adi_imu/share/adi_imu/cmake/rosidl_cmake_export_typesupport_libraries-extras.cmake
-- Installing: /home/tudor/ROS_workspaces/adi_ros_dev/src/imu_ros2/install/adi_imu/share/adi_imu/cmake/adi_imuConfig.cmake
-- Installing: /home/tudor/ROS_workspaces/adi_ros_dev/src/imu_ros2/install/adi_imu/share/adi_imu/cmake/adi_imuConfig-version.cmake
-- Installing: /home/tudor/ROS_workspaces/adi_ros_dev/src/imu_ros2/install/adi_imu/share/adi_imu/package.xml
