[0.013s] Invoking command in '/home/tudor/ROS_workspaces/adi_ros_dev/src/imu_ros2/build/adi_imu': CMAKE_PREFIX_PATH=/opt/ros/humble /usr/bin/cmake /home/tudor/ROS_workspaces/adi_ros_dev/src/imu_ros2 -DCMAKE_INSTALL_PREFIX=/home/tudor/ROS_workspaces/adi_ros_dev/src/imu_ros2/install/adi_imu
[0.178s] -- The C compiler identification is GNU 11.4.0
[0.504s] -- The CXX compiler identification is GNU 11.4.0
[0.660s] -- Detecting C compiler ABI info
[0.745s] -- Detecting C compiler ABI info - done
[0.748s] -- Check for working C compiler: /usr/bin/cc - skipped
[0.750s] -- Detecting C compile features
[0.751s] -- Detecting C compile features - done
[0.754s] -- Detecting CXX compiler ABI info
[0.845s] -- Detecting CXX compiler ABI info - done
[0.852s] -- Check for working CXX compiler: /usr/bin/c++ - skipped
[0.852s] -- Detecting CXX compile features
[0.853s] -- Detecting CXX compile features - done
[0.877s] -- Found ament_cmake: 1.3.12 (/opt/ros/humble/share/ament_cmake/cmake)
[1.057s] -- Found Python3: /usr/bin/python3 (found version "3.10.12") found components: Interpreter 
[1.181s] -- Found rclcpp: 16.0.17 (/opt/ros/humble/share/rclcpp/cmake)
[1.375s] -- Found rosidl_generator_c: 3.1.8 (/opt/ros/humble/share/rosidl_generator_c/cmake)
[1.382s] -- Found rosidl_adapter: 3.1.8 (/opt/ros/humble/share/rosidl_adapter/cmake)
[1.398s] -- Found rosidl_generator_cpp: 3.1.8 (/opt/ros/humble/share/rosidl_generator_cpp/cmake)
[1.422s] -- Using all available rosidl_typesupport_c: rosidl_typesupport_fastrtps_c;rosidl_typesupport_introspection_c
[1.446s] -- Using all available rosidl_typesupport_cpp: rosidl_typesupport_fastrtps_cpp;rosidl_typesupport_introspection_cpp
[1.505s] -- Found rmw_implementation_cmake: 6.1.2 (/opt/ros/humble/share/rmw_implementation_cmake/cmake)
[1.508s] -- Found rmw_fastrtps_cpp: 6.2.9 (/opt/ros/humble/share/rmw_fastrtps_cpp/cmake)
[2.266s] -- Found OpenSSL: /usr/lib/x86_64-linux-gnu/libcrypto.so (found version "3.0.2")  
[2.807s] -- Found FastRTPS: /opt/ros/humble/include  
[4.162s] -- Using RMW implementation 'rmw_fastrtps_cpp' as default
[4.183s] -- Looking for pthread.h
[4.310s] -- Looking for pthread.h - found
[4.310s] -- Performing Test CMAKE_HAVE_LIBC_PTHREAD
[4.419s] -- Performing Test CMAKE_HAVE_LIBC_PTHREAD - Success
[4.420s] -- Found Threads: TRUE  
[4.498s] -- Found sensor_msgs: 4.9.0 (/opt/ros/humble/share/sensor_msgs/cmake)
[4.537s] -- Found rosidl_default_generators: 1.2.0 (/opt/ros/humble/share/rosidl_default_generators/cmake)
[4.859s] -- Found ament_cmake_ros: 0.10.0 (/opt/ros/humble/share/ament_cmake_ros/cmake)
[5.250s] -- Using all available rosidl_typesupport_c: rosidl_typesupport_fastrtps_c;rosidl_typesupport_introspection_c
[5.417s] -- Using all available rosidl_typesupport_cpp: rosidl_typesupport_fastrtps_cpp;rosidl_typesupport_introspection_cpp
[5.495s] -- Found PythonInterp: /usr/bin/python3 (found suitable version "3.10.12", minimum required is "3.6") 
[5.499s] -- Found python_cmake_module: 0.10.0 (/opt/ros/humble/share/python_cmake_module/cmake)
[5.695s] -- Found PythonLibs: /usr/lib/x86_64-linux-gnu/libpython3.10.so (found suitable version "3.10.12", minimum required is "3.5") 
[5.696s] -- Using PYTHON_EXECUTABLE: /usr/bin/python3
[5.696s] -- Using PYTHON_INCLUDE_DIRS: /usr/include/python3.10
[5.696s] -- Using PYTHON_LIBRARIES: /usr/lib/x86_64-linux-gnu/libpython3.10.so
[5.720s] -- Found PythonExtra: .so  
[5.791s] -- Found ament_lint_auto: 0.12.14 (/opt/ros/humble/share/ament_lint_auto/cmake)
[7.053s] -- Integration tests disabled. Set IMU_ROS2_ENABLE_HW_TESTS=1 environment variable to enable
[7.140s] -- Added test 'lint_cmake' to check CMake code style
[7.146s] -- Added test 'xmllint' to check XML markup files
[7.149s] -- Configuring done
[7.205s] -- Generating done
[7.217s] -- Build files have been written to: /home/tudor/ROS_workspaces/adi_ros_dev/src/imu_ros2/build/adi_imu
[7.229s] Invoked command in '/home/tudor/ROS_workspaces/adi_ros_dev/src/imu_ros2/build/adi_imu' returned '0': CMAKE_PREFIX_PATH=/opt/ros/humble /usr/bin/cmake /home/tudor/ROS_workspaces/adi_ros_dev/src/imu_ros2 -DCMAKE_INSTALL_PREFIX=/home/tudor/ROS_workspaces/adi_ros_dev/src/imu_ros2/install/adi_imu
[7.232s] Invoking command in '/home/tudor/ROS_workspaces/adi_ros_dev/src/imu_ros2/build/adi_imu': CMAKE_PREFIX_PATH=/opt/ros/humble /usr/bin/cmake --build /home/tudor/ROS_workspaces/adi_ros_dev/src/imu_ros2/build/adi_imu -- -j16 -l16
[7.270s] [  1%] [34m[1mGenerating C code for ROS interfaces[0m
[7.279s] [  1%] [34m[1mGenerating C++ code for ROS interfaces[0m
[7.288s] [  1%] Built target ament_cmake_python_copy_adi_imu
[7.482s] running egg_info
[7.482s] creating adi_imu.egg-info
[7.483s] writing adi_imu.egg-info/PKG-INFO
[7.483s] writing dependency_links to adi_imu.egg-info/dependency_links.txt
[7.483s] writing top-level names to adi_imu.egg-info/top_level.txt
[7.483s] writing manifest file 'adi_imu.egg-info/SOURCES.txt'
[7.485s] reading manifest file 'adi_imu.egg-info/SOURCES.txt'
[7.486s] writing manifest file 'adi_imu.egg-info/SOURCES.txt'
[7.507s] [  1%] Built target ament_cmake_python_build_adi_imu_egg
[8.611s] [  3%] [32mBuilding C object CMakeFiles/adi_imu__rosidl_generator_c.dir/rosidl_generator_c/adi_imu/msg/detail/imu_diag_data_adis1646_x__functions.c.o[0m
[8.611s] [  3%] [32mBuilding C object CMakeFiles/adi_imu__rosidl_generator_c.dir/rosidl_generator_c/adi_imu/msg/detail/imu_diag_data_adis1647_x__functions.c.o[0m
[8.612s] [  3%] [32mBuilding C object CMakeFiles/adi_imu__rosidl_generator_c.dir/rosidl_generator_c/adi_imu/msg/detail/accel_gyro_temp_data__functions.c.o[0m
[8.613s] [  3%] [32mBuilding C object CMakeFiles/adi_imu__rosidl_generator_c.dir/rosidl_generator_c/adi_imu/msg/detail/imu_diag_data_adis1654_x__functions.c.o[0m
[8.616s] [  4%] [32mBuilding C object CMakeFiles/adi_imu__rosidl_generator_c.dir/rosidl_generator_c/adi_imu/msg/detail/imu_diag_data_adis1650_x__functions.c.o[0m
[8.623s] [  5%] [32mBuilding C object CMakeFiles/adi_imu__rosidl_generator_c.dir/rosidl_generator_c/adi_imu/msg/detail/imu_diag_data_adis1655_x__functions.c.o[0m
[8.623s] [  6%] [32mBuilding C object CMakeFiles/adi_imu__rosidl_generator_c.dir/rosidl_generator_c/adi_imu/msg/detail/imu_diag_data_adis1657_x__functions.c.o[0m
[8.623s] [  6%] [32mBuilding C object CMakeFiles/adi_imu__rosidl_generator_c.dir/rosidl_generator_c/adi_imu/msg/detail/imu_identification_data__functions.c.o[0m
[8.631s] [  8%] [32mBuilding C object CMakeFiles/adi_imu__rosidl_generator_c.dir/rosidl_generator_c/adi_imu/msg/detail/imu_full_measured_data__functions.c.o[0m
[8.632s] [  8%] [32mBuilding C object CMakeFiles/adi_imu__rosidl_generator_c.dir/rosidl_generator_c/adi_imu/msg/detail/vel_ang_temp_data__functions.c.o[0m
[8.668s] [  8%] Built target adi_imu__cpp
[8.682s] [  9%] [34m[1mGenerating C++ type support dispatch for ROS interfaces[0m
[8.686s] [ 10%] [34m[1mGenerating C++ introspection for ROS interfaces[0m
[8.686s] [ 10%] [34m[1mGenerating C++ type support for eProsima Fast-RTPS[0m
[8.699s] [ 11%] [32m[1mLinking C shared library libadi_imu__rosidl_generator_c.so[0m
[8.770s] [ 11%] Built target adi_imu__rosidl_generator_c
[8.779s] [ 13%] [34m[1mGenerating C type support for eProsima Fast-RTPS[0m
[8.779s] [ 13%] [34m[1mGenerating C type support dispatch for ROS interfaces[0m
[8.779s] [ 13%] [34m[1mGenerating C introspection for ROS interfaces[0m
[9.851s] [ 14%] [32mBuilding CXX object CMakeFiles/adi_imu__rosidl_typesupport_cpp.dir/rosidl_typesupport_cpp/adi_imu/msg/accel_gyro_temp_data__type_support.cpp.o[0m
[9.851s] [ 14%] [32mBuilding CXX object CMakeFiles/adi_imu__rosidl_typesupport_cpp.dir/rosidl_typesupport_cpp/adi_imu/msg/imu_diag_data_adis1657_x__type_support.cpp.o[0m
[9.851s] [ 15%] [32mBuilding CXX object CMakeFiles/adi_imu__rosidl_typesupport_cpp.dir/rosidl_typesupport_cpp/adi_imu/msg/imu_diag_data_adis1646_x__type_support.cpp.o[0m
[9.851s] [ 16%] [32mBuilding CXX object CMakeFiles/adi_imu__rosidl_typesupport_cpp.dir/rosidl_typesupport_cpp/adi_imu/msg/imu_full_measured_data__type_support.cpp.o[0m
[9.854s] [ 14%] [32mBuilding CXX object CMakeFiles/adi_imu__rosidl_typesupport_cpp.dir/rosidl_typesupport_cpp/adi_imu/msg/imu_diag_data_adis1647_x__type_support.cpp.o[0m
[9.854s] [ 17%] [32mBuilding CXX object CMakeFiles/adi_imu__rosidl_typesupport_cpp.dir/rosidl_typesupport_cpp/adi_imu/msg/imu_diag_data_adis1654_x__type_support.cpp.o[0m
[9.855s] [ 19%] [32mBuilding CXX object CMakeFiles/adi_imu__rosidl_typesupport_cpp.dir/rosidl_typesupport_cpp/adi_imu/msg/imu_diag_data_adis1655_x__type_support.cpp.o[0m
[9.855s] [ 19%] [32mBuilding CXX object CMakeFiles/adi_imu__rosidl_typesupport_cpp.dir/rosidl_typesupport_cpp/adi_imu/msg/imu_diag_data_adis1650_x__type_support.cpp.o[0m
[9.855s] [ 20%] [32mBuilding CXX object CMakeFiles/adi_imu__rosidl_typesupport_cpp.dir/rosidl_typesupport_cpp/adi_imu/msg/imu_identification_data__type_support.cpp.o[0m
[9.855s] [ 21%] [32mBuilding CXX object CMakeFiles/adi_imu__rosidl_typesupport_cpp.dir/rosidl_typesupport_cpp/adi_imu/msg/vel_ang_temp_data__type_support.cpp.o[0m
[9.999s] [ 21%] [32mBuilding CXX object CMakeFiles/adi_imu__rosidl_typesupport_introspection_cpp.dir/rosidl_typesupport_introspection_cpp/adi_imu/msg/detail/accel_gyro_temp_data__type_support.cpp.o[0m
[10.048s] [ 22%] [32mBuilding CXX object CMakeFiles/adi_imu__rosidl_typesupport_introspection_cpp.dir/rosidl_typesupport_introspection_cpp/adi_imu/msg/detail/imu_diag_data_adis1646_x__type_support.cpp.o[0m
[10.107s] [ 23%] [32mBuilding CXX object CMakeFiles/adi_imu__rosidl_typesupport_c.dir/rosidl_typesupport_c/adi_imu/msg/accel_gyro_temp_data__type_support.cpp.o[0m
[10.197s] [ 23%] [32mBuilding CXX object CMakeFiles/adi_imu__rosidl_typesupport_c.dir/rosidl_typesupport_c/adi_imu/msg/imu_diag_data_adis1646_x__type_support.cpp.o[0m
[10.239s] [ 24%] [32mBuilding CXX object CMakeFiles/adi_imu__rosidl_typesupport_c.dir/rosidl_typesupport_c/adi_imu/msg/imu_diag_data_adis1647_x__type_support.cpp.o[0m
[10.255s] [ 25%] [32mBuilding CXX object CMakeFiles/adi_imu__rosidl_typesupport_introspection_cpp.dir/rosidl_typesupport_introspection_cpp/adi_imu/msg/detail/imu_diag_data_adis1647_x__type_support.cpp.o[0m
[10.255s] [ 25%] [32mBuilding CXX object CMakeFiles/adi_imu__rosidl_typesupport_c.dir/rosidl_typesupport_c/adi_imu/msg/imu_diag_data_adis1654_x__type_support.cpp.o[0m
[10.256s] [ 26%] [32mBuilding CXX object CMakeFiles/adi_imu__rosidl_typesupport_c.dir/rosidl_typesupport_c/adi_imu/msg/imu_diag_data_adis1650_x__type_support.cpp.o[0m
[10.268s] [ 27%] [32mBuilding CXX object CMakeFiles/adi_imu__rosidl_typesupport_c.dir/rosidl_typesupport_c/adi_imu/msg/imu_diag_data_adis1655_x__type_support.cpp.o[0m
[10.271s] [ 28%] [32mBuilding CXX object CMakeFiles/adi_imu__rosidl_typesupport_c.dir/rosidl_typesupport_c/adi_imu/msg/imu_diag_data_adis1657_x__type_support.cpp.o[0m
[10.277s] [ 29%] [32mBuilding CXX object CMakeFiles/adi_imu__rosidl_typesupport_introspection_cpp.dir/rosidl_typesupport_introspection_cpp/adi_imu/msg/detail/imu_diag_data_adis1650_x__type_support.cpp.o[0m
[10.288s] [ 30%] [32mBuilding CXX object CMakeFiles/adi_imu__rosidl_typesupport_c.dir/rosidl_typesupport_c/adi_imu/msg/imu_full_measured_data__type_support.cpp.o[0m
[10.288s] [ 30%] [32mBuilding CXX object CMakeFiles/adi_imu__rosidl_typesupport_introspection_cpp.dir/rosidl_typesupport_introspection_cpp/adi_imu/msg/detail/imu_diag_data_adis1654_x__type_support.cpp.o[0m
[10.290s] [ 32%] [32mBuilding CXX object CMakeFiles/adi_imu__rosidl_typesupport_introspection_cpp.dir/rosidl_typesupport_introspection_cpp/adi_imu/msg/detail/imu_diag_data_adis1655_x__type_support.cpp.o[0m
[10.290s] [ 32%] [32mBuilding CXX object CMakeFiles/adi_imu__rosidl_typesupport_introspection_cpp.dir/rosidl_typesupport_introspection_cpp/adi_imu/msg/detail/imu_diag_data_adis1657_x__type_support.cpp.o[0m
[10.293s] [ 33%] [32mBuilding CXX object CMakeFiles/adi_imu__rosidl_typesupport_introspection_cpp.dir/rosidl_typesupport_introspection_cpp/adi_imu/msg/detail/imu_full_measured_data__type_support.cpp.o[0m
[10.293s] [ 34%] [32mBuilding CXX object CMakeFiles/adi_imu__rosidl_typesupport_fastrtps_cpp.dir/rosidl_typesupport_fastrtps_cpp/adi_imu/msg/detail/dds_fastrtps/accel_gyro_temp_data__type_support.cpp.o[0m
[10.294s] [ 34%] [32m[1mLinking CXX shared library libadi_imu__rosidl_typesupport_cpp.so[0m
[10.311s] [ 34%] [32mBuilding CXX object CMakeFiles/adi_imu__rosidl_typesupport_c.dir/rosidl_typesupport_c/adi_imu/msg/imu_identification_data__type_support.cpp.o[0m
[10.319s] [ 35%] [32mBuilding C object CMakeFiles/adi_imu__rosidl_typesupport_introspection_c.dir/rosidl_typesupport_introspection_c/adi_imu/msg/detail/accel_gyro_temp_data__type_support.c.o[0m
[10.320s] [ 35%] [32mBuilding CXX object CMakeFiles/adi_imu__rosidl_typesupport_introspection_cpp.dir/rosidl_typesupport_introspection_cpp/adi_imu/msg/detail/imu_identification_data__type_support.cpp.o[0m
[10.321s] [ 36%] [32mBuilding CXX object CMakeFiles/adi_imu__rosidl_typesupport_c.dir/rosidl_typesupport_c/adi_imu/msg/vel_ang_temp_data__type_support.cpp.o[0m
[10.337s] [ 37%] [32mBuilding C object CMakeFiles/adi_imu__rosidl_typesupport_introspection_c.dir/rosidl_typesupport_introspection_c/adi_imu/msg/detail/imu_diag_data_adis1646_x__type_support.c.o[0m
[10.349s] [ 38%] [32mBuilding C object CMakeFiles/adi_imu__rosidl_typesupport_introspection_c.dir/rosidl_typesupport_introspection_c/adi_imu/msg/detail/imu_diag_data_adis1647_x__type_support.c.o[0m
[10.380s] [ 39%] [32m[1mLinking CXX shared library libadi_imu__rosidl_typesupport_c.so[0m
[10.393s] [ 39%] [32mBuilding C object CMakeFiles/adi_imu__rosidl_typesupport_introspection_c.dir/rosidl_typesupport_introspection_c/adi_imu/msg/detail/imu_diag_data_adis1650_x__type_support.c.o[0m
[10.395s] [ 40%] [32mBuilding CXX object CMakeFiles/adi_imu__rosidl_typesupport_fastrtps_cpp.dir/rosidl_typesupport_fastrtps_cpp/adi_imu/msg/detail/dds_fastrtps/imu_diag_data_adis1647_x__type_support.cpp.o[0m
[10.402s] [ 41%] [32mBuilding CXX object CMakeFiles/adi_imu__rosidl_typesupport_fastrtps_cpp.dir/rosidl_typesupport_fastrtps_cpp/adi_imu/msg/detail/dds_fastrtps/imu_diag_data_adis1646_x__type_support.cpp.o[0m
[10.438s] [ 42%] [32mBuilding C object CMakeFiles/adi_imu__rosidl_typesupport_introspection_c.dir/rosidl_typesupport_introspection_c/adi_imu/msg/detail/imu_diag_data_adis1654_x__type_support.c.o[0m
[10.438s] [ 43%] [32mBuilding CXX object CMakeFiles/adi_imu__rosidl_typesupport_fastrtps_c.dir/rosidl_typesupport_fastrtps_c/adi_imu/msg/detail/accel_gyro_temp_data__type_support_c.cpp.o[0m
[10.478s] [ 43%] Built target adi_imu__rosidl_typesupport_cpp
[10.495s] [ 44%] [32mBuilding C object CMakeFiles/adi_imu__rosidl_typesupport_introspection_c.dir/rosidl_typesupport_introspection_c/adi_imu/msg/detail/imu_diag_data_adis1655_x__type_support.c.o[0m
[10.520s] [ 45%] [32mBuilding CXX object CMakeFiles/adi_imu_node.dir/src/accelgyrotemp_data_provider.cpp.o[0m
[10.539s] [ 46%] [32mBuilding CXX object CMakeFiles/adi_imu__rosidl_typesupport_introspection_cpp.dir/rosidl_typesupport_introspection_cpp/adi_imu/msg/detail/vel_ang_temp_data__type_support.cpp.o[0m
[10.566s] [ 46%] [32mBuilding C object CMakeFiles/adi_imu__rosidl_typesupport_introspection_c.dir/rosidl_typesupport_introspection_c/adi_imu/msg/detail/imu_diag_data_adis1657_x__type_support.c.o[0m
[10.573s] [ 46%] Built target adi_imu__rosidl_typesupport_c
[10.585s] [ 46%] [32mBuilding CXX object CMakeFiles/adi_imu_node.dir/src/accelgyrotemp_ros_publisher.cpp.o[0m
[10.625s] [ 46%] [32mBuilding CXX object CMakeFiles/adi_imu__rosidl_typesupport_fastrtps_cpp.dir/rosidl_typesupport_fastrtps_cpp/adi_imu/msg/detail/dds_fastrtps/imu_diag_data_adis1650_x__type_support.cpp.o[0m
[10.629s] [ 47%] [32mBuilding C object CMakeFiles/adi_imu__rosidl_typesupport_introspection_c.dir/rosidl_typesupport_introspection_c/adi_imu/msg/detail/imu_full_measured_data__type_support.c.o[0m
[10.694s] [ 48%] [32mBuilding C object CMakeFiles/adi_imu__rosidl_typesupport_introspection_c.dir/rosidl_typesupport_introspection_c/adi_imu/msg/detail/imu_identification_data__type_support.c.o[0m
[10.746s] [ 49%] [32mBuilding C object CMakeFiles/adi_imu__rosidl_typesupport_introspection_c.dir/rosidl_typesupport_introspection_c/adi_imu/msg/detail/vel_ang_temp_data__type_support.c.o[0m
[10.797s] [ 50%] [32mBuilding CXX object CMakeFiles/adi_imu__rosidl_typesupport_fastrtps_c.dir/rosidl_typesupport_fastrtps_c/adi_imu/msg/detail/imu_diag_data_adis1646_x__type_support_c.cpp.o[0m
[10.801s] [ 50%] [32m[1mLinking C shared library libadi_imu__rosidl_typesupport_introspection_c.so[0m
[10.809s] [ 51%] [32mBuilding CXX object CMakeFiles/adi_imu__rosidl_typesupport_fastrtps_cpp.dir/rosidl_typesupport_fastrtps_cpp/adi_imu/msg/detail/dds_fastrtps/imu_diag_data_adis1654_x__type_support.cpp.o[0m
[10.815s] [ 52%] [32mBuilding CXX object CMakeFiles/adi_imu_node.dir/src/adis1646x_register_map.cpp.o[0m
[10.843s] [ 53%] [32mBuilding CXX object CMakeFiles/adi_imu__rosidl_typesupport_fastrtps_cpp.dir/rosidl_typesupport_fastrtps_cpp/adi_imu/msg/detail/dds_fastrtps/imu_diag_data_adis1655_x__type_support.cpp.o[0m
[10.869s] [ 54%] [32mBuilding CXX object CMakeFiles/adi_imu_node.dir/src/adis1650x_register_map.cpp.o[0m
[10.871s] [ 54%] [32mBuilding CXX object CMakeFiles/adi_imu__rosidl_typesupport_fastrtps_c.dir/rosidl_typesupport_fastrtps_c/adi_imu/msg/detail/imu_diag_data_adis1647_x__type_support_c.cpp.o[0m
[10.872s] [ 55%] [32mBuilding CXX object CMakeFiles/adi_imu_node.dir/src/adis1647x_register_map.cpp.o[0m
[10.881s] [ 56%] [32mBuilding CXX object CMakeFiles/adi_imu__rosidl_typesupport_fastrtps_cpp.dir/rosidl_typesupport_fastrtps_cpp/adi_imu/msg/detail/dds_fastrtps/imu_diag_data_adis1657_x__type_support.cpp.o[0m
[10.890s] [ 56%] Built target adi_imu__rosidl_typesupport_introspection_c
[10.906s] [ 56%] [32mBuilding CXX object CMakeFiles/adi_imu_node.dir/src/adis1654x_register_map.cpp.o[0m
[10.952s] [ 57%] [32mBuilding CXX object CMakeFiles/adi_imu__rosidl_typesupport_fastrtps_cpp.dir/rosidl_typesupport_fastrtps_cpp/adi_imu/msg/detail/dds_fastrtps/imu_identification_data__type_support.cpp.o[0m
[10.952s] [ 57%] [32mBuilding CXX object CMakeFiles/adi_imu__rosidl_typesupport_fastrtps_cpp.dir/rosidl_typesupport_fastrtps_cpp/adi_imu/msg/detail/dds_fastrtps/imu_full_measured_data__type_support.cpp.o[0m
[10.980s] [ 58%] [32mBuilding CXX object CMakeFiles/adi_imu_node.dir/src/adis1655x_register_map.cpp.o[0m
[11.052s] [ 59%] [32m[1mLinking CXX shared library libadi_imu__rosidl_typesupport_introspection_cpp.so[0m
[11.154s] [ 60%] [32mBuilding CXX object CMakeFiles/adi_imu__rosidl_typesupport_fastrtps_cpp.dir/rosidl_typesupport_fastrtps_cpp/adi_imu/msg/detail/dds_fastrtps/vel_ang_temp_data__type_support.cpp.o[0m
[11.168s] [ 60%] Built target adi_imu__rosidl_typesupport_introspection_cpp
[11.180s] [ 61%] [32mBuilding CXX object CMakeFiles/adi_imu__rosidl_typesupport_fastrtps_c.dir/rosidl_typesupport_fastrtps_c/adi_imu/msg/detail/imu_diag_data_adis1650_x__type_support_c.cpp.o[0m
[11.268s] [ 62%] [32mBuilding CXX object CMakeFiles/adi_imu__rosidl_typesupport_fastrtps_c.dir/rosidl_typesupport_fastrtps_c/adi_imu/msg/detail/imu_diag_data_adis1654_x__type_support_c.cpp.o[0m
[11.303s] [ 63%] [32mBuilding CXX object CMakeFiles/adi_imu_node.dir/src/adis1657x_register_map.cpp.o[0m
[11.332s] [ 63%] [32mBuilding CXX object CMakeFiles/adi_imu_node.dir/src/adis_device_factory.cpp.o[0m
[11.363s] [ 64%] [32mBuilding CXX object CMakeFiles/adi_imu_node.dir/src/adis_register_map.cpp.o[0m
[11.366s] [ 64%] [32mBuilding CXX object CMakeFiles/adi_imu__rosidl_typesupport_fastrtps_c.dir/rosidl_typesupport_fastrtps_c/adi_imu/msg/detail/imu_diag_data_adis1655_x__type_support_c.cpp.o[0m
[11.445s] [ 65%] [32mBuilding CXX object CMakeFiles/adi_imu_node.dir/src/ewma_covariance_provider.cpp.o[0m
[11.453s] [ 66%] [32mBuilding CXX object CMakeFiles/adi_imu__rosidl_typesupport_fastrtps_c.dir/rosidl_typesupport_fastrtps_c/adi_imu/msg/detail/imu_diag_data_adis1657_x__type_support_c.cpp.o[0m
[11.615s] [ 67%] [32mBuilding CXX object CMakeFiles/adi_imu_node.dir/src/iio_wrapper.cpp.o[0m
[11.665s] [ 68%] [32m[1mLinking CXX shared library libadi_imu__rosidl_typesupport_fastrtps_cpp.so[0m
[11.705s] [ 69%] [32mBuilding CXX object CMakeFiles/adi_imu__rosidl_typesupport_fastrtps_c.dir/rosidl_typesupport_fastrtps_c/adi_imu/msg/detail/imu_full_measured_data__type_support_c.cpp.o[0m
[11.729s] [ 70%] [32mBuilding CXX object CMakeFiles/adi_imu__rosidl_typesupport_fastrtps_c.dir/rosidl_typesupport_fastrtps_c/adi_imu/msg/detail/imu_identification_data__type_support_c.cpp.o[0m
[11.744s] [ 70%] [32mBuilding CXX object CMakeFiles/adi_imu__rosidl_typesupport_fastrtps_c.dir/rosidl_typesupport_fastrtps_c/adi_imu/msg/detail/vel_ang_temp_data__type_support_c.cpp.o[0m
[11.795s] [ 70%] [32mBuilding CXX object CMakeFiles/adi_imu_node.dir/src/imu_control_parameters.cpp.o[0m
[11.802s] [ 71%] [32mBuilding CXX object CMakeFiles/adi_imu_node.dir/src/imu_covariance_factory.cpp.o[0m
[11.806s] [ 72%] [32mBuilding CXX object CMakeFiles/adi_imu_node.dir/src/imu_diag_data_provider.cpp.o[0m
[11.808s] [ 73%] [32mBuilding CXX object CMakeFiles/adi_imu_node.dir/src/imu_data_provider.cpp.o[0m
[11.820s] [ 73%] Built target adi_imu__rosidl_typesupport_fastrtps_cpp
[11.844s] [ 73%] [32mBuilding CXX object CMakeFiles/adi_imu_node.dir/src/imu_full_measured_data_provider.cpp.o[0m
[11.894s] [ 74%] [32mBuilding CXX object CMakeFiles/adi_imu_node.dir/src/imu_full_measured_data_ros_publisher.cpp.o[0m
[11.925s] [ 75%] [32mBuilding CXX object CMakeFiles/adi_imu_node.dir/src/imu_identification_data_provider.cpp.o[0m
[12.178s] [ 76%] [32mBuilding CXX object CMakeFiles/adi_imu_node.dir/src/imu_identification_ros_publisher.cpp.o[0m
[12.183s] [ 76%] [32mBuilding CXX object CMakeFiles/adi_imu_node.dir/src/imu_ros2_node.cpp.o[0m
[12.194s] [ 77%] [32m[1mLinking CXX shared library libadi_imu__rosidl_typesupport_fastrtps_c.so[0m
[12.377s] [ 78%] [32mBuilding CXX object CMakeFiles/adi_imu_node.dir/src/imu_ros_publisher.cpp.o[0m
[12.417s] [ 78%] Built target adi_imu__rosidl_typesupport_fastrtps_c
[12.438s] [ 79%] [32mBuilding CXX object CMakeFiles/adi_imu_node.dir/src/kalman_covariance_provider.cpp.o[0m
[12.444s] [ 79%] Built target adi_imu
[12.456s] [ 80%] [32mBuilding CXX object CMakeFiles/adi_imu_node.dir/src/ros_publisher_group.cpp.o[0m
[12.544s] [ 80%] [32mBuilding CXX object CMakeFiles/adi_imu_node.dir/src/sliding_window_covariance_provider.cpp.o[0m
[12.732s] [ 81%] [32mBuilding CXX object CMakeFiles/adi_imu_node.dir/src/static_covariance_provider.cpp.o[0m
[13.118s] [ 82%] [32mBuilding CXX object CMakeFiles/adi_imu_node.dir/src/utils/adis_device_registry.cpp.o[0m
[13.264s] [ 83%] [34m[1mGenerating Python code for ROS interfaces[0m
[13.304s] [ 84%] [32mBuilding CXX object CMakeFiles/adi_imu_node.dir/src/velangtemp_data_provider.cpp.o[0m
[13.604s] [ 84%] [32mBuilding CXX object CMakeFiles/adi_imu_node.dir/src/velangtemp_ros_publisher.cpp.o[0m
[13.661s] [ 85%] [32mBuilding CXX object CMakeFiles/adi_imu_node.dir/src/welford_covariance_provider.cpp.o[0m
[13.791s] [ 86%] [32mBuilding CXX object CMakeFiles/adi_imu_node.dir/src/worker_thread.cpp.o[0m
[17.427s] [ 86%] Built target adi_imu__py
[17.451s] [ 87%] [32mBuilding C object CMakeFiles/adi_imu__rosidl_generator_py.dir/rosidl_generator_py/adi_imu/msg/_accel_gyro_temp_data_s.c.o[0m
[17.451s] [ 87%] [32mBuilding C object CMakeFiles/adi_imu__rosidl_generator_py.dir/rosidl_generator_py/adi_imu/msg/_imu_diag_data_adis1646_x_s.c.o[0m
[17.451s] [ 88%] [32mBuilding C object CMakeFiles/adi_imu__rosidl_generator_py.dir/rosidl_generator_py/adi_imu/msg/_imu_diag_data_adis1654_x_s.c.o[0m
[17.451s] [ 89%] [32mBuilding C object CMakeFiles/adi_imu__rosidl_generator_py.dir/rosidl_generator_py/adi_imu/msg/_imu_diag_data_adis1647_x_s.c.o[0m
[17.451s] [ 90%] [32mBuilding C object CMakeFiles/adi_imu__rosidl_generator_py.dir/rosidl_generator_py/adi_imu/msg/_imu_diag_data_adis1657_x_s.c.o[0m
[17.451s] [ 91%] [32mBuilding C object CMakeFiles/adi_imu__rosidl_generator_py.dir/rosidl_generator_py/adi_imu/msg/_imu_full_measured_data_s.c.o[0m
[17.451s] [ 91%] [32mBuilding C object CMakeFiles/adi_imu__rosidl_generator_py.dir/rosidl_generator_py/adi_imu/msg/_imu_diag_data_adis1655_x_s.c.o[0m
[17.453s] [ 92%] [32mBuilding C object CMakeFiles/adi_imu__rosidl_generator_py.dir/rosidl_generator_py/adi_imu/msg/_imu_identification_data_s.c.o[0m
[17.455s] [ 93%] [32mBuilding C object CMakeFiles/adi_imu__rosidl_generator_py.dir/rosidl_generator_py/adi_imu/msg/_imu_diag_data_adis1650_x_s.c.o[0m
[17.462s] [ 93%] [32mBuilding C object CMakeFiles/adi_imu__rosidl_generator_py.dir/rosidl_generator_py/adi_imu/msg/_vel_ang_temp_data_s.c.o[0m
[17.661s] [ 94%] [32m[1mLinking C shared library rosidl_generator_py/adi_imu/libadi_imu__rosidl_generator_py.so[0m
[17.736s] [ 94%] Built target adi_imu__rosidl_generator_py
[17.756s] [ 97%] [32mBuilding C object CMakeFiles/adi_imu__rosidl_typesupport_c__pyext.dir/rosidl_generator_py/adi_imu/_adi_imu_s.ep.rosidl_typesupport_c.c.o[0m
[17.756s] [ 97%] [32mBuilding C object CMakeFiles/adi_imu__rosidl_typesupport_introspection_c__pyext.dir/rosidl_generator_py/adi_imu/_adi_imu_s.ep.rosidl_typesupport_introspection_c.c.o[0m
[17.756s] [ 97%] [32mBuilding C object CMakeFiles/adi_imu__rosidl_typesupport_fastrtps_c__pyext.dir/rosidl_generator_py/adi_imu/_adi_imu_s.ep.rosidl_typesupport_fastrtps_c.c.o[0m
[17.858s] [ 98%] [32m[1mLinking C shared library rosidl_generator_py/adi_imu/adi_imu_s__rosidl_typesupport_fastrtps_c.cpython-310-x86_64-linux-gnu.so[0m
[17.861s] [ 99%] [32m[1mLinking C shared library rosidl_generator_py/adi_imu/adi_imu_s__rosidl_typesupport_introspection_c.cpython-310-x86_64-linux-gnu.so[0m
[17.864s] [ 99%] [32m[1mLinking C shared library rosidl_generator_py/adi_imu/adi_imu_s__rosidl_typesupport_c.cpython-310-x86_64-linux-gnu.so[0m
[17.939s] [ 99%] Built target adi_imu__rosidl_typesupport_c__pyext
[17.940s] [ 99%] Built target adi_imu__rosidl_typesupport_fastrtps_c__pyext
[17.950s] [ 99%] Built target adi_imu__rosidl_typesupport_introspection_c__pyext
[20.806s] [100%] [32m[1mLinking CXX executable adi_imu_node[0m
[21.443s] [100%] Built target adi_imu_node
[21.476s] Invoked command in '/home/tudor/ROS_workspaces/adi_ros_dev/src/imu_ros2/build/adi_imu' returned '0': CMAKE_PREFIX_PATH=/opt/ros/humble /usr/bin/cmake --build /home/tudor/ROS_workspaces/adi_ros_dev/src/imu_ros2/build/adi_imu -- -j16 -l16
[21.489s] Invoking command in '/home/tudor/ROS_workspaces/adi_ros_dev/src/imu_ros2/build/adi_imu': CMAKE_PREFIX_PATH=/opt/ros/humble /usr/bin/cmake --install /home/tudor/ROS_workspaces/adi_ros_dev/src/imu_ros2/build/adi_imu
[21.494s] -- Install configuration: ""
[21.494s] -- Installing: /home/tudor/ROS_workspaces/adi_ros_dev/src/imu_ros2/install/adi_imu/lib/adi_imu/adi_imu_node
[21.497s] -- Set runtime path of "/home/tudor/ROS_workspaces/adi_ros_dev/src/imu_ros2/install/adi_imu/lib/adi_imu/adi_imu_node" to ""
[21.498s] -- Installing: /home/tudor/ROS_workspaces/adi_ros_dev/src/imu_ros2/install/adi_imu/share/ament_index/resource_index/rosidl_interfaces/adi_imu
[21.498s] -- Installing: /home/tudor/ROS_workspaces/adi_ros_dev/src/imu_ros2/install/adi_imu/include/adi_imu/adi_imu
[21.498s] -- Installing: /home/tudor/ROS_workspaces/adi_ros_dev/src/imu_ros2/install/adi_imu/include/adi_imu/adi_imu/msg
[21.499s] -- Installing: /home/tudor/ROS_workspaces/adi_ros_dev/src/imu_ros2/install/adi_imu/include/adi_imu/adi_imu/msg/imu_diag_data_adis1655_x.h
[21.499s] -- Installing: /home/tudor/ROS_workspaces/adi_ros_dev/src/imu_ros2/install/adi_imu/include/adi_imu/adi_imu/msg/imu_identification_data.h
[21.499s] -- Installing: /home/tudor/ROS_workspaces/adi_ros_dev/src/imu_ros2/install/adi_imu/include/adi_imu/adi_imu/msg/imu_diag_data_adis1647_x.h
[21.499s] -- Installing: /home/tudor/ROS_workspaces/adi_ros_dev/src/imu_ros2/install/adi_imu/include/adi_imu/adi_imu/msg/imu_diag_data_adis1650_x.h
[21.499s] -- Installing: /home/tudor/ROS_workspaces/adi_ros_dev/src/imu_ros2/install/adi_imu/include/adi_imu/adi_imu/msg/rosidl_generator_c__visibility_control.h
[21.499s] -- Installing: /home/tudor/ROS_workspaces/adi_ros_dev/src/imu_ros2/install/adi_imu/include/adi_imu/adi_imu/msg/detail
[21.499s] -- Installing: /home/tudor/ROS_workspaces/adi_ros_dev/src/imu_ros2/install/adi_imu/include/adi_imu/adi_imu/msg/detail/imu_diag_data_adis1655_x__struct.h
[21.499s] -- Installing: /home/tudor/ROS_workspaces/adi_ros_dev/src/imu_ros2/install/adi_imu/include/adi_imu/adi_imu/msg/detail/imu_diag_data_adis1646_x__functions.c
[21.499s] -- Installing: /home/tudor/ROS_workspaces/adi_ros_dev/src/imu_ros2/install/adi_imu/include/adi_imu/adi_imu/msg/detail/imu_diag_data_adis1655_x__type_support.h
[21.500s] -- Installing: /home/tudor/ROS_workspaces/adi_ros_dev/src/imu_ros2/install/adi_imu/include/adi_imu/adi_imu/msg/detail/vel_ang_temp_data__functions.c
[21.500s] -- Installing: /home/tudor/ROS_workspaces/adi_ros_dev/src/imu_ros2/install/adi_imu/include/adi_imu/adi_imu/msg/detail/imu_identification_data__functions.c
[21.500s] -- Installing: /home/tudor/ROS_workspaces/adi_ros_dev/src/imu_ros2/install/adi_imu/include/adi_imu/adi_imu/msg/detail/imu_diag_data_adis1646_x__type_support.h
[21.500s] -- Installing: /home/tudor/ROS_workspaces/adi_ros_dev/src/imu_ros2/install/adi_imu/include/adi_imu/adi_imu/msg/detail/imu_diag_data_adis1654_x__functions.h
[21.500s] -- Installing: /home/tudor/ROS_workspaces/adi_ros_dev/src/imu_ros2/install/adi_imu/include/adi_imu/adi_imu/msg/detail/imu_diag_data_adis1647_x__struct.h
[21.500s] -- Installing: /home/tudor/ROS_workspaces/adi_ros_dev/src/imu_ros2/install/adi_imu/include/adi_imu/adi_imu/msg/detail/imu_full_measured_data__type_support.h
[21.500s] -- Installing: /home/tudor/ROS_workspaces/adi_ros_dev/src/imu_ros2/install/adi_imu/include/adi_imu/adi_imu/msg/detail/vel_ang_temp_data__struct.h
[21.501s] -- Installing: /home/tudor/ROS_workspaces/adi_ros_dev/src/imu_ros2/install/adi_imu/include/adi_imu/adi_imu/msg/detail/imu_identification_data__functions.h
[21.501s] -- Installing: /home/tudor/ROS_workspaces/adi_ros_dev/src/imu_ros2/install/adi_imu/include/adi_imu/adi_imu/msg/detail/imu_diag_data_adis1657_x__functions.c
[21.501s] -- Installing: /home/tudor/ROS_workspaces/adi_ros_dev/src/imu_ros2/install/adi_imu/include/adi_imu/adi_imu/msg/detail/imu_diag_data_adis1654_x__functions.c
[21.501s] -- Installing: /home/tudor/ROS_workspaces/adi_ros_dev/src/imu_ros2/install/adi_imu/include/adi_imu/adi_imu/msg/detail/imu_diag_data_adis1650_x__struct.h
[21.501s] -- Installing: /home/tudor/ROS_workspaces/adi_ros_dev/src/imu_ros2/install/adi_imu/include/adi_imu/adi_imu/msg/detail/imu_diag_data_adis1647_x__type_support.h
[21.501s] -- Installing: /home/tudor/ROS_workspaces/adi_ros_dev/src/imu_ros2/install/adi_imu/include/adi_imu/adi_imu/msg/detail/imu_diag_data_adis1647_x__functions.c
[21.501s] -- Installing: /home/tudor/ROS_workspaces/adi_ros_dev/src/imu_ros2/install/adi_imu/include/adi_imu/adi_imu/msg/detail/imu_identification_data__type_support.h
[21.501s] -- Installing: /home/tudor/ROS_workspaces/adi_ros_dev/src/imu_ros2/install/adi_imu/include/adi_imu/adi_imu/msg/detail/vel_ang_temp_data__functions.h
[21.501s] -- Installing: /home/tudor/ROS_workspaces/adi_ros_dev/src/imu_ros2/install/adi_imu/include/adi_imu/adi_imu/msg/detail/accel_gyro_temp_data__functions.h
[21.502s] -- Installing: /home/tudor/ROS_workspaces/adi_ros_dev/src/imu_ros2/install/adi_imu/include/adi_imu/adi_imu/msg/detail/imu_diag_data_adis1650_x__functions.h
[21.502s] -- Installing: /home/tudor/ROS_workspaces/adi_ros_dev/src/imu_ros2/install/adi_imu/include/adi_imu/adi_imu/msg/detail/imu_diag_data_adis1657_x__type_support.h
[21.502s] -- Installing: /home/tudor/ROS_workspaces/adi_ros_dev/src/imu_ros2/install/adi_imu/include/adi_imu/adi_imu/msg/detail/accel_gyro_temp_data__type_support.h
[21.502s] -- Installing: /home/tudor/ROS_workspaces/adi_ros_dev/src/imu_ros2/install/adi_imu/include/adi_imu/adi_imu/msg/detail/imu_diag_data_adis1647_x__functions.h
[21.502s] -- Installing: /home/tudor/ROS_workspaces/adi_ros_dev/src/imu_ros2/install/adi_imu/include/adi_imu/adi_imu/msg/detail/imu_diag_data_adis1654_x__struct.h
[21.502s] -- Installing: /home/tudor/ROS_workspaces/adi_ros_dev/src/imu_ros2/install/adi_imu/include/adi_imu/adi_imu/msg/detail/imu_full_measured_data__functions.c
[21.502s] -- Installing: /home/tudor/ROS_workspaces/adi_ros_dev/src/imu_ros2/install/adi_imu/include/adi_imu/adi_imu/msg/detail/imu_diag_data_adis1655_x__functions.c
[21.502s] -- Installing: /home/tudor/ROS_workspaces/adi_ros_dev/src/imu_ros2/install/adi_imu/include/adi_imu/adi_imu/msg/detail/vel_ang_temp_data__type_support.h
[21.502s] -- Installing: /home/tudor/ROS_workspaces/adi_ros_dev/src/imu_ros2/install/adi_imu/include/adi_imu/adi_imu/msg/detail/accel_gyro_temp_data__struct.h
[21.502s] -- Installing: /home/tudor/ROS_workspaces/adi_ros_dev/src/imu_ros2/install/adi_imu/include/adi_imu/adi_imu/msg/detail/imu_diag_data_adis1650_x__type_support.h
[21.502s] -- Installing: /home/tudor/ROS_workspaces/adi_ros_dev/src/imu_ros2/install/adi_imu/include/adi_imu/adi_imu/msg/detail/imu_identification_data__struct.h
[21.502s] -- Installing: /home/tudor/ROS_workspaces/adi_ros_dev/src/imu_ros2/install/adi_imu/include/adi_imu/adi_imu/msg/detail/imu_diag_data_adis1655_x__functions.h
[21.502s] -- Installing: /home/tudor/ROS_workspaces/adi_ros_dev/src/imu_ros2/install/adi_imu/include/adi_imu/adi_imu/msg/detail/imu_diag_data_adis1646_x__struct.h
[21.502s] -- Installing: /home/tudor/ROS_workspaces/adi_ros_dev/src/imu_ros2/install/adi_imu/include/adi_imu/adi_imu/msg/detail/imu_diag_data_adis1657_x__struct.h
[21.502s] -- Installing: /home/tudor/ROS_workspaces/adi_ros_dev/src/imu_ros2/install/adi_imu/include/adi_imu/adi_imu/msg/detail/imu_full_measured_data__struct.h
[21.502s] -- Installing: /home/tudor/ROS_workspaces/adi_ros_dev/src/imu_ros2/install/adi_imu/include/adi_imu/adi_imu/msg/detail/imu_diag_data_adis1654_x__type_support.h
[21.502s] -- Installing: /home/tudor/ROS_workspaces/adi_ros_dev/src/imu_ros2/install/adi_imu/include/adi_imu/adi_imu/msg/detail/imu_diag_data_adis1646_x__functions.h
[21.503s] -- Installing: /home/tudor/ROS_workspaces/adi_ros_dev/src/imu_ros2/install/adi_imu/include/adi_imu/adi_imu/msg/detail/accel_gyro_temp_data__functions.c
[21.503s] -- Installing: /home/tudor/ROS_workspaces/adi_ros_dev/src/imu_ros2/install/adi_imu/include/adi_imu/adi_imu/msg/detail/imu_diag_data_adis1650_x__functions.c
[21.503s] -- Installing: /home/tudor/ROS_workspaces/adi_ros_dev/src/imu_ros2/install/adi_imu/include/adi_imu/adi_imu/msg/detail/imu_diag_data_adis1657_x__functions.h
[21.503s] -- Installing: /home/tudor/ROS_workspaces/adi_ros_dev/src/imu_ros2/install/adi_imu/include/adi_imu/adi_imu/msg/detail/imu_full_measured_data__functions.h
[21.503s] -- Installing: /home/tudor/ROS_workspaces/adi_ros_dev/src/imu_ros2/install/adi_imu/include/adi_imu/adi_imu/msg/accel_gyro_temp_data.h
[21.503s] -- Installing: /home/tudor/ROS_workspaces/adi_ros_dev/src/imu_ros2/install/adi_imu/include/adi_imu/adi_imu/msg/vel_ang_temp_data.h
[21.504s] -- Installing: /home/tudor/ROS_workspaces/adi_ros_dev/src/imu_ros2/install/adi_imu/include/adi_imu/adi_imu/msg/imu_diag_data_adis1654_x.h
[21.504s] -- Installing: /home/tudor/ROS_workspaces/adi_ros_dev/src/imu_ros2/install/adi_imu/include/adi_imu/adi_imu/msg/imu_diag_data_adis1657_x.h
[21.504s] -- Installing: /home/tudor/ROS_workspaces/adi_ros_dev/src/imu_ros2/install/adi_imu/include/adi_imu/adi_imu/msg/imu_full_measured_data.h
[21.504s] -- Installing: /home/tudor/ROS_workspaces/adi_ros_dev/src/imu_ros2/install/adi_imu/include/adi_imu/adi_imu/msg/imu_diag_data_adis1646_x.h
[21.504s] -- Installing: /home/tudor/ROS_workspaces/adi_ros_dev/src/imu_ros2/install/adi_imu/share/adi_imu/environment/library_path.sh
[21.504s] -- Installing: /home/tudor/ROS_workspaces/adi_ros_dev/src/imu_ros2/install/adi_imu/share/adi_imu/environment/library_path.dsv
[21.504s] -- Installing: /home/tudor/ROS_workspaces/adi_ros_dev/src/imu_ros2/install/adi_imu/lib/libadi_imu__rosidl_generator_c.so
[21.505s] -- Set runtime path of "/home/tudor/ROS_workspaces/adi_ros_dev/src/imu_ros2/install/adi_imu/lib/libadi_imu__rosidl_generator_c.so" to ""
[21.505s] -- Up-to-date: /home/tudor/ROS_workspaces/adi_ros_dev/src/imu_ros2/install/adi_imu/include/adi_imu/adi_imu
[21.505s] -- Up-to-date: /home/tudor/ROS_workspaces/adi_ros_dev/src/imu_ros2/install/adi_imu/include/adi_imu/adi_imu/msg
[21.505s] -- Installing: /home/tudor/ROS_workspaces/adi_ros_dev/src/imu_ros2/install/adi_imu/include/adi_imu/adi_imu/msg/rosidl_typesupport_fastrtps_c__visibility_control.h
[21.505s] -- Up-to-date: /home/tudor/ROS_workspaces/adi_ros_dev/src/imu_ros2/install/adi_imu/include/adi_imu/adi_imu/msg/detail
[21.505s] -- Installing: /home/tudor/ROS_workspaces/adi_ros_dev/src/imu_ros2/install/adi_imu/include/adi_imu/adi_imu/msg/detail/imu_diag_data_adis1650_x__rosidl_typesupport_fastrtps_c.h
[21.505s] -- Installing: /home/tudor/ROS_workspaces/adi_ros_dev/src/imu_ros2/install/adi_imu/include/adi_imu/adi_imu/msg/detail/imu_diag_data_adis1657_x__rosidl_typesupport_fastrtps_c.h
[21.505s] -- Installing: /home/tudor/ROS_workspaces/adi_ros_dev/src/imu_ros2/install/adi_imu/include/adi_imu/adi_imu/msg/detail/imu_diag_data_adis1655_x__rosidl_typesupport_fastrtps_c.h
[21.505s] -- Installing: /home/tudor/ROS_workspaces/adi_ros_dev/src/imu_ros2/install/adi_imu/include/adi_imu/adi_imu/msg/detail/imu_diag_data_adis1646_x__rosidl_typesupport_fastrtps_c.h
[21.505s] -- Installing: /home/tudor/ROS_workspaces/adi_ros_dev/src/imu_ros2/install/adi_imu/include/adi_imu/adi_imu/msg/detail/imu_full_measured_data__rosidl_typesupport_fastrtps_c.h
[21.505s] -- Installing: /home/tudor/ROS_workspaces/adi_ros_dev/src/imu_ros2/install/adi_imu/include/adi_imu/adi_imu/msg/detail/vel_ang_temp_data__rosidl_typesupport_fastrtps_c.h
[21.505s] -- Installing: /home/tudor/ROS_workspaces/adi_ros_dev/src/imu_ros2/install/adi_imu/include/adi_imu/adi_imu/msg/detail/imu_diag_data_adis1647_x__rosidl_typesupport_fastrtps_c.h
[21.505s] -- Installing: /home/tudor/ROS_workspaces/adi_ros_dev/src/imu_ros2/install/adi_imu/include/adi_imu/adi_imu/msg/detail/accel_gyro_temp_data__rosidl_typesupport_fastrtps_c.h
[21.505s] -- Installing: /home/tudor/ROS_workspaces/adi_ros_dev/src/imu_ros2/install/adi_imu/include/adi_imu/adi_imu/msg/detail/imu_identification_data__rosidl_typesupport_fastrtps_c.h
[21.505s] -- Installing: /home/tudor/ROS_workspaces/adi_ros_dev/src/imu_ros2/install/adi_imu/include/adi_imu/adi_imu/msg/detail/imu_diag_data_adis1654_x__rosidl_typesupport_fastrtps_c.h
[21.506s] -- Installing: /home/tudor/ROS_workspaces/adi_ros_dev/src/imu_ros2/install/adi_imu/lib/libadi_imu__rosidl_typesupport_fastrtps_c.so
[21.506s] -- Set runtime path of "/home/tudor/ROS_workspaces/adi_ros_dev/src/imu_ros2/install/adi_imu/lib/libadi_imu__rosidl_typesupport_fastrtps_c.so" to ""
[21.506s] -- Up-to-date: /home/tudor/ROS_workspaces/adi_ros_dev/src/imu_ros2/install/adi_imu/include/adi_imu/adi_imu
[21.506s] -- Up-to-date: /home/tudor/ROS_workspaces/adi_ros_dev/src/imu_ros2/install/adi_imu/include/adi_imu/adi_imu/msg
[21.506s] -- Installing: /home/tudor/ROS_workspaces/adi_ros_dev/src/imu_ros2/install/adi_imu/include/adi_imu/adi_imu/msg/imu_identification_data.hpp
[21.506s] -- Installing: /home/tudor/ROS_workspaces/adi_ros_dev/src/imu_ros2/install/adi_imu/include/adi_imu/adi_imu/msg/imu_diag_data_adis1655_x.hpp
[21.506s] -- Installing: /home/tudor/ROS_workspaces/adi_ros_dev/src/imu_ros2/install/adi_imu/include/adi_imu/adi_imu/msg/accel_gyro_temp_data.hpp
[21.506s] -- Installing: /home/tudor/ROS_workspaces/adi_ros_dev/src/imu_ros2/install/adi_imu/include/adi_imu/adi_imu/msg/imu_diag_data_adis1646_x.hpp
[21.506s] -- Installing: /home/tudor/ROS_workspaces/adi_ros_dev/src/imu_ros2/install/adi_imu/include/adi_imu/adi_imu/msg/imu_diag_data_adis1647_x.hpp
[21.507s] -- Installing: /home/tudor/ROS_workspaces/adi_ros_dev/src/imu_ros2/install/adi_imu/include/adi_imu/adi_imu/msg/rosidl_generator_cpp__visibility_control.hpp
[21.507s] -- Installing: /home/tudor/ROS_workspaces/adi_ros_dev/src/imu_ros2/install/adi_imu/include/adi_imu/adi_imu/msg/imu_diag_data_adis1650_x.hpp
[21.507s] -- Installing: /home/tudor/ROS_workspaces/adi_ros_dev/src/imu_ros2/install/adi_imu/include/adi_imu/adi_imu/msg/imu_diag_data_adis1657_x.hpp
[21.507s] -- Up-to-date: /home/tudor/ROS_workspaces/adi_ros_dev/src/imu_ros2/install/adi_imu/include/adi_imu/adi_imu/msg/detail
[21.507s] -- Installing: /home/tudor/ROS_workspaces/adi_ros_dev/src/imu_ros2/install/adi_imu/include/adi_imu/adi_imu/msg/detail/accel_gyro_temp_data__traits.hpp
[21.507s] -- Installing: /home/tudor/ROS_workspaces/adi_ros_dev/src/imu_ros2/install/adi_imu/include/adi_imu/adi_imu/msg/detail/imu_diag_data_adis1657_x__builder.hpp
[21.508s] -- Installing: /home/tudor/ROS_workspaces/adi_ros_dev/src/imu_ros2/install/adi_imu/include/adi_imu/adi_imu/msg/detail/imu_diag_data_adis1650_x__type_support.hpp
[21.508s] -- Installing: /home/tudor/ROS_workspaces/adi_ros_dev/src/imu_ros2/install/adi_imu/include/adi_imu/adi_imu/msg/detail/imu_diag_data_adis1647_x__traits.hpp
[21.508s] -- Installing: /home/tudor/ROS_workspaces/adi_ros_dev/src/imu_ros2/install/adi_imu/include/adi_imu/adi_imu/msg/detail/imu_diag_data_adis1650_x__struct.hpp
[21.508s] -- Installing: /home/tudor/ROS_workspaces/adi_ros_dev/src/imu_ros2/install/adi_imu/include/adi_imu/adi_imu/msg/detail/imu_diag_data_adis1654_x__type_support.hpp
[21.508s] -- Installing: /home/tudor/ROS_workspaces/adi_ros_dev/src/imu_ros2/install/adi_imu/include/adi_imu/adi_imu/msg/detail/imu_diag_data_adis1646_x__traits.hpp
[21.508s] -- Installing: /home/tudor/ROS_workspaces/adi_ros_dev/src/imu_ros2/install/adi_imu/include/adi_imu/adi_imu/msg/detail/imu_full_measured_data__builder.hpp
[21.508s] -- Installing: /home/tudor/ROS_workspaces/adi_ros_dev/src/imu_ros2/install/adi_imu/include/adi_imu/adi_imu/msg/detail/imu_diag_data_adis1647_x__struct.hpp
[21.508s] -- Installing: /home/tudor/ROS_workspaces/adi_ros_dev/src/imu_ros2/install/adi_imu/include/adi_imu/adi_imu/msg/detail/vel_ang_temp_data__builder.hpp
[21.508s] -- Installing: /home/tudor/ROS_workspaces/adi_ros_dev/src/imu_ros2/install/adi_imu/include/adi_imu/adi_imu/msg/detail/imu_diag_data_adis1647_x__builder.hpp
[21.508s] -- Installing: /home/tudor/ROS_workspaces/adi_ros_dev/src/imu_ros2/install/adi_imu/include/adi_imu/adi_imu/msg/detail/vel_ang_temp_data__type_support.hpp
[21.508s] -- Installing: /home/tudor/ROS_workspaces/adi_ros_dev/src/imu_ros2/install/adi_imu/include/adi_imu/adi_imu/msg/detail/accel_gyro_temp_data__builder.hpp
[21.508s] -- Installing: /home/tudor/ROS_workspaces/adi_ros_dev/src/imu_ros2/install/adi_imu/include/adi_imu/adi_imu/msg/detail/imu_diag_data_adis1657_x__traits.hpp
[21.508s] -- Installing: /home/tudor/ROS_workspaces/adi_ros_dev/src/imu_ros2/install/adi_imu/include/adi_imu/adi_imu/msg/detail/imu_diag_data_adis1646_x__struct.hpp
[21.508s] -- Installing: /home/tudor/ROS_workspaces/adi_ros_dev/src/imu_ros2/install/adi_imu/include/adi_imu/adi_imu/msg/detail/imu_diag_data_adis1654_x__struct.hpp
[21.508s] -- Installing: /home/tudor/ROS_workspaces/adi_ros_dev/src/imu_ros2/install/adi_imu/include/adi_imu/adi_imu/msg/detail/imu_diag_data_adis1650_x__builder.hpp
[21.508s] -- Installing: /home/tudor/ROS_workspaces/adi_ros_dev/src/imu_ros2/install/adi_imu/include/adi_imu/adi_imu/msg/detail/imu_diag_data_adis1655_x__traits.hpp
[21.508s] -- Installing: /home/tudor/ROS_workspaces/adi_ros_dev/src/imu_ros2/install/adi_imu/include/adi_imu/adi_imu/msg/detail/accel_gyro_temp_data__struct.hpp
[21.508s] -- Installing: /home/tudor/ROS_workspaces/adi_ros_dev/src/imu_ros2/install/adi_imu/include/adi_imu/adi_imu/msg/detail/imu_diag_data_adis1655_x__type_support.hpp
[21.508s] -- Installing: /home/tudor/ROS_workspaces/adi_ros_dev/src/imu_ros2/install/adi_imu/include/adi_imu/adi_imu/msg/detail/imu_diag_data_adis1646_x__type_support.hpp
[21.508s] -- Installing: /home/tudor/ROS_workspaces/adi_ros_dev/src/imu_ros2/install/adi_imu/include/adi_imu/adi_imu/msg/detail/imu_diag_data_adis1647_x__type_support.hpp
[21.508s] -- Installing: /home/tudor/ROS_workspaces/adi_ros_dev/src/imu_ros2/install/adi_imu/include/adi_imu/adi_imu/msg/detail/imu_identification_data__traits.hpp
[21.508s] -- Installing: /home/tudor/ROS_workspaces/adi_ros_dev/src/imu_ros2/install/adi_imu/include/adi_imu/adi_imu/msg/detail/imu_diag_data_adis1646_x__builder.hpp
[21.508s] -- Installing: /home/tudor/ROS_workspaces/adi_ros_dev/src/imu_ros2/install/adi_imu/include/adi_imu/adi_imu/msg/detail/imu_identification_data__type_support.hpp
[21.508s] -- Installing: /home/tudor/ROS_workspaces/adi_ros_dev/src/imu_ros2/install/adi_imu/include/adi_imu/adi_imu/msg/detail/imu_diag_data_adis1654_x__traits.hpp
[21.508s] -- Installing: /home/tudor/ROS_workspaces/adi_ros_dev/src/imu_ros2/install/adi_imu/include/adi_imu/adi_imu/msg/detail/imu_full_measured_data__traits.hpp
[21.509s] -- Installing: /home/tudor/ROS_workspaces/adi_ros_dev/src/imu_ros2/install/adi_imu/include/adi_imu/adi_imu/msg/detail/imu_full_measured_data__type_support.hpp
[21.509s] -- Installing: /home/tudor/ROS_workspaces/adi_ros_dev/src/imu_ros2/install/adi_imu/include/adi_imu/adi_imu/msg/detail/vel_ang_temp_data__struct.hpp
[21.509s] -- Installing: /home/tudor/ROS_workspaces/adi_ros_dev/src/imu_ros2/install/adi_imu/include/adi_imu/adi_imu/msg/detail/imu_diag_data_adis1650_x__traits.hpp
[21.509s] -- Installing: /home/tudor/ROS_workspaces/adi_ros_dev/src/imu_ros2/install/adi_imu/include/adi_imu/adi_imu/msg/detail/imu_diag_data_adis1657_x__struct.hpp
[21.509s] -- Installing: /home/tudor/ROS_workspaces/adi_ros_dev/src/imu_ros2/install/adi_imu/include/adi_imu/adi_imu/msg/detail/vel_ang_temp_data__traits.hpp
[21.509s] -- Installing: /home/tudor/ROS_workspaces/adi_ros_dev/src/imu_ros2/install/adi_imu/include/adi_imu/adi_imu/msg/detail/imu_diag_data_adis1655_x__struct.hpp
[21.509s] -- Installing: /home/tudor/ROS_workspaces/adi_ros_dev/src/imu_ros2/install/adi_imu/include/adi_imu/adi_imu/msg/detail/imu_diag_data_adis1654_x__builder.hpp
[21.509s] -- Installing: /home/tudor/ROS_workspaces/adi_ros_dev/src/imu_ros2/install/adi_imu/include/adi_imu/adi_imu/msg/detail/imu_identification_data__struct.hpp
[21.509s] -- Installing: /home/tudor/ROS_workspaces/adi_ros_dev/src/imu_ros2/install/adi_imu/include/adi_imu/adi_imu/msg/detail/imu_diag_data_adis1655_x__builder.hpp
[21.509s] -- Installing: /home/tudor/ROS_workspaces/adi_ros_dev/src/imu_ros2/install/adi_imu/include/adi_imu/adi_imu/msg/detail/imu_diag_data_adis1657_x__type_support.hpp
[21.509s] -- Installing: /home/tudor/ROS_workspaces/adi_ros_dev/src/imu_ros2/install/adi_imu/include/adi_imu/adi_imu/msg/detail/imu_full_measured_data__struct.hpp
[21.509s] -- Installing: /home/tudor/ROS_workspaces/adi_ros_dev/src/imu_ros2/install/adi_imu/include/adi_imu/adi_imu/msg/detail/accel_gyro_temp_data__type_support.hpp
[21.509s] -- Installing: /home/tudor/ROS_workspaces/adi_ros_dev/src/imu_ros2/install/adi_imu/include/adi_imu/adi_imu/msg/detail/imu_identification_data__builder.hpp
[21.509s] -- Installing: /home/tudor/ROS_workspaces/adi_ros_dev/src/imu_ros2/install/adi_imu/include/adi_imu/adi_imu/msg/imu_full_measured_data.hpp
[21.509s] -- Installing: /home/tudor/ROS_workspaces/adi_ros_dev/src/imu_ros2/install/adi_imu/include/adi_imu/adi_imu/msg/vel_ang_temp_data.hpp
[21.509s] -- Installing: /home/tudor/ROS_workspaces/adi_ros_dev/src/imu_ros2/install/adi_imu/include/adi_imu/adi_imu/msg/imu_diag_data_adis1654_x.hpp
[21.509s] -- Up-to-date: /home/tudor/ROS_workspaces/adi_ros_dev/src/imu_ros2/install/adi_imu/include/adi_imu/adi_imu
[21.509s] -- Up-to-date: /home/tudor/ROS_workspaces/adi_ros_dev/src/imu_ros2/install/adi_imu/include/adi_imu/adi_imu/msg
[21.509s] -- Up-to-date: /home/tudor/ROS_workspaces/adi_ros_dev/src/imu_ros2/install/adi_imu/include/adi_imu/adi_imu/msg/detail
[21.509s] -- Installing: /home/tudor/ROS_workspaces/adi_ros_dev/src/imu_ros2/install/adi_imu/include/adi_imu/adi_imu/msg/detail/imu_diag_data_adis1657_x__rosidl_typesupport_fastrtps_cpp.hpp
[21.509s] -- Installing: /home/tudor/ROS_workspaces/adi_ros_dev/src/imu_ros2/install/adi_imu/include/adi_imu/adi_imu/msg/detail/imu_diag_data_adis1647_x__rosidl_typesupport_fastrtps_cpp.hpp
[21.509s] -- Installing: /home/tudor/ROS_workspaces/adi_ros_dev/src/imu_ros2/install/adi_imu/include/adi_imu/adi_imu/msg/detail/dds_fastrtps
[21.509s] -- Installing: /home/tudor/ROS_workspaces/adi_ros_dev/src/imu_ros2/install/adi_imu/include/adi_imu/adi_imu/msg/detail/imu_diag_data_adis1654_x__rosidl_typesupport_fastrtps_cpp.hpp
[21.509s] -- Installing: /home/tudor/ROS_workspaces/adi_ros_dev/src/imu_ros2/install/adi_imu/include/adi_imu/adi_imu/msg/detail/imu_full_measured_data__rosidl_typesupport_fastrtps_cpp.hpp
[21.509s] -- Installing: /home/tudor/ROS_workspaces/adi_ros_dev/src/imu_ros2/install/adi_imu/include/adi_imu/adi_imu/msg/detail/accel_gyro_temp_data__rosidl_typesupport_fastrtps_cpp.hpp
[21.509s] -- Installing: /home/tudor/ROS_workspaces/adi_ros_dev/src/imu_ros2/install/adi_imu/include/adi_imu/adi_imu/msg/detail/vel_ang_temp_data__rosidl_typesupport_fastrtps_cpp.hpp
[21.510s] -- Installing: /home/tudor/ROS_workspaces/adi_ros_dev/src/imu_ros2/install/adi_imu/include/adi_imu/adi_imu/msg/detail/imu_diag_data_adis1655_x__rosidl_typesupport_fastrtps_cpp.hpp
[21.510s] -- Installing: /home/tudor/ROS_workspaces/adi_ros_dev/src/imu_ros2/install/adi_imu/include/adi_imu/adi_imu/msg/detail/imu_diag_data_adis1646_x__rosidl_typesupport_fastrtps_cpp.hpp
[21.510s] -- Installing: /home/tudor/ROS_workspaces/adi_ros_dev/src/imu_ros2/install/adi_imu/include/adi_imu/adi_imu/msg/detail/imu_identification_data__rosidl_typesupport_fastrtps_cpp.hpp
[21.510s] -- Installing: /home/tudor/ROS_workspaces/adi_ros_dev/src/imu_ros2/install/adi_imu/include/adi_imu/adi_imu/msg/detail/imu_diag_data_adis1650_x__rosidl_typesupport_fastrtps_cpp.hpp
[21.510s] -- Installing: /home/tudor/ROS_workspaces/adi_ros_dev/src/imu_ros2/install/adi_imu/include/adi_imu/adi_imu/msg/rosidl_typesupport_fastrtps_cpp__visibility_control.h
[21.510s] -- Installing: /home/tudor/ROS_workspaces/adi_ros_dev/src/imu_ros2/install/adi_imu/lib/libadi_imu__rosidl_typesupport_fastrtps_cpp.so
[21.510s] -- Set runtime path of "/home/tudor/ROS_workspaces/adi_ros_dev/src/imu_ros2/install/adi_imu/lib/libadi_imu__rosidl_typesupport_fastrtps_cpp.so" to ""
[21.510s] -- Up-to-date: /home/tudor/ROS_workspaces/adi_ros_dev/src/imu_ros2/install/adi_imu/include/adi_imu/adi_imu
[21.510s] -- Up-to-date: /home/tudor/ROS_workspaces/adi_ros_dev/src/imu_ros2/install/adi_imu/include/adi_imu/adi_imu/msg
[21.510s] -- Installing: /home/tudor/ROS_workspaces/adi_ros_dev/src/imu_ros2/install/adi_imu/include/adi_imu/adi_imu/msg/rosidl_typesupport_introspection_c__visibility_control.h
[21.510s] -- Up-to-date: /home/tudor/ROS_workspaces/adi_ros_dev/src/imu_ros2/install/adi_imu/include/adi_imu/adi_imu/msg/detail
[21.510s] -- Installing: /home/tudor/ROS_workspaces/adi_ros_dev/src/imu_ros2/install/adi_imu/include/adi_imu/adi_imu/msg/detail/imu_diag_data_adis1657_x__type_support.c
[21.510s] -- Installing: /home/tudor/ROS_workspaces/adi_ros_dev/src/imu_ros2/install/adi_imu/include/adi_imu/adi_imu/msg/detail/imu_identification_data__type_support.c
[21.511s] -- Installing: /home/tudor/ROS_workspaces/adi_ros_dev/src/imu_ros2/install/adi_imu/include/adi_imu/adi_imu/msg/detail/imu_full_measured_data__rosidl_typesupport_introspection_c.h
[21.511s] -- Installing: /home/tudor/ROS_workspaces/adi_ros_dev/src/imu_ros2/install/adi_imu/include/adi_imu/adi_imu/msg/detail/imu_diag_data_adis1654_x__type_support.c
[21.511s] -- Installing: /home/tudor/ROS_workspaces/adi_ros_dev/src/imu_ros2/install/adi_imu/include/adi_imu/adi_imu/msg/detail/imu_diag_data_adis1647_x__rosidl_typesupport_introspection_c.h
[21.511s] -- Installing: /home/tudor/ROS_workspaces/adi_ros_dev/src/imu_ros2/install/adi_imu/include/adi_imu/adi_imu/msg/detail/imu_diag_data_adis1657_x__rosidl_typesupport_introspection_c.h
[21.511s] -- Installing: /home/tudor/ROS_workspaces/adi_ros_dev/src/imu_ros2/install/adi_imu/include/adi_imu/adi_imu/msg/detail/imu_diag_data_adis1654_x__rosidl_typesupport_introspection_c.h
[21.511s] -- Installing: /home/tudor/ROS_workspaces/adi_ros_dev/src/imu_ros2/install/adi_imu/include/adi_imu/adi_imu/msg/detail/imu_identification_data__rosidl_typesupport_introspection_c.h
[21.511s] -- Installing: /home/tudor/ROS_workspaces/adi_ros_dev/src/imu_ros2/install/adi_imu/include/adi_imu/adi_imu/msg/detail/imu_diag_data_adis1650_x__type_support.c
[21.511s] -- Installing: /home/tudor/ROS_workspaces/adi_ros_dev/src/imu_ros2/install/adi_imu/include/adi_imu/adi_imu/msg/detail/accel_gyro_temp_data__rosidl_typesupport_introspection_c.h
[21.511s] -- Installing: /home/tudor/ROS_workspaces/adi_ros_dev/src/imu_ros2/install/adi_imu/include/adi_imu/adi_imu/msg/detail/imu_diag_data_adis1646_x__rosidl_typesupport_introspection_c.h
[21.511s] -- Installing: /home/tudor/ROS_workspaces/adi_ros_dev/src/imu_ros2/install/adi_imu/include/adi_imu/adi_imu/msg/detail/accel_gyro_temp_data__type_support.c
[21.511s] -- Installing: /home/tudor/ROS_workspaces/adi_ros_dev/src/imu_ros2/install/adi_imu/include/adi_imu/adi_imu/msg/detail/imu_diag_data_adis1646_x__type_support.c
[21.511s] -- Installing: /home/tudor/ROS_workspaces/adi_ros_dev/src/imu_ros2/install/adi_imu/include/adi_imu/adi_imu/msg/detail/imu_diag_data_adis1655_x__type_support.c
[21.512s] -- Installing: /home/tudor/ROS_workspaces/adi_ros_dev/src/imu_ros2/install/adi_imu/include/adi_imu/adi_imu/msg/detail/imu_diag_data_adis1647_x__type_support.c
[21.512s] -- Installing: /home/tudor/ROS_workspaces/adi_ros_dev/src/imu_ros2/install/adi_imu/include/adi_imu/adi_imu/msg/detail/vel_ang_temp_data__rosidl_typesupport_introspection_c.h
[21.512s] -- Installing: /home/tudor/ROS_workspaces/adi_ros_dev/src/imu_ros2/install/adi_imu/include/adi_imu/adi_imu/msg/detail/imu_diag_data_adis1655_x__rosidl_typesupport_introspection_c.h
[21.512s] -- Installing: /home/tudor/ROS_workspaces/adi_ros_dev/src/imu_ros2/install/adi_imu/include/adi_imu/adi_imu/msg/detail/imu_diag_data_adis1650_x__rosidl_typesupport_introspection_c.h
[21.512s] -- Installing: /home/tudor/ROS_workspaces/adi_ros_dev/src/imu_ros2/install/adi_imu/include/adi_imu/adi_imu/msg/detail/vel_ang_temp_data__type_support.c
[21.512s] -- Installing: /home/tudor/ROS_workspaces/adi_ros_dev/src/imu_ros2/install/adi_imu/include/adi_imu/adi_imu/msg/detail/imu_full_measured_data__type_support.c
[21.512s] -- Installing: /home/tudor/ROS_workspaces/adi_ros_dev/src/imu_ros2/install/adi_imu/lib/libadi_imu__rosidl_typesupport_introspection_c.so
[21.512s] -- Set runtime path of "/home/tudor/ROS_workspaces/adi_ros_dev/src/imu_ros2/install/adi_imu/lib/libadi_imu__rosidl_typesupport_introspection_c.so" to ""
[21.512s] -- Installing: /home/tudor/ROS_workspaces/adi_ros_dev/src/imu_ros2/install/adi_imu/lib/libadi_imu__rosidl_typesupport_c.so
[21.512s] -- Set runtime path of "/home/tudor/ROS_workspaces/adi_ros_dev/src/imu_ros2/install/adi_imu/lib/libadi_imu__rosidl_typesupport_c.so" to ""
[21.512s] -- Up-to-date: /home/tudor/ROS_workspaces/adi_ros_dev/src/imu_ros2/install/adi_imu/include/adi_imu/adi_imu
[21.512s] -- Up-to-date: /home/tudor/ROS_workspaces/adi_ros_dev/src/imu_ros2/install/adi_imu/include/adi_imu/adi_imu/msg
[21.513s] -- Up-to-date: /home/tudor/ROS_workspaces/adi_ros_dev/src/imu_ros2/install/adi_imu/include/adi_imu/adi_imu/msg/detail
[21.513s] -- Installing: /home/tudor/ROS_workspaces/adi_ros_dev/src/imu_ros2/install/adi_imu/include/adi_imu/adi_imu/msg/detail/imu_identification_data__rosidl_typesupport_introspection_cpp.hpp
[21.513s] -- Installing: /home/tudor/ROS_workspaces/adi_ros_dev/src/imu_ros2/install/adi_imu/include/adi_imu/adi_imu/msg/detail/imu_diag_data_adis1657_x__rosidl_typesupport_introspection_cpp.hpp
[21.513s] -- Installing: /home/tudor/ROS_workspaces/adi_ros_dev/src/imu_ros2/install/adi_imu/include/adi_imu/adi_imu/msg/detail/vel_ang_temp_data__type_support.cpp
[21.513s] -- Installing: /home/tudor/ROS_workspaces/adi_ros_dev/src/imu_ros2/install/adi_imu/include/adi_imu/adi_imu/msg/detail/imu_full_measured_data__rosidl_typesupport_introspection_cpp.hpp
[21.513s] -- Installing: /home/tudor/ROS_workspaces/adi_ros_dev/src/imu_ros2/install/adi_imu/include/adi_imu/adi_imu/msg/detail/imu_diag_data_adis1650_x__rosidl_typesupport_introspection_cpp.hpp
[21.513s] -- Installing: /home/tudor/ROS_workspaces/adi_ros_dev/src/imu_ros2/install/adi_imu/include/adi_imu/adi_imu/msg/detail/imu_diag_data_adis1655_x__type_support.cpp
[21.513s] -- Installing: /home/tudor/ROS_workspaces/adi_ros_dev/src/imu_ros2/install/adi_imu/include/adi_imu/adi_imu/msg/detail/imu_diag_data_adis1647_x__type_support.cpp
[21.513s] -- Installing: /home/tudor/ROS_workspaces/adi_ros_dev/src/imu_ros2/install/adi_imu/include/adi_imu/adi_imu/msg/detail/accel_gyro_temp_data__type_support.cpp
[21.513s] -- Installing: /home/tudor/ROS_workspaces/adi_ros_dev/src/imu_ros2/install/adi_imu/include/adi_imu/adi_imu/msg/detail/imu_diag_data_adis1646_x__rosidl_typesupport_introspection_cpp.hpp
[21.513s] -- Installing: /home/tudor/ROS_workspaces/adi_ros_dev/src/imu_ros2/install/adi_imu/include/adi_imu/adi_imu/msg/detail/vel_ang_temp_data__rosidl_typesupport_introspection_cpp.hpp
[21.513s] -- Installing: /home/tudor/ROS_workspaces/adi_ros_dev/src/imu_ros2/install/adi_imu/include/adi_imu/adi_imu/msg/detail/imu_diag_data_adis1650_x__type_support.cpp
[21.514s] -- Installing: /home/tudor/ROS_workspaces/adi_ros_dev/src/imu_ros2/install/adi_imu/include/adi_imu/adi_imu/msg/detail/imu_diag_data_adis1646_x__type_support.cpp
[21.514s] -- Installing: /home/tudor/ROS_workspaces/adi_ros_dev/src/imu_ros2/install/adi_imu/include/adi_imu/adi_imu/msg/detail/imu_identification_data__type_support.cpp
[21.514s] -- Installing: /home/tudor/ROS_workspaces/adi_ros_dev/src/imu_ros2/install/adi_imu/include/adi_imu/adi_imu/msg/detail/imu_diag_data_adis1647_x__rosidl_typesupport_introspection_cpp.hpp
[21.514s] -- Installing: /home/tudor/ROS_workspaces/adi_ros_dev/src/imu_ros2/install/adi_imu/include/adi_imu/adi_imu/msg/detail/imu_diag_data_adis1657_x__type_support.cpp
[21.514s] -- Installing: /home/tudor/ROS_workspaces/adi_ros_dev/src/imu_ros2/install/adi_imu/include/adi_imu/adi_imu/msg/detail/imu_diag_data_adis1654_x__type_support.cpp
[21.514s] -- Installing: /home/tudor/ROS_workspaces/adi_ros_dev/src/imu_ros2/install/adi_imu/include/adi_imu/adi_imu/msg/detail/accel_gyro_temp_data__rosidl_typesupport_introspection_cpp.hpp
[21.514s] -- Installing: /home/tudor/ROS_workspaces/adi_ros_dev/src/imu_ros2/install/adi_imu/include/adi_imu/adi_imu/msg/detail/imu_diag_data_adis1654_x__rosidl_typesupport_introspection_cpp.hpp
[21.514s] -- Installing: /home/tudor/ROS_workspaces/adi_ros_dev/src/imu_ros2/install/adi_imu/include/adi_imu/adi_imu/msg/detail/imu_diag_data_adis1655_x__rosidl_typesupport_introspection_cpp.hpp
[21.514s] -- Installing: /home/tudor/ROS_workspaces/adi_ros_dev/src/imu_ros2/install/adi_imu/include/adi_imu/adi_imu/msg/detail/imu_full_measured_data__type_support.cpp
[21.514s] -- Installing: /home/tudor/ROS_workspaces/adi_ros_dev/src/imu_ros2/install/adi_imu/lib/libadi_imu__rosidl_typesupport_introspection_cpp.so
[21.514s] -- Set runtime path of "/home/tudor/ROS_workspaces/adi_ros_dev/src/imu_ros2/install/adi_imu/lib/libadi_imu__rosidl_typesupport_introspection_cpp.so" to ""
[21.514s] -- Installing: /home/tudor/ROS_workspaces/adi_ros_dev/src/imu_ros2/install/adi_imu/lib/libadi_imu__rosidl_typesupport_cpp.so
[21.514s] -- Set runtime path of "/home/tudor/ROS_workspaces/adi_ros_dev/src/imu_ros2/install/adi_imu/lib/libadi_imu__rosidl_typesupport_cpp.so" to ""
[21.514s] -- Installing: /home/tudor/ROS_workspaces/adi_ros_dev/src/imu_ros2/install/adi_imu/share/adi_imu/environment/pythonpath.sh
[21.514s] -- Installing: /home/tudor/ROS_workspaces/adi_ros_dev/src/imu_ros2/install/adi_imu/share/adi_imu/environment/pythonpath.dsv
[21.514s] -- Installing: /home/tudor/ROS_workspaces/adi_ros_dev/src/imu_ros2/install/adi_imu/local/lib/python3.10/dist-packages/adi_imu-1.0.0-py3.10.egg-info
[21.514s] -- Installing: /home/tudor/ROS_workspaces/adi_ros_dev/src/imu_ros2/install/adi_imu/local/lib/python3.10/dist-packages/adi_imu-1.0.0-py3.10.egg-info/SOURCES.txt
[21.515s] -- Installing: /home/tudor/ROS_workspaces/adi_ros_dev/src/imu_ros2/install/adi_imu/local/lib/python3.10/dist-packages/adi_imu-1.0.0-py3.10.egg-info/top_level.txt
[21.515s] -- Installing: /home/tudor/ROS_workspaces/adi_ros_dev/src/imu_ros2/install/adi_imu/local/lib/python3.10/dist-packages/adi_imu-1.0.0-py3.10.egg-info/dependency_links.txt
[21.515s] -- Installing: /home/tudor/ROS_workspaces/adi_ros_dev/src/imu_ros2/install/adi_imu/local/lib/python3.10/dist-packages/adi_imu-1.0.0-py3.10.egg-info/PKG-INFO
[21.515s] -- Installing: /home/tudor/ROS_workspaces/adi_ros_dev/src/imu_ros2/install/adi_imu/local/lib/python3.10/dist-packages/adi_imu
[21.515s] -- Installing: /home/tudor/ROS_workspaces/adi_ros_dev/src/imu_ros2/install/adi_imu/local/lib/python3.10/dist-packages/adi_imu/_adi_imu_s.ep.rosidl_typesupport_fastrtps_c.c
[21.515s] -- Installing: /home/tudor/ROS_workspaces/adi_ros_dev/src/imu_ros2/install/adi_imu/local/lib/python3.10/dist-packages/adi_imu/libadi_imu__rosidl_generator_py.so
[21.515s] -- Installing: /home/tudor/ROS_workspaces/adi_ros_dev/src/imu_ros2/install/adi_imu/local/lib/python3.10/dist-packages/adi_imu/adi_imu_s__rosidl_typesupport_introspection_c.cpython-310-x86_64-linux-gnu.so
[21.515s] -- Installing: /home/tudor/ROS_workspaces/adi_ros_dev/src/imu_ros2/install/adi_imu/local/lib/python3.10/dist-packages/adi_imu/_adi_imu_s.ep.rosidl_typesupport_introspection_c.c
[21.515s] -- Installing: /home/tudor/ROS_workspaces/adi_ros_dev/src/imu_ros2/install/adi_imu/local/lib/python3.10/dist-packages/adi_imu/msg
[21.516s] -- Installing: /home/tudor/ROS_workspaces/adi_ros_dev/src/imu_ros2/install/adi_imu/local/lib/python3.10/dist-packages/adi_imu/msg/_vel_ang_temp_data.py
[21.516s] -- Installing: /home/tudor/ROS_workspaces/adi_ros_dev/src/imu_ros2/install/adi_imu/local/lib/python3.10/dist-packages/adi_imu/msg/_imu_identification_data_s.c
[21.516s] -- Installing: /home/tudor/ROS_workspaces/adi_ros_dev/src/imu_ros2/install/adi_imu/local/lib/python3.10/dist-packages/adi_imu/msg/_imu_full_measured_data.py
[21.516s] -- Installing: /home/tudor/ROS_workspaces/adi_ros_dev/src/imu_ros2/install/adi_imu/local/lib/python3.10/dist-packages/adi_imu/msg/_imu_identification_data.py
[21.516s] -- Installing: /home/tudor/ROS_workspaces/adi_ros_dev/src/imu_ros2/install/adi_imu/local/lib/python3.10/dist-packages/adi_imu/msg/_imu_diag_data_adis1657_x.py
[21.517s] -- Installing: /home/tudor/ROS_workspaces/adi_ros_dev/src/imu_ros2/install/adi_imu/local/lib/python3.10/dist-packages/adi_imu/msg/_accel_gyro_temp_data.py
[21.517s] -- Installing: /home/tudor/ROS_workspaces/adi_ros_dev/src/imu_ros2/install/adi_imu/local/lib/python3.10/dist-packages/adi_imu/msg/_imu_diag_data_adis1655_x.py
[21.517s] -- Installing: /home/tudor/ROS_workspaces/adi_ros_dev/src/imu_ros2/install/adi_imu/local/lib/python3.10/dist-packages/adi_imu/msg/_imu_diag_data_adis1657_x_s.c
[21.517s] -- Installing: /home/tudor/ROS_workspaces/adi_ros_dev/src/imu_ros2/install/adi_imu/local/lib/python3.10/dist-packages/adi_imu/msg/__init__.py
[21.517s] -- Installing: /home/tudor/ROS_workspaces/adi_ros_dev/src/imu_ros2/install/adi_imu/local/lib/python3.10/dist-packages/adi_imu/msg/_imu_diag_data_adis1647_x.py
[21.517s] -- Installing: /home/tudor/ROS_workspaces/adi_ros_dev/src/imu_ros2/install/adi_imu/local/lib/python3.10/dist-packages/adi_imu/msg/_imu_diag_data_adis1646_x_s.c
[21.517s] -- Installing: /home/tudor/ROS_workspaces/adi_ros_dev/src/imu_ros2/install/adi_imu/local/lib/python3.10/dist-packages/adi_imu/msg/_imu_diag_data_adis1650_x.py
[21.517s] -- Installing: /home/tudor/ROS_workspaces/adi_ros_dev/src/imu_ros2/install/adi_imu/local/lib/python3.10/dist-packages/adi_imu/msg/_imu_full_measured_data_s.c
[21.517s] -- Installing: /home/tudor/ROS_workspaces/adi_ros_dev/src/imu_ros2/install/adi_imu/local/lib/python3.10/dist-packages/adi_imu/msg/_imu_diag_data_adis1655_x_s.c
[21.517s] -- Installing: /home/tudor/ROS_workspaces/adi_ros_dev/src/imu_ros2/install/adi_imu/local/lib/python3.10/dist-packages/adi_imu/msg/_imu_diag_data_adis1654_x.py
[21.517s] -- Installing: /home/tudor/ROS_workspaces/adi_ros_dev/src/imu_ros2/install/adi_imu/local/lib/python3.10/dist-packages/adi_imu/msg/_imu_diag_data_adis1654_x_s.c
[21.518s] -- Installing: /home/tudor/ROS_workspaces/adi_ros_dev/src/imu_ros2/install/adi_imu/local/lib/python3.10/dist-packages/adi_imu/msg/_imu_diag_data_adis1646_x.py
[21.518s] -- Installing: /home/tudor/ROS_workspaces/adi_ros_dev/src/imu_ros2/install/adi_imu/local/lib/python3.10/dist-packages/adi_imu/msg/_accel_gyro_temp_data_s.c
[21.518s] -- Installing: /home/tudor/ROS_workspaces/adi_ros_dev/src/imu_ros2/install/adi_imu/local/lib/python3.10/dist-packages/adi_imu/msg/_imu_diag_data_adis1650_x_s.c
[21.518s] -- Installing: /home/tudor/ROS_workspaces/adi_ros_dev/src/imu_ros2/install/adi_imu/local/lib/python3.10/dist-packages/adi_imu/msg/_vel_ang_temp_data_s.c
[21.518s] -- Installing: /home/tudor/ROS_workspaces/adi_ros_dev/src/imu_ros2/install/adi_imu/local/lib/python3.10/dist-packages/adi_imu/msg/_imu_diag_data_adis1647_x_s.c
[21.518s] -- Installing: /home/tudor/ROS_workspaces/adi_ros_dev/src/imu_ros2/install/adi_imu/local/lib/python3.10/dist-packages/adi_imu/_adi_imu_s.ep.rosidl_typesupport_c.c
[21.518s] -- Installing: /home/tudor/ROS_workspaces/adi_ros_dev/src/imu_ros2/install/adi_imu/local/lib/python3.10/dist-packages/adi_imu/__init__.py
[21.518s] -- Installing: /home/tudor/ROS_workspaces/adi_ros_dev/src/imu_ros2/install/adi_imu/local/lib/python3.10/dist-packages/adi_imu/adi_imu_s__rosidl_typesupport_c.cpython-310-x86_64-linux-gnu.so
[21.518s] -- Installing: /home/tudor/ROS_workspaces/adi_ros_dev/src/imu_ros2/install/adi_imu/local/lib/python3.10/dist-packages/adi_imu/adi_imu_s__rosidl_typesupport_fastrtps_c.cpython-310-x86_64-linux-gnu.so
[21.550s] Listing '/home/tudor/ROS_workspaces/adi_ros_dev/src/imu_ros2/install/adi_imu/local/lib/python3.10/dist-packages/adi_imu'...
[21.550s] Compiling '/home/tudor/ROS_workspaces/adi_ros_dev/src/imu_ros2/install/adi_imu/local/lib/python3.10/dist-packages/adi_imu/__init__.py'...
[21.550s] Listing '/home/tudor/ROS_workspaces/adi_ros_dev/src/imu_ros2/install/adi_imu/local/lib/python3.10/dist-packages/adi_imu/msg'...
[21.550s] Compiling '/home/tudor/ROS_workspaces/adi_ros_dev/src/imu_ros2/install/adi_imu/local/lib/python3.10/dist-packages/adi_imu/msg/__init__.py'...
[21.550s] Compiling '/home/tudor/ROS_workspaces/adi_ros_dev/src/imu_ros2/install/adi_imu/local/lib/python3.10/dist-packages/adi_imu/msg/_accel_gyro_temp_data.py'...
[21.550s] Compiling '/home/tudor/ROS_workspaces/adi_ros_dev/src/imu_ros2/install/adi_imu/local/lib/python3.10/dist-packages/adi_imu/msg/_imu_diag_data_adis1646_x.py'...
[21.550s] Compiling '/home/tudor/ROS_workspaces/adi_ros_dev/src/imu_ros2/install/adi_imu/local/lib/python3.10/dist-packages/adi_imu/msg/_imu_diag_data_adis1647_x.py'...
[21.550s] Compiling '/home/tudor/ROS_workspaces/adi_ros_dev/src/imu_ros2/install/adi_imu/local/lib/python3.10/dist-packages/adi_imu/msg/_imu_diag_data_adis1650_x.py'...
[21.550s] Compiling '/home/tudor/ROS_workspaces/adi_ros_dev/src/imu_ros2/install/adi_imu/local/lib/python3.10/dist-packages/adi_imu/msg/_imu_diag_data_adis1654_x.py'...
[21.550s] Compiling '/home/tudor/ROS_workspaces/adi_ros_dev/src/imu_ros2/install/adi_imu/local/lib/python3.10/dist-packages/adi_imu/msg/_imu_diag_data_adis1655_x.py'...
[21.550s] Compiling '/home/tudor/ROS_workspaces/adi_ros_dev/src/imu_ros2/install/adi_imu/local/lib/python3.10/dist-packages/adi_imu/msg/_imu_diag_data_adis1657_x.py'...
[21.550s] Compiling '/home/tudor/ROS_workspaces/adi_ros_dev/src/imu_ros2/install/adi_imu/local/lib/python3.10/dist-packages/adi_imu/msg/_imu_full_measured_data.py'...
[21.550s] Compiling '/home/tudor/ROS_workspaces/adi_ros_dev/src/imu_ros2/install/adi_imu/local/lib/python3.10/dist-packages/adi_imu/msg/_imu_identification_data.py'...
[21.550s] Compiling '/home/tudor/ROS_workspaces/adi_ros_dev/src/imu_ros2/install/adi_imu/local/lib/python3.10/dist-packages/adi_imu/msg/_vel_ang_temp_data.py'...
[21.553s] -- Installing: /home/tudor/ROS_workspaces/adi_ros_dev/src/imu_ros2/install/adi_imu/local/lib/python3.10/dist-packages/adi_imu/adi_imu_s__rosidl_typesupport_fastrtps_c.cpython-310-x86_64-linux-gnu.so
[21.554s] -- Set runtime path of "/home/tudor/ROS_workspaces/adi_ros_dev/src/imu_ros2/install/adi_imu/local/lib/python3.10/dist-packages/adi_imu/adi_imu_s__rosidl_typesupport_fastrtps_c.cpython-310-x86_64-linux-gnu.so" to ""
[21.554s] -- Installing: /home/tudor/ROS_workspaces/adi_ros_dev/src/imu_ros2/install/adi_imu/local/lib/python3.10/dist-packages/adi_imu/adi_imu_s__rosidl_typesupport_introspection_c.cpython-310-x86_64-linux-gnu.so
[21.555s] -- Set runtime path of "/home/tudor/ROS_workspaces/adi_ros_dev/src/imu_ros2/install/adi_imu/local/lib/python3.10/dist-packages/adi_imu/adi_imu_s__rosidl_typesupport_introspection_c.cpython-310-x86_64-linux-gnu.so" to ""
[21.555s] -- Installing: /home/tudor/ROS_workspaces/adi_ros_dev/src/imu_ros2/install/adi_imu/local/lib/python3.10/dist-packages/adi_imu/adi_imu_s__rosidl_typesupport_c.cpython-310-x86_64-linux-gnu.so
[21.555s] -- Set runtime path of "/home/tudor/ROS_workspaces/adi_ros_dev/src/imu_ros2/install/adi_imu/local/lib/python3.10/dist-packages/adi_imu/adi_imu_s__rosidl_typesupport_c.cpython-310-x86_64-linux-gnu.so" to ""
[21.556s] -- Installing: /home/tudor/ROS_workspaces/adi_ros_dev/src/imu_ros2/install/adi_imu/lib/libadi_imu__rosidl_generator_py.so
[21.556s] -- Set runtime path of "/home/tudor/ROS_workspaces/adi_ros_dev/src/imu_ros2/install/adi_imu/lib/libadi_imu__rosidl_generator_py.so" to ""
[21.556s] -- Installing: /home/tudor/ROS_workspaces/adi_ros_dev/src/imu_ros2/install/adi_imu/share/adi_imu/msg/AccelGyroTempData.idl
[21.557s] -- Installing: /home/tudor/ROS_workspaces/adi_ros_dev/src/imu_ros2/install/adi_imu/share/adi_imu/msg/ImuDiagDataADIS1646X.idl
[21.557s] -- Installing: /home/tudor/ROS_workspaces/adi_ros_dev/src/imu_ros2/install/adi_imu/share/adi_imu/msg/ImuDiagDataADIS1647X.idl
[21.557s] -- Installing: /home/tudor/ROS_workspaces/adi_ros_dev/src/imu_ros2/install/adi_imu/share/adi_imu/msg/ImuDiagDataADIS1650X.idl
[21.558s] -- Installing: /home/tudor/ROS_workspaces/adi_ros_dev/src/imu_ros2/install/adi_imu/share/adi_imu/msg/ImuDiagDataADIS1654X.idl
[21.558s] -- Installing: /home/tudor/ROS_workspaces/adi_ros_dev/src/imu_ros2/install/adi_imu/share/adi_imu/msg/ImuDiagDataADIS1655X.idl
[21.558s] -- Installing: /home/tudor/ROS_workspaces/adi_ros_dev/src/imu_ros2/install/adi_imu/share/adi_imu/msg/ImuDiagDataADIS1657X.idl
[21.558s] -- Installing: /home/tudor/ROS_workspaces/adi_ros_dev/src/imu_ros2/install/adi_imu/share/adi_imu/msg/ImuFullMeasuredData.idl
[21.558s] -- Installing: /home/tudor/ROS_workspaces/adi_ros_dev/src/imu_ros2/install/adi_imu/share/adi_imu/msg/ImuIdentificationData.idl
[21.559s] -- Installing: /home/tudor/ROS_workspaces/adi_ros_dev/src/imu_ros2/install/adi_imu/share/adi_imu/msg/VelAngTempData.idl
[21.559s] -- Installing: /home/tudor/ROS_workspaces/adi_ros_dev/src/imu_ros2/install/adi_imu/share/adi_imu/msg/AccelGyroTempData.msg
[21.560s] -- Installing: /home/tudor/ROS_workspaces/adi_ros_dev/src/imu_ros2/install/adi_imu/share/adi_imu/msg/ImuDiagDataADIS1646X.msg
[21.561s] -- Installing: /home/tudor/ROS_workspaces/adi_ros_dev/src/imu_ros2/install/adi_imu/share/adi_imu/msg/ImuDiagDataADIS1647X.msg
[21.561s] -- Installing: /home/tudor/ROS_workspaces/adi_ros_dev/src/imu_ros2/install/adi_imu/share/adi_imu/msg/ImuDiagDataADIS1650X.msg
[21.561s] -- Installing: /home/tudor/ROS_workspaces/adi_ros_dev/src/imu_ros2/install/adi_imu/share/adi_imu/msg/ImuDiagDataADIS1654X.msg
[21.561s] -- Installing: /home/tudor/ROS_workspaces/adi_ros_dev/src/imu_ros2/install/adi_imu/share/adi_imu/msg/ImuDiagDataADIS1655X.msg
[21.561s] -- Installing: /home/tudor/ROS_workspaces/adi_ros_dev/src/imu_ros2/install/adi_imu/share/adi_imu/msg/ImuDiagDataADIS1657X.msg
[21.561s] -- Installing: /home/tudor/ROS_workspaces/adi_ros_dev/src/imu_ros2/install/adi_imu/share/adi_imu/msg/ImuFullMeasuredData.msg
[21.561s] -- Installing: /home/tudor/ROS_workspaces/adi_ros_dev/src/imu_ros2/install/adi_imu/share/adi_imu/msg/ImuIdentificationData.msg
[21.561s] -- Installing: /home/tudor/ROS_workspaces/adi_ros_dev/src/imu_ros2/install/adi_imu/share/adi_imu/msg/VelAngTempData.msg
[21.561s] -- Installing: /home/tudor/ROS_workspaces/adi_ros_dev/src/imu_ros2/install/adi_imu/share/adi_imu/rviz
[21.561s] -- Installing: /home/tudor/ROS_workspaces/adi_ros_dev/src/imu_ros2/install/adi_imu/share/adi_imu/rviz/imu_with_madgwick_filter_rviz.rviz
[21.562s] -- Installing: /home/tudor/ROS_workspaces/adi_ros_dev/src/imu_ros2/install/adi_imu/share/adi_imu/rviz/imu_tof_fusion.rviz
[21.562s] -- Installing: /home/tudor/ROS_workspaces/adi_ros_dev/src/imu_ros2/install/adi_imu/share/adi_imu/launch
[21.563s] -- Installing: /home/tudor/ROS_workspaces/adi_ros_dev/src/imu_ros2/install/adi_imu/share/adi_imu/launch/imu_and_covariance.launch.py
[21.563s] -- Installing: /home/tudor/ROS_workspaces/adi_ros_dev/src/imu_ros2/install/adi_imu/share/adi_imu/launch/imu_tof_fusion.launch.py
[21.563s] -- Installing: /home/tudor/ROS_workspaces/adi_ros_dev/src/imu_ros2/install/adi_imu/share/adi_imu/launch/imu_with_madgwick_filter_rviz.launch.py
[21.563s] -- Installing: /home/tudor/ROS_workspaces/adi_ros_dev/src/imu_ros2/install/adi_imu/share/adi_imu/config
[21.563s] -- Installing: /home/tudor/ROS_workspaces/adi_ros_dev/src/imu_ros2/install/adi_imu/share/adi_imu/config/imu_covariance_config.yaml
[21.563s] -- Installing: /home/tudor/ROS_workspaces/adi_ros_dev/src/imu_ros2/install/adi_imu/share/adi_imu/config/adis1657x
[21.563s] -- Installing: /home/tudor/ROS_workspaces/adi_ros_dev/src/imu_ros2/install/adi_imu/share/adi_imu/config/adis1657x/imu_config.yaml
[21.563s] -- Installing: /home/tudor/ROS_workspaces/adi_ros_dev/src/imu_ros2/install/adi_imu/share/adi_imu/config/adis1654x
[21.564s] -- Installing: /home/tudor/ROS_workspaces/adi_ros_dev/src/imu_ros2/install/adi_imu/share/adi_imu/config/adis1654x/imu_config.yaml
[21.564s] -- Installing: /home/tudor/ROS_workspaces/adi_ros_dev/src/imu_ros2/install/adi_imu/share/adi_imu/config/adis1655x
[21.564s] -- Installing: /home/tudor/ROS_workspaces/adi_ros_dev/src/imu_ros2/install/adi_imu/share/adi_imu/config/adis1655x/imu_config.yaml
[21.565s] -- Installing: /home/tudor/ROS_workspaces/adi_ros_dev/src/imu_ros2/install/adi_imu/share/adi_imu/config/adis1647x
[21.565s] -- Installing: /home/tudor/ROS_workspaces/adi_ros_dev/src/imu_ros2/install/adi_imu/share/adi_imu/config/adis1647x/imu_config.yaml
[21.565s] -- Installing: /home/tudor/ROS_workspaces/adi_ros_dev/src/imu_ros2/install/adi_imu/share/adi_imu/config/adis1650x
[21.565s] -- Installing: /home/tudor/ROS_workspaces/adi_ros_dev/src/imu_ros2/install/adi_imu/share/adi_imu/config/adis1650x/imu_config.yaml
[21.566s] -- Installing: /home/tudor/ROS_workspaces/adi_ros_dev/src/imu_ros2/install/adi_imu/share/adi_imu/config/adis1646x
[21.566s] -- Installing: /home/tudor/ROS_workspaces/adi_ros_dev/src/imu_ros2/install/adi_imu/share/adi_imu/config/adis1646x/imu_config.yaml
[21.567s] -- Installing: /home/tudor/ROS_workspaces/adi_ros_dev/src/imu_ros2/install/adi_imu/share/ament_index/resource_index/package_run_dependencies/adi_imu
[21.567s] -- Installing: /home/tudor/ROS_workspaces/adi_ros_dev/src/imu_ros2/install/adi_imu/share/ament_index/resource_index/parent_prefix_path/adi_imu
[21.567s] -- Installing: /home/tudor/ROS_workspaces/adi_ros_dev/src/imu_ros2/install/adi_imu/share/adi_imu/environment/ament_prefix_path.sh
[21.567s] -- Installing: /home/tudor/ROS_workspaces/adi_ros_dev/src/imu_ros2/install/adi_imu/share/adi_imu/environment/ament_prefix_path.dsv
[21.567s] -- Installing: /home/tudor/ROS_workspaces/adi_ros_dev/src/imu_ros2/install/adi_imu/share/adi_imu/environment/path.sh
[21.568s] -- Installing: /home/tudor/ROS_workspaces/adi_ros_dev/src/imu_ros2/install/adi_imu/share/adi_imu/environment/path.dsv
[21.568s] -- Installing: /home/tudor/ROS_workspaces/adi_ros_dev/src/imu_ros2/install/adi_imu/share/adi_imu/local_setup.bash
[21.568s] -- Installing: /home/tudor/ROS_workspaces/adi_ros_dev/src/imu_ros2/install/adi_imu/share/adi_imu/local_setup.sh
[21.568s] -- Installing: /home/tudor/ROS_workspaces/adi_ros_dev/src/imu_ros2/install/adi_imu/share/adi_imu/local_setup.zsh
[21.568s] -- Installing: /home/tudor/ROS_workspaces/adi_ros_dev/src/imu_ros2/install/adi_imu/share/adi_imu/local_setup.dsv
[21.568s] -- Installing: /home/tudor/ROS_workspaces/adi_ros_dev/src/imu_ros2/install/adi_imu/share/adi_imu/package.dsv
[21.568s] -- Installing: /home/tudor/ROS_workspaces/adi_ros_dev/src/imu_ros2/install/adi_imu/share/ament_index/resource_index/packages/adi_imu
[21.568s] -- Installing: /home/tudor/ROS_workspaces/adi_ros_dev/src/imu_ros2/install/adi_imu/share/adi_imu/cmake/export_adi_imu__rosidl_generator_cExport.cmake
[21.569s] -- Installing: /home/tudor/ROS_workspaces/adi_ros_dev/src/imu_ros2/install/adi_imu/share/adi_imu/cmake/export_adi_imu__rosidl_generator_cExport-noconfig.cmake
[21.569s] -- Installing: /home/tudor/ROS_workspaces/adi_ros_dev/src/imu_ros2/install/adi_imu/share/adi_imu/cmake/export_adi_imu__rosidl_typesupport_fastrtps_cExport.cmake
[21.569s] -- Installing: /home/tudor/ROS_workspaces/adi_ros_dev/src/imu_ros2/install/adi_imu/share/adi_imu/cmake/export_adi_imu__rosidl_typesupport_fastrtps_cExport-noconfig.cmake
[21.569s] -- Installing: /home/tudor/ROS_workspaces/adi_ros_dev/src/imu_ros2/install/adi_imu/share/adi_imu/cmake/export_adi_imu__rosidl_generator_cppExport.cmake
[21.569s] -- Installing: /home/tudor/ROS_workspaces/adi_ros_dev/src/imu_ros2/install/adi_imu/share/adi_imu/cmake/export_adi_imu__rosidl_typesupport_fastrtps_cppExport.cmake
[21.569s] -- Installing: /home/tudor/ROS_workspaces/adi_ros_dev/src/imu_ros2/install/adi_imu/share/adi_imu/cmake/export_adi_imu__rosidl_typesupport_fastrtps_cppExport-noconfig.cmake
[21.569s] -- Installing: /home/tudor/ROS_workspaces/adi_ros_dev/src/imu_ros2/install/adi_imu/share/adi_imu/cmake/adi_imu__rosidl_typesupport_introspection_cExport.cmake
[21.569s] -- Installing: /home/tudor/ROS_workspaces/adi_ros_dev/src/imu_ros2/install/adi_imu/share/adi_imu/cmake/adi_imu__rosidl_typesupport_introspection_cExport-noconfig.cmake
[21.569s] -- Installing: /home/tudor/ROS_workspaces/adi_ros_dev/src/imu_ros2/install/adi_imu/share/adi_imu/cmake/adi_imu__rosidl_typesupport_cExport.cmake
[21.569s] -- Installing: /home/tudor/ROS_workspaces/adi_ros_dev/src/imu_ros2/install/adi_imu/share/adi_imu/cmake/adi_imu__rosidl_typesupport_cExport-noconfig.cmake
[21.569s] -- Installing: /home/tudor/ROS_workspaces/adi_ros_dev/src/imu_ros2/install/adi_imu/share/adi_imu/cmake/adi_imu__rosidl_typesupport_introspection_cppExport.cmake
[21.569s] -- Installing: /home/tudor/ROS_workspaces/adi_ros_dev/src/imu_ros2/install/adi_imu/share/adi_imu/cmake/adi_imu__rosidl_typesupport_introspection_cppExport-noconfig.cmake
[21.570s] -- Installing: /home/tudor/ROS_workspaces/adi_ros_dev/src/imu_ros2/install/adi_imu/share/adi_imu/cmake/adi_imu__rosidl_typesupport_cppExport.cmake
[21.570s] -- Installing: /home/tudor/ROS_workspaces/adi_ros_dev/src/imu_ros2/install/adi_imu/share/adi_imu/cmake/adi_imu__rosidl_typesupport_cppExport-noconfig.cmake
[21.570s] -- Installing: /home/tudor/ROS_workspaces/adi_ros_dev/src/imu_ros2/install/adi_imu/share/adi_imu/cmake/export_adi_imu__rosidl_generator_pyExport.cmake
[21.571s] -- Installing: /home/tudor/ROS_workspaces/adi_ros_dev/src/imu_ros2/install/adi_imu/share/adi_imu/cmake/export_adi_imu__rosidl_generator_pyExport-noconfig.cmake
[21.571s] -- Installing: /home/tudor/ROS_workspaces/adi_ros_dev/src/imu_ros2/install/adi_imu/share/adi_imu/cmake/rosidl_cmake-extras.cmake
[21.571s] -- Installing: /home/tudor/ROS_workspaces/adi_ros_dev/src/imu_ros2/install/adi_imu/share/adi_imu/cmake/ament_cmake_export_dependencies-extras.cmake
[21.571s] -- Installing: /home/tudor/ROS_workspaces/adi_ros_dev/src/imu_ros2/install/adi_imu/share/adi_imu/cmake/ament_cmake_export_include_directories-extras.cmake
[21.571s] -- Installing: /home/tudor/ROS_workspaces/adi_ros_dev/src/imu_ros2/install/adi_imu/share/adi_imu/cmake/ament_cmake_export_libraries-extras.cmake
[21.571s] -- Installing: /home/tudor/ROS_workspaces/adi_ros_dev/src/imu_ros2/install/adi_imu/share/adi_imu/cmake/ament_cmake_export_targets-extras.cmake
[21.571s] -- Installing: /home/tudor/ROS_workspaces/adi_ros_dev/src/imu_ros2/install/adi_imu/share/adi_imu/cmake/rosidl_cmake_export_typesupport_targets-extras.cmake
[21.571s] -- Installing: /home/tudor/ROS_workspaces/adi_ros_dev/src/imu_ros2/install/adi_imu/share/adi_imu/cmake/rosidl_cmake_export_typesupport_libraries-extras.cmake
[21.571s] -- Installing: /home/tudor/ROS_workspaces/adi_ros_dev/src/imu_ros2/install/adi_imu/share/adi_imu/cmake/adi_imuConfig.cmake
[21.572s] -- Installing: /home/tudor/ROS_workspaces/adi_ros_dev/src/imu_ros2/install/adi_imu/share/adi_imu/cmake/adi_imuConfig-version.cmake
[21.573s] -- Installing: /home/tudor/ROS_workspaces/adi_ros_dev/src/imu_ros2/install/adi_imu/share/adi_imu/package.xml
[21.575s] Invoked command in '/home/tudor/ROS_workspaces/adi_ros_dev/src/imu_ros2/build/adi_imu' returned '0': CMAKE_PREFIX_PATH=/opt/ros/humble /usr/bin/cmake --install /home/tudor/ROS_workspaces/adi_ros_dev/src/imu_ros2/build/adi_imu
